[04:59:55] run_dir=G:\zhanghe\Letter journal\EXPERIMENTSRESULT\REVISION_5090\PHYS\P1_vel\seed31415
[04:59:55] device=cuda
[04:59:55] backbone=vit_large_patch16_dinov3.lvd1689m
[04:59:55] env: manifest_dir=G:\zhanghe\Letter journal\tasks\known_people_unknown_freq\manifest dataset_root=G:\zhanghe\Letter journal use_dann=False selection=source_val_acc_ema adapter_mode=lora
[04:59:55] set_seed(31415)
[04:59:55] [carrier_norm] mode=all ref=27.75GHz (train+eval, deterministic)
[04:59:56] [fast_gpu] source cache 644 imgs (0.39GB) on cuda
[04:59:56] train_source=644 train_src_rows=10:302 24:342 source_steps/epoch=40 val_all=162 heldout77_unused=140 test77_final=278
[04:59:56] [test77_split] seed=42 dev_per_class=20
[05:00:04] trainable params=2378753 (encoder_lora+neck+head + miro_proj+v15_falsification)
[05:00:04] logit_prior=[-1.9678890705108643, -1.913821816444397, -1.8427258729934692, -1.9678890705108643, -2.0133514404296875, -1.8929877281188965, -2.036881923675537]
[05:00:04] use_dann=False
[05:00:04] use_das=False
[05:00:04] adapter_mode=lora
[05:00:04] schedule: epochs=100 steps/epoch=40 imgs/step=16 total_steps=4000 total_imgs=64000 warmup_steps=120
[05:00:04] source_qualified_policy: val_acc_ema>=0.00 candidates are recorded; best candidate by 77GHz F1 is saved as diagnostic
[05:00:04] [pool] init threshold=0.90 period=10 selection=dev77_f1
[05:00:04] [train] epoch 1/100 steps=40 use_dann=0 das=off f=[0.0,0.0] p=0.00 gpu=3.0/3.0GB
[05:00:05] [train] ep=01 step=001/40 ce=7.9238 sc=3.0970 mi=1.0258 dn=0.0000 v13=0.0000 v15=0.0000 v16=0.0000 v17=0.0000 v18=0.0000 acc=0.1875 lr=2.50e-06 lambda=0.000 v18_lambda=0.000 gpu=3.0/11.8GB
[05:00:06] [train] ep=01 step=010/40 ce=8.1100 sc=2.8454 mi=1.0122 dn=0.0000 v13=0.0000 v15=0.0000 v16=0.0000 v17=0.0000 v18=0.0000 acc=0.1313 lr=2.50e-05 lambda=0.000 v18_lambda=0.000 gpu=3.0/11.8GB
[05:00:08] [train] ep=01 step=020/40 ce=7.9909 sc=2.7878 mi=0.9635 dn=0.0000 v13=0.0000 v15=0.0000 v16=0.0000 v17=0.0000 v18=0.0000 acc=0.1313 lr=5.00e-05 lambda=0.000 v18_lambda=0.000 gpu=3.0/11.8GB
[05:00:10] [train] ep=01 step=030/40 ce=7.8293 sc=2.7946 mi=0.8898 dn=0.0000 v13=0.0000 v15=0.0000 v16=0.0000 v17=0.0000 v18=0.0000 acc=0.1750 lr=7.50e-05 lambda=0.000 v18_lambda=0.000 gpu=3.0/11.8GB
[05:00:12] [train] ep=01 step=040/40 ce=7.7715 sc=2.7894 mi=0.8031 dn=0.0000 v13=0.0000 v15=0.0000 v16=0.0000 v17=0.0000 v18=0.0000 acc=0.1797 lr=1.00e-04 lambda=0.000 v18_lambda=0.000 gpu=3.0/11.8GB
[05:00:13] [ep_summary] ep=01/100 val_live=0.2593/0.2267 val_ema=0.0000/0.0000 test77_live=0.1871/0.0793 test77_diag_ema=0.0000/0.0000 v13=0.0000 v15=0.0000 v16=0.0000 v17=0.0000 v18=0.0000 das=off[0,0] p=0.00 ep_time=9.4s
[05:00:13] [train] epoch 2/100 steps=40 use_dann=0 das=off f=[0.0,0.0] p=0.00 gpu=3.0/15.8GB
[05:00:14] [train] ep=02 step=001/40 ce=7.7401 sc=2.8359 mi=0.4405 dn=0.0000 v13=0.0000 v15=0.0000 v16=0.0000 v17=0.0000 v18=0.0000 acc=0.0625 lr=1.02e-04 lambda=0.000 v18_lambda=0.000 gpu=3.0/15.8GB
[05:00:15] [train] ep=02 step=010/40 ce=7.4347 sc=2.7738 mi=0.3710 dn=0.0000 v13=0.0000 v15=0.0000 v16=0.0000 v17=0.0000 v18=0.0000 acc=0.2250 lr=1.25e-04 lambda=0.000 v18_lambda=0.000 gpu=3.0/15.8GB
[05:00:18] [train] ep=02 step=020/40 ce=7.2225 sc=2.7453 mi=0.3154 dn=0.0000 v13=0.0000 v15=0.0000 v16=0.0000 v17=0.0000 v18=0.0000 acc=0.3094 lr=1.50e-04 lambda=0.000 v18_lambda=0.000 gpu=3.0/15.8GB
[05:00:20] [train] ep=02 step=030/40 ce=6.9563 sc=2.7265 mi=0.2797 dn=0.0000 v13=0.0000 v15=0.0000 v16=0.0000 v17=0.0000 v18=0.0000 acc=0.3854 lr=1.75e-04 lambda=0.000 v18_lambda=0.000 gpu=3.0/15.8GB
[05:00:22] [train] ep=02 step=040/40 ce=6.6240 sc=2.6199 mi=0.2627 dn=0.0000 v13=0.0000 v15=0.0000 v16=0.0000 v17=0.0000 v18=0.0000 acc=0.4375 lr=2.00e-04 lambda=0.000 v18_lambda=0.000 gpu=3.0/15.8GB
[05:00:23] [ep_summary] ep=02/100 val_live=0.6543/0.6621 val_ema=0.0000/0.0000 test77_live=0.2374/0.1278 test77_diag_ema=0.0000/0.0000 v13=0.0000 v15=0.0000 v16=0.0000 v17=0.0000 v18=0.0000 das=off[0,0] p=0.00 ep_time=9.6s
[05:00:23] [train] epoch 3/100 steps=40 use_dann=0 das=off f=[0.0,0.0] p=0.00 gpu=3.0/15.8GB
[05:00:23] [train] ep=03 step=001/40 ce=4.4026 sc=2.0981 mi=0.2168 dn=0.0000 v13=0.0000 v15=0.0000 v16=0.0000 v17=0.0000 v18=0.0000 acc=0.6250 lr=2.02e-04 lambda=0.000 v18_lambda=0.000 gpu=3.0/15.8GB
[05:00:25] [train] ep=03 step=010/40 ce=4.7631 sc=2.1706 mi=0.2123 dn=0.0000 v13=0.0000 v15=0.0000 v16=0.0000 v17=0.0000 v18=0.0000 acc=0.6687 lr=2.25e-04 lambda=0.000 v18_lambda=0.000 gpu=3.0/15.8GB
[05:00:27] [train] ep=03 step=020/40 ce=4.3354 sc=1.9963 mi=0.2260 dn=0.0000 v13=0.0000 v15=0.0000 v16=0.0000 v17=0.0000 v18=0.0000 acc=0.7094 lr=2.50e-04 lambda=0.000 v18_lambda=0.000 gpu=3.0/15.8GB
[05:00:29] [train] ep=03 step=030/40 ce=3.9363 sc=1.9202 mi=0.2237 dn=0.0000 v13=0.0000 v15=0.0000 v16=0.0000 v17=0.0000 v18=0.0000 acc=0.7354 lr=2.75e-04 lambda=0.000 v18_lambda=0.000 gpu=3.0/15.8GB
[05:00:31] [train] ep=03 step=040/40 ce=3.7610 sc=1.8312 mi=0.2084 dn=0.0000 v13=0.0000 v15=0.0000 v16=0.0000 v17=0.0000 v18=0.0000 acc=0.7500 lr=3.00e-04 lambda=0.000 v18_lambda=0.000 gpu=3.0/15.8GB
[05:00:33] [ep_summary] ep=03/100 val_live=0.8210/0.8259 val_ema=0.0000/0.0000 test77_live=0.3885/0.2762 test77_diag_ema=0.0000/0.0000 v13=0.0000 v15=0.0000 v16=0.0000 v17=0.0000 v18=0.0000 das=off[0,0] p=0.00 ep_time=9.6s
[05:00:33] [train] epoch 4/100 steps=40 use_dann=0 das=off f=[0.0,0.0] p=0.00 gpu=3.0/15.8GB
[05:00:33] [train] ep=04 step=001/40 ce=4.5606 sc=2.6394 mi=0.1390 dn=0.0000 v13=0.0000 v15=0.0000 v16=0.0000 v17=0.0000 v18=0.0000 acc=0.7500 lr=3.00e-04 lambda=0.000 v18_lambda=0.000 gpu=3.0/15.8GB
[05:00:35] [train] ep=04 step=010/40 ce=3.3224 sc=1.8249 mi=0.1324 dn=0.0000 v13=0.0000 v15=0.0000 v16=0.0000 v17=0.0000 v18=0.0000 acc=0.8000 lr=3.00e-04 lambda=0.000 v18_lambda=0.000 gpu=3.0/15.8GB
[05:00:37] [train] ep=04 step=020/40 ce=3.0042 sc=1.7452 mi=0.1285 dn=0.0000 v13=0.0000 v15=0.0000 v16=0.0000 v17=0.0000 v18=0.0000 acc=0.8031 lr=3.00e-04 lambda=0.000 v18_lambda=0.000 gpu=3.0/15.8GB
[05:00:39] [train] ep=04 step=030/40 ce=2.7258 sc=1.6572 mi=0.1202 dn=0.0000 v13=0.0000 v15=0.0000 v16=0.0000 v17=0.0000 v18=0.0000 acc=0.8292 lr=3.00e-04 lambda=0.000 v18_lambda=0.000 gpu=3.0/15.8GB
[05:00:41] [train] ep=04 step=040/40 ce=2.6036 sc=1.5869 mi=0.1137 dn=0.0000 v13=0.0000 v15=0.0000 v16=0.0000 v17=0.0000 v18=0.0000 acc=0.8391 lr=3.00e-04 lambda=0.000 v18_lambda=0.000 gpu=3.0/15.8GB
[05:00:42] [ep_summary] ep=04/100 val_live=0.8704/0.8667 val_ema=0.0000/0.0000 test77_live=0.4640/0.3683 test77_diag_ema=0.0000/0.0000 v13=0.0000 v15=0.0000 v16=0.0000 v17=0.0000 v18=0.0000 das=off[0,0] p=0.00 ep_time=9.6s
[05:00:42] [train] epoch 5/100 steps=40 use_dann=0 das=off f=[0.0,0.0] p=0.00 gpu=3.0/15.8GB
[05:00:42] [train] ep=05 step=001/40 ce=1.9943 sc=1.2012 mi=0.0969 dn=0.0000 v13=0.0000 v15=0.0000 v16=0.0000 v17=0.0000 v18=0.0000 acc=0.8750 lr=3.00e-04 lambda=0.000 v18_lambda=0.000 gpu=3.0/15.8GB
[05:00:44] [train] ep=05 step=010/40 ce=1.9769 sc=1.3362 mi=0.0974 dn=0.0000 v13=0.0000 v15=0.0000 v16=0.0000 v17=0.0000 v18=0.0000 acc=0.8875 lr=3.00e-04 lambda=0.000 v18_lambda=0.000 gpu=3.0/15.8GB
[05:00:46] [train] ep=05 step=020/40 ce=1.9832 sc=1.3022 mi=0.0967 dn=0.0000 v13=0.0000 v15=0.0000 v16=0.0000 v17=0.0000 v18=0.0000 acc=0.8875 lr=3.00e-04 lambda=0.000 v18_lambda=0.000 gpu=3.0/15.8GB
[05:00:49] [train] ep=05 step=030/40 ce=1.9185 sc=1.2264 mi=0.0941 dn=0.0000 v13=0.0000 v15=0.0000 v16=0.0000 v17=0.0000 v18=0.0000 acc=0.8896 lr=3.00e-04 lambda=0.000 v18_lambda=0.000 gpu=3.0/15.8GB
[05:00:51] [train] ep=05 step=040/40 ce=1.8331 sc=1.2028 mi=0.0917 dn=0.0000 v13=0.0000 v15=0.0000 v16=0.0000 v17=0.0000 v18=0.0000 acc=0.8938 lr=3.00e-04 lambda=0.000 v18_lambda=0.000 gpu=3.0/15.8GB
[05:00:54] [ep_summary] ep=05/100 val_live=0.9198/0.9225 val_ema=0.1543/0.1091 test77_live=0.4029/0.3504 test77_diag_ema=0.1403/0.0457 v13=0.0000 v15=0.0000 v16=0.0000 v17=0.0000 v18=0.0000 das=off[0,0] p=0.00 ep_time=11.3s
[05:00:54] [save] best_sourceval_ema val_acc_ema=0.1543 source_val_live=0.9198/0.9225 source_val_ema=0.1543/0.1091 ep=5
[05:00:54] [save] best_sourcequalified77_ema ep=5 source_val_live=0.9198/0.9225 source_val_ema=0.1543/0.1091 test77_ema=0.1403/0.0457
[05:00:54] [train] epoch 6/100 steps=40 use_dann=0 das=off f=[0.0,0.0] p=0.00 gpu=3.0/15.8GB
[05:00:54] [train] ep=06 step=001/40 ce=1.2646 sc=0.9952 mi=0.0793 dn=0.0000 v13=0.0000 v15=0.0000 v16=0.0000 v17=0.0000 v18=0.0000 acc=1.0000 lr=3.00e-04 lambda=0.000 v18_lambda=0.000 gpu=3.0/15.8GB
[05:00:56] [train] ep=06 step=010/40 ce=1.3508 sc=1.1466 mi=0.0807 dn=0.0000 v13=0.0000 v15=0.0000 v16=0.0000 v17=0.0000 v18=0.0000 acc=0.9250 lr=3.00e-04 lambda=0.000 v18_lambda=0.000 gpu=3.0/15.8GB
[05:00:58] [train] ep=06 step=020/40 ce=1.6074 sc=1.1752 mi=0.0790 dn=0.0000 v13=0.0000 v15=0.0000 v16=0.0000 v17=0.0000 v18=0.0000 acc=0.9125 lr=3.00e-04 lambda=0.000 v18_lambda=0.000 gpu=3.0/15.8GB
[05:01:00] [train] ep=06 step=030/40 ce=1.7117 sc=1.2142 mi=0.0792 dn=0.0000 v13=0.0000 v15=0.0000 v16=0.0000 v17=0.0000 v18=0.0000 acc=0.8979 lr=2.99e-04 lambda=0.000 v18_lambda=0.000 gpu=3.0/15.8GB
[05:01:02] [train] ep=06 step=040/40 ce=1.6675 sc=1.1811 mi=0.0786 dn=0.0000 v13=0.0000 v15=0.0000 v16=0.0000 v17=0.0000 v18=0.0000 acc=0.9000 lr=2.99e-04 lambda=0.000 v18_lambda=0.000 gpu=3.0/15.8GB
[05:01:05] [ep_summary] ep=06/100 val_live=0.8889/0.8856 val_ema=0.2037/0.1452 test77_live=0.3669/0.2982 test77_diag_ema=0.1727/0.0764 v13=0.0000 v15=0.0000 v16=0.0000 v17=0.0000 v18=0.0000 das=off[0,0] p=0.00 ep_time=11.4s
[05:01:05] [save] best_sourceval_ema val_acc_ema=0.2037 source_val_live=0.8889/0.8856 source_val_ema=0.2037/0.1452 ep=6
[05:01:05] [save] best_sourcequalified77_ema ep=6 source_val_live=0.8889/0.8856 source_val_ema=0.2037/0.1452 test77_ema=0.1727/0.0764
[05:01:05] [train] epoch 7/100 steps=40 use_dann=0 das=off f=[0.0,0.0] p=0.00 gpu=3.0/15.8GB
[05:01:05] [train] ep=07 step=001/40 ce=0.9556 sc=1.0056 mi=0.0752 dn=0.0000 v13=0.0000 v15=0.0000 v16=0.0000 v17=0.0000 v18=0.0000 acc=0.9375 lr=2.99e-04 lambda=0.000 v18_lambda=0.000 gpu=3.0/15.8GB
[05:01:07] [train] ep=07 step=010/40 ce=1.0990 sc=1.0500 mi=0.0719 dn=0.0000 v13=0.0000 v15=0.0000 v16=0.0000 v17=0.0000 v18=0.0000 acc=0.9500 lr=2.99e-04 lambda=0.000 v18_lambda=0.000 gpu=3.0/15.8GB
[05:01:09] [train] ep=07 step=020/40 ce=1.2795 sc=1.1266 mi=0.0713 dn=0.0000 v13=0.0000 v15=0.0000 v16=0.0000 v17=0.0000 v18=0.0000 acc=0.9313 lr=2.99e-04 lambda=0.000 v18_lambda=0.000 gpu=3.0/15.8GB
[05:01:11] [train] ep=07 step=030/40 ce=1.2177 sc=1.1496 mi=0.0696 dn=0.0000 v13=0.0000 v15=0.0000 v16=0.0000 v17=0.0000 v18=0.0000 acc=0.9396 lr=2.99e-04 lambda=0.000 v18_lambda=0.000 gpu=3.0/15.8GB
[05:01:13] [train] ep=07 step=040/40 ce=1.2370 sc=1.1435 mi=0.0688 dn=0.0000 v13=0.0000 v15=0.0000 v16=0.0000 v17=0.0000 v18=0.0000 acc=0.9391 lr=2.99e-04 lambda=0.000 v18_lambda=0.000 gpu=3.0/15.8GB
[05:01:16] [ep_summary] ep=07/100 val_live=0.9444/0.9460 val_ema=0.2346/0.1711 test77_live=0.4496/0.3983 test77_diag_ema=0.1799/0.0799 v13=0.0000 v15=0.0000 v16=0.0000 v17=0.0000 v18=0.0000 das=off[0,0] p=0.00 ep_time=10.8s
[05:01:16] [save] best_sourceval_ema val_acc_ema=0.2346 source_val_live=0.9444/0.9460 source_val_ema=0.2346/0.1711 ep=7
[05:01:16] [save] best_sourcequalified77_ema ep=7 source_val_live=0.9444/0.9460 source_val_ema=0.2346/0.1711 test77_ema=0.1799/0.0799
[05:01:16] [train] epoch 8/100 steps=40 use_dann=0 das=off f=[0.0,0.0] p=0.00 gpu=3.0/15.8GB
[05:01:16] [train] ep=08 step=001/40 ce=1.6915 sc=1.3896 mi=0.0613 dn=0.0000 v13=0.0000 v15=0.0000 v16=0.0000 v17=0.0000 v18=0.0000 acc=0.8750 lr=2.99e-04 lambda=0.000 v18_lambda=0.000 gpu=3.0/15.8GB
[05:01:18] [train] ep=08 step=010/40 ce=1.2928 sc=1.0816 mi=0.0677 dn=0.0000 v13=0.0000 v15=0.0000 v16=0.0000 v17=0.0000 v18=0.0000 acc=0.9375 lr=2.99e-04 lambda=0.000 v18_lambda=0.000 gpu=3.0/15.8GB
[05:01:20] [train] ep=08 step=020/40 ce=1.1129 sc=1.0290 mi=0.0680 dn=0.0000 v13=0.0000 v15=0.0000 v16=0.0000 v17=0.0000 v18=0.0000 acc=0.9531 lr=2.98e-04 lambda=0.000 v18_lambda=0.000 gpu=3.0/15.8GB
[05:01:22] [train] ep=08 step=030/40 ce=0.9575 sc=1.0259 mi=0.0688 dn=0.0000 v13=0.0000 v15=0.0000 v16=0.0000 v17=0.0000 v18=0.0000 acc=0.9646 lr=2.98e-04 lambda=0.000 v18_lambda=0.000 gpu=3.0/15.8GB
[05:01:24] [train] ep=08 step=040/40 ce=0.9448 sc=1.0293 mi=0.0688 dn=0.0000 v13=0.0000 v15=0.0000 v16=0.0000 v17=0.0000 v18=0.0000 acc=0.9656 lr=2.98e-04 lambda=0.000 v18_lambda=0.000 gpu=3.0/15.8GB
[05:01:27] [ep_summary] ep=08/100 val_live=0.9444/0.9434 val_ema=0.2901/0.2304 test77_live=0.5180/0.4651 test77_diag_ema=0.1583/0.0577 v13=0.0000 v15=0.0000 v16=0.0000 v17=0.0000 v18=0.0000 das=off[0,0] p=0.00 ep_time=11.0s
[05:01:27] [save] best_sourceval_ema val_acc_ema=0.2901 source_val_live=0.9444/0.9434 source_val_ema=0.2901/0.2304 ep=8
[05:01:27] [train] epoch 9/100 steps=40 use_dann=0 das=off f=[0.0,0.0] p=0.00 gpu=3.0/15.8GB
[05:01:27] [train] ep=09 step=001/40 ce=0.3564 sc=0.8578 mi=0.0749 dn=0.0000 v13=0.0000 v15=0.0000 v16=0.0000 v17=0.0000 v18=0.0000 acc=1.0000 lr=2.98e-04 lambda=0.000 v18_lambda=0.000 gpu=3.0/15.8GB
[05:01:29] [train] ep=09 step=010/40 ce=0.6440 sc=0.9161 mi=0.0718 dn=0.0000 v13=0.0000 v15=0.0000 v16=0.0000 v17=0.0000 v18=0.0000 acc=0.9750 lr=2.98e-04 lambda=0.000 v18_lambda=0.000 gpu=3.0/15.8GB
[05:01:31] [train] ep=09 step=020/40 ce=0.7522 sc=0.9532 mi=0.0695 dn=0.0000 v13=0.0000 v15=0.0000 v16=0.0000 v17=0.0000 v18=0.0000 acc=0.9688 lr=2.98e-04 lambda=0.000 v18_lambda=0.000 gpu=3.0/15.8GB
[05:01:33] [train] ep=09 step=030/40 ce=0.7682 sc=0.9637 mi=0.0684 dn=0.0000 v13=0.0000 v15=0.0000 v16=0.0000 v17=0.0000 v18=0.0000 acc=0.9688 lr=2.97e-04 lambda=0.000 v18_lambda=0.000 gpu=3.0/15.8GB
[05:01:35] [train] ep=09 step=040/40 ce=0.7501 sc=0.9511 mi=0.0667 dn=0.0000 v13=0.0000 v15=0.0000 v16=0.0000 v17=0.0000 v18=0.0000 acc=0.9703 lr=2.97e-04 lambda=0.000 v18_lambda=0.000 gpu=3.0/15.8GB
[05:01:38] [ep_summary] ep=09/100 val_live=0.9321/0.9325 val_ema=0.3025/0.2436 test77_live=0.5036/0.4687 test77_diag_ema=0.1439/0.0361 v13=0.0000 v15=0.0000 v16=0.0000 v17=0.0000 v18=0.0000 das=off[0,0] p=0.00 ep_time=10.9s
[05:01:38] [save] best_sourceval_ema val_acc_ema=0.3025 source_val_live=0.9321/0.9325 source_val_ema=0.3025/0.2436 ep=9
[05:01:38] [train] epoch 10/100 steps=40 use_dann=0 das=off f=[0.0,0.0] p=0.00 gpu=3.0/15.8GB
[05:01:38] [train] ep=10 step=001/40 ce=0.7142 sc=0.6778 mi=0.0527 dn=0.0000 v13=0.0000 v15=0.0000 v16=0.0000 v17=0.0000 v18=0.0000 acc=0.9375 lr=2.97e-04 lambda=0.000 v18_lambda=0.000 gpu=3.0/15.8GB
[05:01:40] [train] ep=10 step=010/40 ce=0.5829 sc=0.8389 mi=0.0585 dn=0.0000 v13=0.0000 v15=0.0000 v16=0.0000 v17=0.0000 v18=0.0000 acc=0.9812 lr=2.97e-04 lambda=0.000 v18_lambda=0.000 gpu=3.0/15.8GB
[05:01:42] [train] ep=10 step=020/40 ce=0.7002 sc=0.9271 mi=0.0592 dn=0.0000 v13=0.0000 v15=0.0000 v16=0.0000 v17=0.0000 v18=0.0000 acc=0.9750 lr=2.97e-04 lambda=0.000 v18_lambda=0.000 gpu=3.0/15.8GB
[05:01:44] [train] ep=10 step=030/40 ce=0.7316 sc=0.9414 mi=0.0604 dn=0.0000 v13=0.0000 v15=0.0000 v16=0.0000 v17=0.0000 v18=0.0000 acc=0.9708 lr=2.96e-04 lambda=0.000 v18_lambda=0.000 gpu=3.0/15.8GB
[05:01:47] [train] ep=10 step=040/40 ce=0.6547 sc=0.9102 mi=0.0604 dn=0.0000 v13=0.0000 v15=0.0000 v16=0.0000 v17=0.0000 v18=0.0000 acc=0.9781 lr=2.96e-04 lambda=0.000 v18_lambda=0.000 gpu=3.0/15.8GB
[05:01:49] [pool] check ep=010/100 source_val_acc_ema=0.3086 threshold=0.90
[05:01:49] [pool] ep=010 SKIP (source_val_acc_ema=0.3086 < 0.90)
[05:01:49] [ep_summary] ep=10/100 val_live=0.9568/0.9570 val_ema=0.3086/0.2585 test77_live=0.5216/0.4693 test77_diag_ema=0.1439/0.0359 v13=0.0000 v15=0.0000 v16=0.0000 v17=0.0000 v18=0.0000 das=off[0,0] p=0.00 ep_time=11.4s
[05:01:49] [save] best_sourceval_ema val_acc_ema=0.3086 source_val_live=0.9568/0.9570 source_val_ema=0.3086/0.2585 ep=10
[05:01:49] [strict77_monitor] ep=10 best_source_epoch=10 source_val_ema=0.3086/0.2585 test77_ema_diag=0.1439/0.0359 sourcequalified_count=10 best_sourcequalified77_epoch=7 source_val_ema=0.2346/0.1711 test77_ema=0.1799/0.0799
[05:01:49] [train] epoch 11/100 steps=40 use_dann=0 das=off f=[0.0,0.0] p=0.00 gpu=3.0/15.8GB
[05:01:50] [train] ep=11 step=001/40 ce=0.7274 sc=1.1307 mi=0.0568 dn=0.0000 v13=0.0000 v15=0.0000 v16=0.0000 v17=0.0000 v18=0.0000 acc=1.0000 lr=2.96e-04 lambda=0.000 v18_lambda=0.000 gpu=3.0/15.8GB
[05:01:51] [train] ep=11 step=010/40 ce=0.6128 sc=0.9068 mi=0.0624 dn=0.0000 v13=0.0000 v15=0.0000 v16=0.0000 v17=0.0000 v18=0.0000 acc=0.9875 lr=2.96e-04 lambda=0.000 v18_lambda=0.000 gpu=3.0/15.8GB
[05:01:54] [train] ep=11 step=020/40 ce=0.5802 sc=0.8377 mi=0.0618 dn=0.0000 v13=0.0000 v15=0.0000 v16=0.0000 v17=0.0000 v18=0.0000 acc=0.9906 lr=2.96e-04 lambda=0.000 v18_lambda=0.000 gpu=3.0/15.8GB
[05:01:56] [train] ep=11 step=030/40 ce=0.5834 sc=0.8194 mi=0.0611 dn=0.0000 v13=0.0000 v15=0.0000 v16=0.0000 v17=0.0000 v18=0.0000 acc=0.9917 lr=2.95e-04 lambda=0.000 v18_lambda=0.000 gpu=3.0/15.8GB
[05:01:58] [train] ep=11 step=040/40 ce=0.5909 sc=0.8531 mi=0.0614 dn=0.0000 v13=0.0000 v15=0.0000 v16=0.0000 v17=0.0000 v18=0.0000 acc=0.9891 lr=2.95e-04 lambda=0.000 v18_lambda=0.000 gpu=3.0/15.8GB
[05:02:00] [ep_summary] ep=11/100 val_live=0.9383/0.9382 val_ema=0.3395/0.2938 test77_live=0.5647/0.5255 test77_diag_ema=0.1439/0.0359 v13=0.0000 v15=0.0000 v16=0.0000 v17=0.0000 v18=0.0000 das=off[0,0] p=0.00 ep_time=10.9s
[05:02:00] [save] best_sourceval_ema val_acc_ema=0.3395 source_val_live=0.9383/0.9382 source_val_ema=0.3395/0.2938 ep=11
[05:02:00] [train] epoch 12/100 steps=40 use_dann=0 das=off f=[0.0,0.0] p=0.00 gpu=3.0/15.8GB
[05:02:00] [train] ep=12 step=001/40 ce=0.3260 sc=0.4694 mi=0.0613 dn=0.0000 v13=0.0000 v15=0.0000 v16=0.0000 v17=0.0000 v18=0.0000 acc=1.0000 lr=2.95e-04 lambda=0.000 v18_lambda=0.000 gpu=3.0/15.8GB
[05:02:02] [train] ep=12 step=010/40 ce=0.7734 sc=0.9326 mi=0.0600 dn=0.0000 v13=0.0000 v15=0.0000 v16=0.0000 v17=0.0000 v18=0.0000 acc=0.9688 lr=2.95e-04 lambda=0.000 v18_lambda=0.000 gpu=3.0/15.8GB
[05:02:04] [train] ep=12 step=020/40 ce=0.6589 sc=0.9251 mi=0.0590 dn=0.0000 v13=0.0000 v15=0.0000 v16=0.0000 v17=0.0000 v18=0.0000 acc=0.9781 lr=2.94e-04 lambda=0.000 v18_lambda=0.000 gpu=3.0/15.8GB
[05:02:06] [train] ep=12 step=030/40 ce=0.6313 sc=0.8984 mi=0.0599 dn=0.0000 v13=0.0000 v15=0.0000 v16=0.0000 v17=0.0000 v18=0.0000 acc=0.9812 lr=2.94e-04 lambda=0.000 v18_lambda=0.000 gpu=3.0/15.8GB
[05:02:07] [train] ep=12 step=040/40 ce=0.5887 sc=0.8748 mi=0.0594 dn=0.0000 v13=0.0000 v15=0.0000 v16=0.0000 v17=0.0000 v18=0.0000 acc=0.9844 lr=2.94e-04 lambda=0.000 v18_lambda=0.000 gpu=3.0/15.8GB
[05:02:10] [ep_summary] ep=12/100 val_live=0.9383/0.9386 val_ema=0.3765/0.3295 test77_live=0.5432/0.4854 test77_diag_ema=0.1439/0.0359 v13=0.0000 v15=0.0000 v16=0.0000 v17=0.0000 v18=0.0000 das=off[0,0] p=0.00 ep_time=9.8s
[05:02:10] [save] best_sourceval_ema val_acc_ema=0.3765 source_val_live=0.9383/0.9386 source_val_ema=0.3765/0.3295 ep=12
[05:02:10] [train] epoch 13/100 steps=40 use_dann=0 das=off f=[0.0,0.0] p=0.00 gpu=3.0/15.8GB
[05:02:10] [train] ep=13 step=001/40 ce=0.3276 sc=0.7159 mi=0.0674 dn=0.0000 v13=0.0000 v15=0.0000 v16=0.0000 v17=0.0000 v18=0.0000 acc=1.0000 lr=2.94e-04 lambda=0.000 v18_lambda=0.000 gpu=3.0/15.8GB
[05:02:12] [train] ep=13 step=010/40 ce=0.6505 sc=0.8878 mi=0.0590 dn=0.0000 v13=0.0000 v15=0.0000 v16=0.0000 v17=0.0000 v18=0.0000 acc=0.9812 lr=2.93e-04 lambda=0.000 v18_lambda=0.000 gpu=3.0/15.8GB
[05:02:14] [train] ep=13 step=020/40 ce=0.5809 sc=0.7810 mi=0.0593 dn=0.0000 v13=0.0000 v15=0.0000 v16=0.0000 v17=0.0000 v18=0.0000 acc=0.9844 lr=2.93e-04 lambda=0.000 v18_lambda=0.000 gpu=3.0/15.8GB
[05:02:15] [train] ep=13 step=030/40 ce=0.5369 sc=0.8307 mi=0.0593 dn=0.0000 v13=0.0000 v15=0.0000 v16=0.0000 v17=0.0000 v18=0.0000 acc=0.9854 lr=2.93e-04 lambda=0.000 v18_lambda=0.000 gpu=3.0/15.8GB
[05:02:17] [train] ep=13 step=040/40 ce=0.5246 sc=0.8452 mi=0.0588 dn=0.0000 v13=0.0000 v15=0.0000 v16=0.0000 v17=0.0000 v18=0.0000 acc=0.9875 lr=2.92e-04 lambda=0.000 v18_lambda=0.000 gpu=3.0/15.8GB
[05:02:20] [ep_summary] ep=13/100 val_live=0.9506/0.9510 val_ema=0.4383/0.3882 test77_live=0.5612/0.5281 test77_diag_ema=0.1439/0.0359 v13=0.0000 v15=0.0000 v16=0.0000 v17=0.0000 v18=0.0000 das=off[0,0] p=0.00 ep_time=9.8s
[05:02:20] [save] best_sourceval_ema val_acc_ema=0.4383 source_val_live=0.9506/0.9510 source_val_ema=0.4383/0.3882 ep=13
[05:02:20] [train] epoch 14/100 steps=40 use_dann=0 das=off f=[0.0,0.0] p=0.00 gpu=3.0/15.8GB
[05:02:20] [train] ep=14 step=001/40 ce=0.3520 sc=0.6936 mi=0.0575 dn=0.0000 v13=0.0000 v15=0.0000 v16=0.0000 v17=0.0000 v18=0.0000 acc=1.0000 lr=2.92e-04 lambda=0.000 v18_lambda=0.000 gpu=3.0/15.8GB
[05:02:22] [train] ep=14 step=010/40 ce=0.3707 sc=0.7802 mi=0.0591 dn=0.0000 v13=0.0000 v15=0.0000 v16=0.0000 v17=0.0000 v18=0.0000 acc=0.9938 lr=2.92e-04 lambda=0.000 v18_lambda=0.000 gpu=3.0/15.8GB
[05:02:24] [train] ep=14 step=020/40 ce=0.4535 sc=0.7620 mi=0.0588 dn=0.0000 v13=0.0000 v15=0.0000 v16=0.0000 v17=0.0000 v18=0.0000 acc=0.9906 lr=2.91e-04 lambda=0.000 v18_lambda=0.000 gpu=3.0/15.8GB
[05:02:25] [train] ep=14 step=030/40 ce=0.5247 sc=0.8531 mi=0.0584 dn=0.0000 v13=0.0000 v15=0.0000 v16=0.0000 v17=0.0000 v18=0.0000 acc=0.9833 lr=2.91e-04 lambda=0.000 v18_lambda=0.000 gpu=3.0/15.8GB
[05:02:27] [train] ep=14 step=040/40 ce=0.5115 sc=0.8737 mi=0.0577 dn=0.0000 v13=0.0000 v15=0.0000 v16=0.0000 v17=0.0000 v18=0.0000 acc=0.9844 lr=2.91e-04 lambda=0.000 v18_lambda=0.000 gpu=3.0/15.8GB
[05:02:30] [ep_summary] ep=14/100 val_live=0.9630/0.9640 val_ema=0.5062/0.4801 test77_live=0.5396/0.4993 test77_diag_ema=0.1439/0.0359 v13=0.0000 v15=0.0000 v16=0.0000 v17=0.0000 v18=0.0000 das=off[0,0] p=0.00 ep_time=9.8s
[05:02:30] [save] best_sourceval_ema val_acc_ema=0.5062 source_val_live=0.9630/0.9640 source_val_ema=0.5062/0.4801 ep=14
[05:02:30] [train] epoch 15/100 steps=40 use_dann=0 das=off f=[0.0,0.0] p=0.00 gpu=3.0/15.8GB
[05:02:30] [train] ep=15 step=001/40 ce=0.3577 sc=0.7619 mi=0.0511 dn=0.0000 v13=0.0000 v15=0.0000 v16=0.0000 v17=0.0000 v18=0.0000 acc=1.0000 lr=2.91e-04 lambda=0.000 v18_lambda=0.000 gpu=3.0/15.8GB
[05:02:32] [train] ep=15 step=010/40 ce=0.5362 sc=0.8740 mi=0.0540 dn=0.0000 v13=0.0000 v15=0.0000 v16=0.0000 v17=0.0000 v18=0.0000 acc=0.9875 lr=2.90e-04 lambda=0.000 v18_lambda=0.000 gpu=3.0/15.8GB
[05:02:34] [train] ep=15 step=020/40 ce=0.5040 sc=0.8363 mi=0.0571 dn=0.0000 v13=0.0000 v15=0.0000 v16=0.0000 v17=0.0000 v18=0.0000 acc=0.9906 lr=2.90e-04 lambda=0.000 v18_lambda=0.000 gpu=3.0/15.8GB
[05:02:36] [train] ep=15 step=030/40 ce=0.5195 sc=0.8826 mi=0.0563 dn=0.0000 v13=0.0000 v15=0.0000 v16=0.0000 v17=0.0000 v18=0.0000 acc=0.9896 lr=2.89e-04 lambda=0.000 v18_lambda=0.000 gpu=3.0/15.8GB
[05:02:38] [train] ep=15 step=040/40 ce=0.5058 sc=0.8833 mi=0.0565 dn=0.0000 v13=0.0000 v15=0.0000 v16=0.0000 v17=0.0000 v18=0.0000 acc=0.9891 lr=2.89e-04 lambda=0.000 v18_lambda=0.000 gpu=3.0/15.8GB
[05:02:41] [ep_summary] ep=15/100 val_live=0.9753/0.9759 val_ema=0.5617/0.5504 test77_live=0.5468/0.5123 test77_diag_ema=0.1439/0.0359 v13=0.0000 v15=0.0000 v16=0.0000 v17=0.0000 v18=0.0000 das=off[0,0] p=0.00 ep_time=10.7s
[05:02:41] [save] best_sourceval_ema val_acc_ema=0.5617 source_val_live=0.9753/0.9759 source_val_ema=0.5617/0.5504 ep=15
[05:02:41] [train] epoch 16/100 steps=40 use_dann=0 das=off f=[0.0,0.0] p=0.00 gpu=3.0/15.8GB
[05:02:41] [train] ep=16 step=001/40 ce=0.6922 sc=0.8698 mi=0.0588 dn=0.0000 v13=0.0000 v15=0.0000 v16=0.0000 v17=0.0000 v18=0.0000 acc=0.9375 lr=2.89e-04 lambda=0.000 v18_lambda=0.000 gpu=3.0/15.8GB
[05:02:43] [train] ep=16 step=010/40 ce=0.6945 sc=0.9388 mi=0.0596 dn=0.0000 v13=0.0000 v15=0.0000 v16=0.0000 v17=0.0000 v18=0.0000 acc=0.9500 lr=2.88e-04 lambda=0.000 v18_lambda=0.000 gpu=3.0/15.8GB
[05:02:45] [train] ep=16 step=020/40 ce=0.5771 sc=0.8168 mi=0.0569 dn=0.0000 v13=0.0000 v15=0.0000 v16=0.0000 v17=0.0000 v18=0.0000 acc=0.9688 lr=2.88e-04 lambda=0.000 v18_lambda=0.000 gpu=3.0/15.8GB
[05:02:47] [train] ep=16 step=030/40 ce=0.5419 sc=0.8311 mi=0.0568 dn=0.0000 v13=0.0000 v15=0.0000 v16=0.0000 v17=0.0000 v18=0.0000 acc=0.9750 lr=2.87e-04 lambda=0.000 v18_lambda=0.000 gpu=3.0/15.8GB
[05:02:49] [train] ep=16 step=040/40 ce=0.5113 sc=0.8315 mi=0.0565 dn=0.0000 v13=0.0000 v15=0.0000 v16=0.0000 v17=0.0000 v18=0.0000 acc=0.9781 lr=2.87e-04 lambda=0.000 v18_lambda=0.000 gpu=3.0/15.8GB
[05:02:52] [ep_summary] ep=16/100 val_live=0.9691/0.9694 val_ema=0.6358/0.6343 test77_live=0.5683/0.5039 test77_diag_ema=0.1439/0.0361 v13=0.0000 v15=0.0000 v16=0.0000 v17=0.0000 v18=0.0000 das=off[0,0] p=0.00 ep_time=11.7s
[05:02:52] [save] best_sourceval_ema val_acc_ema=0.6358 source_val_live=0.9691/0.9694 source_val_ema=0.6358/0.6343 ep=16
[05:02:52] [train] epoch 17/100 steps=40 use_dann=0 das=off f=[0.0,0.0] p=0.00 gpu=3.0/15.8GB
[05:02:52] [train] ep=17 step=001/40 ce=0.3214 sc=0.8527 mi=0.0508 dn=0.0000 v13=0.0000 v15=0.0000 v16=0.0000 v17=0.0000 v18=0.0000 acc=1.0000 lr=2.87e-04 lambda=0.000 v18_lambda=0.000 gpu=3.0/15.8GB
[05:02:54] [train] ep=17 step=010/40 ce=0.3666 sc=0.8941 mi=0.0580 dn=0.0000 v13=0.0000 v15=0.0000 v16=0.0000 v17=0.0000 v18=0.0000 acc=0.9938 lr=2.86e-04 lambda=0.000 v18_lambda=0.000 gpu=3.0/15.8GB
[05:02:57] [train] ep=17 step=020/40 ce=0.3301 sc=0.8296 mi=0.0566 dn=0.0000 v13=0.0000 v15=0.0000 v16=0.0000 v17=0.0000 v18=0.0000 acc=0.9969 lr=2.86e-04 lambda=0.000 v18_lambda=0.000 gpu=3.0/15.8GB
[05:02:59] [train] ep=17 step=030/40 ce=0.3667 sc=0.8144 mi=0.0552 dn=0.0000 v13=0.0000 v15=0.0000 v16=0.0000 v17=0.0000 v18=0.0000 acc=0.9938 lr=2.85e-04 lambda=0.000 v18_lambda=0.000 gpu=3.0/15.8GB
[05:03:01] [train] ep=17 step=040/40 ce=0.3766 sc=0.7849 mi=0.0554 dn=0.0000 v13=0.0000 v15=0.0000 v16=0.0000 v17=0.0000 v18=0.0000 acc=0.9938 lr=2.85e-04 lambda=0.000 v18_lambda=0.000 gpu=3.0/15.8GB
[05:03:03] [ep_summary] ep=17/100 val_live=0.9506/0.9487 val_ema=0.6914/0.6971 test77_live=0.5540/0.4913 test77_diag_ema=0.1439/0.0362 v13=0.0000 v15=0.0000 v16=0.0000 v17=0.0000 v18=0.0000 das=off[0,0] p=0.00 ep_time=11.3s
[05:03:04] [save] best_sourceval_ema val_acc_ema=0.6914 source_val_live=0.9506/0.9487 source_val_ema=0.6914/0.6971 ep=17
[05:03:04] [train] epoch 18/100 steps=40 use_dann=0 das=off f=[0.0,0.0] p=0.00 gpu=3.0/15.8GB
[05:03:04] [train] ep=18 step=001/40 ce=0.2822 sc=0.4266 mi=0.0666 dn=0.0000 v13=0.0000 v15=0.0000 v16=0.0000 v17=0.0000 v18=0.0000 acc=1.0000 lr=2.85e-04 lambda=0.000 v18_lambda=0.000 gpu=3.0/15.8GB
[05:03:06] [train] ep=18 step=010/40 ce=0.3857 sc=0.8350 mi=0.0580 dn=0.0000 v13=0.0000 v15=0.0000 v16=0.0000 v17=0.0000 v18=0.0000 acc=0.9938 lr=2.84e-04 lambda=0.000 v18_lambda=0.000 gpu=3.0/15.8GB
[05:03:08] [train] ep=18 step=020/40 ce=0.3981 sc=0.7759 mi=0.0566 dn=0.0000 v13=0.0000 v15=0.0000 v16=0.0000 v17=0.0000 v18=0.0000 acc=0.9938 lr=2.84e-04 lambda=0.000 v18_lambda=0.000 gpu=3.0/15.8GB
[05:03:10] [train] ep=18 step=030/40 ce=0.3873 sc=0.8028 mi=0.0562 dn=0.0000 v13=0.0000 v15=0.0000 v16=0.0000 v17=0.0000 v18=0.0000 acc=0.9938 lr=2.83e-04 lambda=0.000 v18_lambda=0.000 gpu=3.0/15.8GB
[05:03:12] [train] ep=18 step=040/40 ce=0.3864 sc=0.8173 mi=0.0560 dn=0.0000 v13=0.0000 v15=0.0000 v16=0.0000 v17=0.0000 v18=0.0000 acc=0.9953 lr=2.83e-04 lambda=0.000 v18_lambda=0.000 gpu=3.0/15.8GB
[05:03:15] [ep_summary] ep=18/100 val_live=0.9568/0.9575 val_ema=0.7222/0.7284 test77_live=0.5719/0.5316 test77_diag_ema=0.1439/0.0363 v13=0.0000 v15=0.0000 v16=0.0000 v17=0.0000 v18=0.0000 das=off[0,0] p=0.00 ep_time=11.5s
[05:03:15] [save] best_sourceval_ema val_acc_ema=0.7222 source_val_live=0.9568/0.9575 source_val_ema=0.7222/0.7284 ep=18
[05:03:15] [train] epoch 19/100 steps=40 use_dann=0 das=off f=[0.0,0.0] p=0.00 gpu=3.0/15.8GB
[05:03:15] [train] ep=19 step=001/40 ce=0.2864 sc=0.8263 mi=0.0551 dn=0.0000 v13=0.0000 v15=0.0000 v16=0.0000 v17=0.0000 v18=0.0000 acc=1.0000 lr=2.83e-04 lambda=0.000 v18_lambda=0.000 gpu=3.0/15.8GB
[05:03:17] [train] ep=19 step=010/40 ce=0.4594 sc=0.8584 mi=0.0575 dn=0.0000 v13=0.0000 v15=0.0000 v16=0.0000 v17=0.0000 v18=0.0000 acc=0.9938 lr=2.82e-04 lambda=0.000 v18_lambda=0.000 gpu=3.0/15.8GB
[05:03:19] [train] ep=19 step=020/40 ce=0.5133 sc=0.8454 mi=0.0566 dn=0.0000 v13=0.0000 v15=0.0000 v16=0.0000 v17=0.0000 v18=0.0000 acc=0.9875 lr=2.82e-04 lambda=0.000 v18_lambda=0.000 gpu=3.0/15.8GB
[05:03:21] [train] ep=19 step=030/40 ce=0.5141 sc=0.8750 mi=0.0554 dn=0.0000 v13=0.0000 v15=0.0000 v16=0.0000 v17=0.0000 v18=0.0000 acc=0.9875 lr=2.81e-04 lambda=0.000 v18_lambda=0.000 gpu=3.0/15.8GB
[05:03:23] [train] ep=19 step=040/40 ce=0.4730 sc=0.8430 mi=0.0551 dn=0.0000 v13=0.0000 v15=0.0000 v16=0.0000 v17=0.0000 v18=0.0000 acc=0.9906 lr=2.80e-04 lambda=0.000 v18_lambda=0.000 gpu=3.0/15.8GB
[05:03:26] [ep_summary] ep=19/100 val_live=0.9630/0.9627 val_ema=0.7654/0.7706 test77_live=0.5504/0.4992 test77_diag_ema=0.1439/0.0364 v13=0.0000 v15=0.0000 v16=0.0000 v17=0.0000 v18=0.0000 das=off[0,0] p=0.00 ep_time=10.7s
[05:03:26] [save] best_sourceval_ema val_acc_ema=0.7654 source_val_live=0.9630/0.9627 source_val_ema=0.7654/0.7706 ep=19
[05:03:26] [train] epoch 20/100 steps=40 use_dann=0 das=off f=[0.0,0.0] p=0.00 gpu=3.0/15.8GB
[05:03:26] [train] ep=20 step=001/40 ce=0.3481 sc=0.7187 mi=0.0457 dn=0.0000 v13=0.0000 v15=0.0000 v16=0.0000 v17=0.0000 v18=0.0000 acc=1.0000 lr=2.80e-04 lambda=0.000 v18_lambda=0.000 gpu=3.0/15.8GB
[05:03:28] [train] ep=20 step=010/40 ce=0.5228 sc=0.8009 mi=0.0538 dn=0.0000 v13=0.0000 v15=0.0000 v16=0.0000 v17=0.0000 v18=0.0000 acc=0.9875 lr=2.80e-04 lambda=0.000 v18_lambda=0.000 gpu=3.0/15.8GB
[05:03:30] [train] ep=20 step=020/40 ce=0.4130 sc=0.7330 mi=0.0540 dn=0.0000 v13=0.0000 v15=0.0000 v16=0.0000 v17=0.0000 v18=0.0000 acc=0.9938 lr=2.79e-04 lambda=0.000 v18_lambda=0.000 gpu=3.0/15.8GB
[05:03:32] [train] ep=20 step=030/40 ce=0.4057 sc=0.7703 mi=0.0542 dn=0.0000 v13=0.0000 v15=0.0000 v16=0.0000 v17=0.0000 v18=0.0000 acc=0.9917 lr=2.79e-04 lambda=0.000 v18_lambda=0.000 gpu=3.0/15.8GB
[05:03:34] [train] ep=20 step=040/40 ce=0.4033 sc=0.7732 mi=0.0534 dn=0.0000 v13=0.0000 v15=0.0000 v16=0.0000 v17=0.0000 v18=0.0000 acc=0.9922 lr=2.78e-04 lambda=0.000 v18_lambda=0.000 gpu=3.0/15.8GB
[05:03:37] [pool] check ep=020/100 source_val_acc_ema=0.7963 threshold=0.90
[05:03:37] [pool] ep=020 SKIP (source_val_acc_ema=0.7963 < 0.90)
[05:03:37] [ep_summary] ep=20/100 val_live=0.9753/0.9758 val_ema=0.7963/0.8011 test77_live=0.4856/0.4112 test77_diag_ema=0.1439/0.0365 v13=0.0000 v15=0.0000 v16=0.0000 v17=0.0000 v18=0.0000 das=off[0,0] p=0.00 ep_time=10.8s
[05:03:37] [save] best_sourceval_ema val_acc_ema=0.7963 source_val_live=0.9753/0.9758 source_val_ema=0.7963/0.8011 ep=20
[05:03:37] [strict77_monitor] ep=20 best_source_epoch=20 source_val_ema=0.7963/0.8011 test77_ema_diag=0.1439/0.0365 sourcequalified_count=20 best_sourcequalified77_epoch=7 source_val_ema=0.2346/0.1711 test77_ema=0.1799/0.0799
[05:03:37] [train] epoch 21/100 steps=40 use_dann=0 das=off f=[0.0,0.0] p=0.00 gpu=3.0/15.8GB
[05:03:37] [train] ep=21 step=001/40 ce=0.2690 sc=1.1316 mi=0.0484 dn=0.0000 v13=0.0000 v15=0.0000 v16=0.0000 v17=0.0000 v18=0.0000 acc=1.0000 lr=2.78e-04 lambda=0.000 v18_lambda=0.000 gpu=3.0/15.8GB
[05:03:38] [train] ep=21 step=010/40 ce=0.3025 sc=0.7832 mi=0.0528 dn=0.0000 v13=0.0000 v15=0.0000 v16=0.0000 v17=0.0000 v18=0.0000 acc=1.0000 lr=2.77e-04 lambda=0.000 v18_lambda=0.000 gpu=3.0/15.8GB
[05:03:40] [train] ep=21 step=020/40 ce=0.3852 sc=0.7943 mi=0.0521 dn=0.0000 v13=0.0000 v15=0.0000 v16=0.0000 v17=0.0000 v18=0.0000 acc=0.9938 lr=2.77e-04 lambda=0.000 v18_lambda=0.000 gpu=3.0/15.8GB
[05:03:42] [train] ep=21 step=030/40 ce=0.3724 sc=0.7449 mi=0.0521 dn=0.0000 v13=0.0000 v15=0.0000 v16=0.0000 v17=0.0000 v18=0.0000 acc=0.9938 lr=2.76e-04 lambda=0.000 v18_lambda=0.000 gpu=3.0/15.8GB
[05:03:44] [train] ep=21 step=040/40 ce=0.3706 sc=0.7732 mi=0.0524 dn=0.0000 v13=0.0000 v15=0.0000 v16=0.0000 v17=0.0000 v18=0.0000 acc=0.9938 lr=2.75e-04 lambda=0.000 v18_lambda=0.000 gpu=3.0/15.8GB
[05:03:47] [ep_summary] ep=21/100 val_live=0.9691/0.9694 val_ema=0.8025/0.8069 test77_live=0.5288/0.4730 test77_diag_ema=0.1439/0.0365 v13=0.0000 v15=0.0000 v16=0.0000 v17=0.0000 v18=0.0000 das=off[0,0] p=0.00 ep_time=10.4s
[05:03:47] [save] best_sourceval_ema val_acc_ema=0.8025 source_val_live=0.9691/0.9694 source_val_ema=0.8025/0.8069 ep=21
[05:03:47] [train] epoch 22/100 steps=40 use_dann=0 das=off f=[0.0,0.0] p=0.00 gpu=3.0/15.8GB
[05:03:47] [train] ep=22 step=001/40 ce=0.3159 sc=0.6422 mi=0.0553 dn=0.0000 v13=0.0000 v15=0.0000 v16=0.0000 v17=0.0000 v18=0.0000 acc=1.0000 lr=2.75e-04 lambda=0.000 v18_lambda=0.000 gpu=3.0/15.8GB
[05:03:49] [train] ep=22 step=010/40 ce=0.3663 sc=0.6975 mi=0.0522 dn=0.0000 v13=0.0000 v15=0.0000 v16=0.0000 v17=0.0000 v18=0.0000 acc=0.9938 lr=2.75e-04 lambda=0.000 v18_lambda=0.000 gpu=3.0/15.8GB
[05:03:51] [train] ep=22 step=020/40 ce=0.4055 sc=0.7798 mi=0.0527 dn=0.0000 v13=0.0000 v15=0.0000 v16=0.0000 v17=0.0000 v18=0.0000 acc=0.9875 lr=2.74e-04 lambda=0.000 v18_lambda=0.000 gpu=3.0/15.8GB
[05:03:52] [train] ep=22 step=030/40 ce=0.3687 sc=0.8219 mi=0.0526 dn=0.0000 v13=0.0000 v15=0.0000 v16=0.0000 v17=0.0000 v18=0.0000 acc=0.9917 lr=2.73e-04 lambda=0.000 v18_lambda=0.000 gpu=3.0/15.8GB
[05:03:54] [train] ep=22 step=040/40 ce=0.3723 sc=0.8084 mi=0.0518 dn=0.0000 v13=0.0000 v15=0.0000 v16=0.0000 v17=0.0000 v18=0.0000 acc=0.9922 lr=2.73e-04 lambda=0.000 v18_lambda=0.000 gpu=3.0/15.8GB
[05:03:57] [ep_summary] ep=22/100 val_live=0.9753/0.9760 val_ema=0.8086/0.8124 test77_live=0.5468/0.5104 test77_diag_ema=0.1439/0.0367 v13=0.0000 v15=0.0000 v16=0.0000 v17=0.0000 v18=0.0000 das=off[0,0] p=0.00 ep_time=9.9s
[05:03:57] [save] best_sourceval_ema val_acc_ema=0.8086 source_val_live=0.9753/0.9760 source_val_ema=0.8086/0.8124 ep=22
[05:03:57] [train] epoch 23/100 steps=40 use_dann=0 das=off f=[0.0,0.0] p=0.00 gpu=3.0/15.8GB
[05:03:57] [train] ep=23 step=001/40 ce=0.2734 sc=1.1364 mi=0.0505 dn=0.0000 v13=0.0000 v15=0.0000 v16=0.0000 v17=0.0000 v18=0.0000 acc=1.0000 lr=2.72e-04 lambda=0.000 v18_lambda=0.000 gpu=3.0/15.8GB
[05:03:59] [train] ep=23 step=010/40 ce=0.3434 sc=0.8588 mi=0.0517 dn=0.0000 v13=0.0000 v15=0.0000 v16=0.0000 v17=0.0000 v18=0.0000 acc=1.0000 lr=2.72e-04 lambda=0.000 v18_lambda=0.000 gpu=3.0/15.8GB
[05:04:00] [train] ep=23 step=020/40 ce=0.3344 sc=0.7975 mi=0.0521 dn=0.0000 v13=0.0000 v15=0.0000 v16=0.0000 v17=0.0000 v18=0.0000 acc=1.0000 lr=2.71e-04 lambda=0.000 v18_lambda=0.000 gpu=3.0/15.8GB
[05:04:02] [train] ep=23 step=030/40 ce=0.3209 sc=0.7860 mi=0.0514 dn=0.0000 v13=0.0000 v15=0.0000 v16=0.0000 v17=0.0000 v18=0.0000 acc=1.0000 lr=2.70e-04 lambda=0.000 v18_lambda=0.000 gpu=3.0/15.8GB
[05:04:04] [train] ep=23 step=040/40 ce=0.3175 sc=0.7671 mi=0.0515 dn=0.0000 v13=0.0000 v15=0.0000 v16=0.0000 v17=0.0000 v18=0.0000 acc=1.0000 lr=2.70e-04 lambda=0.000 v18_lambda=0.000 gpu=3.0/15.8GB
[05:04:07] [ep_summary] ep=23/100 val_live=0.9815/0.9818 val_ema=0.8210/0.8247 test77_live=0.6079/0.5882 test77_diag_ema=0.1439/0.0371 v13=0.0000 v15=0.0000 v16=0.0000 v17=0.0000 v18=0.0000 das=off[0,0] p=0.00 ep_time=9.7s
[05:04:07] [save] best_sourceval_ema val_acc_ema=0.8210 source_val_live=0.9815/0.9818 source_val_ema=0.8210/0.8247 ep=23
[05:04:07] [train] epoch 24/100 steps=40 use_dann=0 das=off f=[0.0,0.0] p=0.00 gpu=3.0/15.8GB
[05:04:07] [train] ep=24 step=001/40 ce=0.2710 sc=0.8662 mi=0.0557 dn=0.0000 v13=0.0000 v15=0.0000 v16=0.0000 v17=0.0000 v18=0.0000 acc=1.0000 lr=2.70e-04 lambda=0.000 v18_lambda=0.000 gpu=3.0/15.8GB
[05:04:08] [train] ep=24 step=010/40 ce=0.2762 sc=0.6562 mi=0.0497 dn=0.0000 v13=0.0000 v15=0.0000 v16=0.0000 v17=0.0000 v18=0.0000 acc=1.0000 lr=2.69e-04 lambda=0.000 v18_lambda=0.000 gpu=3.0/15.8GB
[05:04:10] [train] ep=24 step=020/40 ce=0.3225 sc=0.7168 mi=0.0502 dn=0.0000 v13=0.0000 v15=0.0000 v16=0.0000 v17=0.0000 v18=0.0000 acc=0.9969 lr=2.68e-04 lambda=0.000 v18_lambda=0.000 gpu=3.0/15.8GB
[05:04:12] [train] ep=24 step=030/40 ce=0.3188 sc=0.7800 mi=0.0509 dn=0.0000 v13=0.0000 v15=0.0000 v16=0.0000 v17=0.0000 v18=0.0000 acc=0.9979 lr=2.67e-04 lambda=0.000 v18_lambda=0.000 gpu=3.0/15.8GB
[05:04:14] [train] ep=24 step=040/40 ce=0.3114 sc=0.7932 mi=0.0506 dn=0.0000 v13=0.0000 v15=0.0000 v16=0.0000 v17=0.0000 v18=0.0000 acc=0.9984 lr=2.67e-04 lambda=0.000 v18_lambda=0.000 gpu=3.0/15.8GB
[05:04:16] [ep_summary] ep=24/100 val_live=0.9691/0.9699 val_ema=0.8395/0.8413 test77_live=0.5324/0.4694 test77_diag_ema=0.1439/0.0376 v13=0.0000 v15=0.0000 v16=0.0000 v17=0.0000 v18=0.0000 das=off[0,0] p=0.00 ep_time=9.8s
[05:04:16] [save] best_sourceval_ema val_acc_ema=0.8395 source_val_live=0.9691/0.9699 source_val_ema=0.8395/0.8413 ep=24
[05:04:17] [train] epoch 25/100 steps=40 use_dann=0 das=off f=[0.0,0.0] p=0.00 gpu=3.0/15.8GB
[05:04:17] [train] ep=25 step=001/40 ce=0.2782 sc=0.7531 mi=0.0565 dn=0.0000 v13=0.0000 v15=0.0000 v16=0.0000 v17=0.0000 v18=0.0000 acc=1.0000 lr=2.67e-04 lambda=0.000 v18_lambda=0.000 gpu=3.0/15.8GB
[05:04:18] [train] ep=25 step=010/40 ce=0.3121 sc=0.7718 mi=0.0530 dn=0.0000 v13=0.0000 v15=0.0000 v16=0.0000 v17=0.0000 v18=0.0000 acc=1.0000 lr=2.66e-04 lambda=0.000 v18_lambda=0.000 gpu=3.0/15.8GB
[05:04:20] [train] ep=25 step=020/40 ce=0.3229 sc=0.7850 mi=0.0513 dn=0.0000 v13=0.0000 v15=0.0000 v16=0.0000 v17=0.0000 v18=0.0000 acc=1.0000 lr=2.65e-04 lambda=0.000 v18_lambda=0.000 gpu=3.0/15.8GB
[05:04:22] [train] ep=25 step=030/40 ce=0.3447 sc=0.7889 mi=0.0497 dn=0.0000 v13=0.0000 v15=0.0000 v16=0.0000 v17=0.0000 v18=0.0000 acc=0.9979 lr=2.64e-04 lambda=0.000 v18_lambda=0.000 gpu=3.0/15.8GB
[05:04:24] [train] ep=25 step=040/40 ce=0.3536 sc=0.7879 mi=0.0499 dn=0.0000 v13=0.0000 v15=0.0000 v16=0.0000 v17=0.0000 v18=0.0000 acc=0.9969 lr=2.64e-04 lambda=0.000 v18_lambda=0.000 gpu=3.0/15.8GB
[05:04:26] [ep_summary] ep=25/100 val_live=0.9506/0.9508 val_ema=0.8642/0.8658 test77_live=0.5396/0.4843 test77_diag_ema=0.1475/0.0439 v13=0.0000 v15=0.0000 v16=0.0000 v17=0.0000 v18=0.0000 das=off[0,0] p=0.00 ep_time=9.9s
[05:04:26] [save] best_sourceval_ema val_acc_ema=0.8642 source_val_live=0.9506/0.9508 source_val_ema=0.8642/0.8658 ep=25
[05:04:26] [train] epoch 26/100 steps=40 use_dann=0 das=off f=[0.0,0.0] p=0.00 gpu=3.0/15.8GB
[05:04:27] [train] ep=26 step=001/40 ce=0.2649 sc=0.9699 mi=0.0543 dn=0.0000 v13=0.0000 v15=0.0000 v16=0.0000 v17=0.0000 v18=0.0000 acc=1.0000 lr=2.64e-04 lambda=0.000 v18_lambda=0.000 gpu=3.0/15.8GB
[05:04:28] [train] ep=26 step=010/40 ce=0.3424 sc=0.7665 mi=0.0527 dn=0.0000 v13=0.0000 v15=0.0000 v16=0.0000 v17=0.0000 v18=0.0000 acc=0.9938 lr=2.63e-04 lambda=0.000 v18_lambda=0.000 gpu=3.0/15.8GB
[05:04:30] [train] ep=26 step=020/40 ce=0.4015 sc=0.7987 mi=0.0525 dn=0.0000 v13=0.0000 v15=0.0000 v16=0.0000 v17=0.0000 v18=0.0000 acc=0.9938 lr=2.62e-04 lambda=0.000 v18_lambda=0.000 gpu=3.0/15.8GB
[05:04:32] [train] ep=26 step=030/40 ce=0.4450 sc=0.8179 mi=0.0521 dn=0.0000 v13=0.0000 v15=0.0000 v16=0.0000 v17=0.0000 v18=0.0000 acc=0.9896 lr=2.61e-04 lambda=0.000 v18_lambda=0.000 gpu=3.0/15.8GB
[05:04:34] [train] ep=26 step=040/40 ce=0.4335 sc=0.8220 mi=0.0519 dn=0.0000 v13=0.0000 v15=0.0000 v16=0.0000 v17=0.0000 v18=0.0000 acc=0.9891 lr=2.60e-04 lambda=0.000 v18_lambda=0.000 gpu=3.0/15.8GB
[05:04:36] [ep_summary] ep=26/100 val_live=0.9691/0.9694 val_ema=0.8827/0.8852 test77_live=0.4820/0.4258 test77_diag_ema=0.1655/0.0704 v13=0.0000 v15=0.0000 v16=0.0000 v17=0.0000 v18=0.0000 das=off[0,0] p=0.00 ep_time=9.9s
[05:04:36] [save] best_sourceval_ema val_acc_ema=0.8827 source_val_live=0.9691/0.9694 source_val_ema=0.8827/0.8852 ep=26
[05:04:36] [train] epoch 27/100 steps=40 use_dann=0 das=off f=[0.0,0.0] p=0.00 gpu=3.0/15.8GB
[05:04:36] [train] ep=27 step=001/40 ce=0.2707 sc=0.4409 mi=0.0574 dn=0.0000 v13=0.0000 v15=0.0000 v16=0.0000 v17=0.0000 v18=0.0000 acc=1.0000 lr=2.60e-04 lambda=0.000 v18_lambda=0.000 gpu=3.0/15.8GB
[05:04:38] [train] ep=27 step=010/40 ce=0.2987 sc=0.6021 mi=0.0511 dn=0.0000 v13=0.0000 v15=0.0000 v16=0.0000 v17=0.0000 v18=0.0000 acc=1.0000 lr=2.60e-04 lambda=0.000 v18_lambda=0.000 gpu=3.0/15.8GB
[05:04:40] [train] ep=27 step=020/40 ce=0.3112 sc=0.6504 mi=0.0498 dn=0.0000 v13=0.0000 v15=0.0000 v16=0.0000 v17=0.0000 v18=0.0000 acc=0.9969 lr=2.59e-04 lambda=0.000 v18_lambda=0.000 gpu=3.0/15.8GB
[05:04:42] [train] ep=27 step=030/40 ce=0.3175 sc=0.7111 mi=0.0502 dn=0.0000 v13=0.0000 v15=0.0000 v16=0.0000 v17=0.0000 v18=0.0000 acc=0.9979 lr=2.58e-04 lambda=0.000 v18_lambda=0.000 gpu=3.0/15.8GB
[05:04:43] [train] ep=27 step=040/40 ce=0.3361 sc=0.7442 mi=0.0501 dn=0.0000 v13=0.0000 v15=0.0000 v16=0.0000 v17=0.0000 v18=0.0000 acc=0.9969 lr=2.57e-04 lambda=0.000 v18_lambda=0.000 gpu=3.0/15.8GB
[05:04:46] [ep_summary] ep=27/100 val_live=0.9753/0.9757 val_ema=0.8827/0.8852 test77_live=0.4964/0.4721 test77_diag_ema=0.1835/0.0947 v13=0.0000 v15=0.0000 v16=0.0000 v17=0.0000 v18=0.0000 das=off[0,0] p=0.00 ep_time=9.8s
[05:04:46] [save] best_sourcequalified77_ema ep=27 source_val_live=0.9753/0.9757 source_val_ema=0.8827/0.8852 test77_ema=0.1835/0.0947
[05:04:46] [train] epoch 28/100 steps=40 use_dann=0 das=off f=[0.0,0.0] p=0.00 gpu=3.0/15.8GB
[05:04:46] [train] ep=28 step=001/40 ce=0.2704 sc=0.4219 mi=0.0453 dn=0.0000 v13=0.0000 v15=0.0000 v16=0.0000 v17=0.0000 v18=0.0000 acc=1.0000 lr=2.57e-04 lambda=0.000 v18_lambda=0.000 gpu=3.0/15.8GB
[05:04:48] [train] ep=28 step=010/40 ce=0.3214 sc=0.7038 mi=0.0500 dn=0.0000 v13=0.0000 v15=0.0000 v16=0.0000 v17=0.0000 v18=0.0000 acc=1.0000 lr=2.56e-04 lambda=0.000 v18_lambda=0.000 gpu=3.0/15.8GB
[05:04:50] [train] ep=28 step=020/40 ce=0.3394 sc=0.7381 mi=0.0488 dn=0.0000 v13=0.0000 v15=0.0000 v16=0.0000 v17=0.0000 v18=0.0000 acc=0.9969 lr=2.55e-04 lambda=0.000 v18_lambda=0.000 gpu=3.0/15.8GB
[05:04:51] [train] ep=28 step=030/40 ce=0.4051 sc=0.7995 mi=0.0491 dn=0.0000 v13=0.0000 v15=0.0000 v16=0.0000 v17=0.0000 v18=0.0000 acc=0.9917 lr=2.54e-04 lambda=0.000 v18_lambda=0.000 gpu=3.0/15.8GB
[05:04:53] [train] ep=28 step=040/40 ce=0.3757 sc=0.8026 mi=0.0496 dn=0.0000 v13=0.0000 v15=0.0000 v16=0.0000 v17=0.0000 v18=0.0000 acc=0.9938 lr=2.54e-04 lambda=0.000 v18_lambda=0.000 gpu=3.0/15.8GB
[05:04:56] [ep_summary] ep=28/100 val_live=0.9506/0.9499 val_ema=0.8889/0.8916 test77_live=0.5072/0.4461 test77_diag_ema=0.2086/0.1258 v13=0.0000 v15=0.0000 v16=0.0000 v17=0.0000 v18=0.0000 das=off[0,0] p=0.00 ep_time=9.7s
[05:04:56] [save] best_sourceval_ema val_acc_ema=0.8889 source_val_live=0.9506/0.9499 source_val_ema=0.8889/0.8916 ep=28
[05:04:56] [save] best_sourcequalified77_ema ep=28 source_val_live=0.9506/0.9499 source_val_ema=0.8889/0.8916 test77_ema=0.2086/0.1258
[05:04:56] [train] epoch 29/100 steps=40 use_dann=0 das=off f=[0.0,0.0] p=0.00 gpu=3.0/15.8GB
[05:04:56] [train] ep=29 step=001/40 ce=0.2836 sc=0.7633 mi=0.0511 dn=0.0000 v13=0.0000 v15=0.0000 v16=0.0000 v17=0.0000 v18=0.0000 acc=1.0000 lr=2.53e-04 lambda=0.000 v18_lambda=0.000 gpu=3.0/15.8GB
[05:04:58] [train] ep=29 step=010/40 ce=0.2793 sc=0.8413 mi=0.0487 dn=0.0000 v13=0.0000 v15=0.0000 v16=0.0000 v17=0.0000 v18=0.0000 acc=1.0000 lr=2.53e-04 lambda=0.000 v18_lambda=0.000 gpu=3.0/15.8GB
[05:04:59] [train] ep=29 step=020/40 ce=0.3039 sc=0.8329 mi=0.0500 dn=0.0000 v13=0.0000 v15=0.0000 v16=0.0000 v17=0.0000 v18=0.0000 acc=0.9969 lr=2.52e-04 lambda=0.000 v18_lambda=0.000 gpu=3.0/15.8GB
[05:05:01] [train] ep=29 step=030/40 ce=0.2927 sc=0.7937 mi=0.0502 dn=0.0000 v13=0.0000 v15=0.0000 v16=0.0000 v17=0.0000 v18=0.0000 acc=0.9979 lr=2.51e-04 lambda=0.000 v18_lambda=0.000 gpu=3.0/15.8GB
[05:05:03] [train] ep=29 step=040/40 ce=0.2885 sc=0.7627 mi=0.0505 dn=0.0000 v13=0.0000 v15=0.0000 v16=0.0000 v17=0.0000 v18=0.0000 acc=0.9984 lr=2.50e-04 lambda=0.000 v18_lambda=0.000 gpu=3.0/15.8GB
[05:05:06] [ep_summary] ep=29/100 val_live=0.9753/0.9757 val_ema=0.8889/0.8916 test77_live=0.5647/0.5289 test77_diag_ema=0.2230/0.1424 v13=0.0000 v15=0.0000 v16=0.0000 v17=0.0000 v18=0.0000 das=off[0,0] p=0.00 ep_time=9.7s
[05:05:06] [save] best_sourcequalified77_ema ep=29 source_val_live=0.9753/0.9757 source_val_ema=0.8889/0.8916 test77_ema=0.2230/0.1424
[05:05:06] [train] epoch 30/100 steps=40 use_dann=0 das=off f=[0.0,0.0] p=0.00 gpu=3.0/15.8GB
[05:05:06] [train] ep=30 step=001/40 ce=0.2631 sc=0.6319 mi=0.0550 dn=0.0000 v13=0.0000 v15=0.0000 v16=0.0000 v17=0.0000 v18=0.0000 acc=1.0000 lr=2.50e-04 lambda=0.000 v18_lambda=0.000 gpu=3.0/15.8GB
[05:05:07] [train] ep=30 step=010/40 ce=0.4213 sc=0.7121 mi=0.0500 dn=0.0000 v13=0.0000 v15=0.0000 v16=0.0000 v17=0.0000 v18=0.0000 acc=0.9875 lr=2.49e-04 lambda=0.000 v18_lambda=0.000 gpu=3.0/15.8GB
[05:05:09] [train] ep=30 step=020/40 ce=0.4329 sc=0.7364 mi=0.0481 dn=0.0000 v13=0.0000 v15=0.0000 v16=0.0000 v17=0.0000 v18=0.0000 acc=0.9844 lr=2.48e-04 lambda=0.000 v18_lambda=0.000 gpu=3.0/15.8GB
[05:05:11] [train] ep=30 step=030/40 ce=0.4119 sc=0.7404 mi=0.0483 dn=0.0000 v13=0.0000 v15=0.0000 v16=0.0000 v17=0.0000 v18=0.0000 acc=0.9896 lr=2.47e-04 lambda=0.000 v18_lambda=0.000 gpu=3.0/15.8GB
[05:05:13] [train] ep=30 step=040/40 ce=0.4058 sc=0.7553 mi=0.0489 dn=0.0000 v13=0.0000 v15=0.0000 v16=0.0000 v17=0.0000 v18=0.0000 acc=0.9891 lr=2.46e-04 lambda=0.000 v18_lambda=0.000 gpu=3.0/15.8GB
[05:05:15] [pool] check ep=030/100 source_val_acc_ema=0.8951 threshold=0.90
[05:05:15] [pool] ep=030 SKIP (source_val_acc_ema=0.8951 < 0.90)
[05:05:15] [ep_summary] ep=30/100 val_live=0.9568/0.9568 val_ema=0.8951/0.8976 test77_live=0.4460/0.4304 test77_diag_ema=0.2338/0.1513 v13=0.0000 v15=0.0000 v16=0.0000 v17=0.0000 v18=0.0000 das=off[0,0] p=0.00 ep_time=9.8s
[05:05:15] [save] best_sourceval_ema val_acc_ema=0.8951 source_val_live=0.9568/0.9568 source_val_ema=0.8951/0.8976 ep=30
[05:05:15] [save] best_sourcequalified77_ema ep=30 source_val_live=0.9568/0.9568 source_val_ema=0.8951/0.8976 test77_ema=0.2338/0.1513
[05:05:15] [strict77_monitor] ep=30 best_source_epoch=30 source_val_ema=0.8951/0.8976 test77_ema_diag=0.2338/0.1513 sourcequalified_count=30 best_sourcequalified77_epoch=30 source_val_ema=0.8951/0.8976 test77_ema=0.2338/0.1513
[05:05:15] [train] epoch 31/100 steps=40 use_dann=0 das=off f=[0.0,0.0] p=0.00 gpu=3.0/15.8GB
[05:05:16] [train] ep=31 step=001/40 ce=0.2660 sc=0.6152 mi=0.0547 dn=0.0000 v13=0.0000 v15=0.0000 v16=0.0000 v17=0.0000 v18=0.0000 acc=1.0000 lr=2.46e-04 lambda=0.000 v18_lambda=0.000 gpu=3.0/15.8GB
[05:05:17] [train] ep=31 step=010/40 ce=0.3284 sc=0.6981 mi=0.0517 dn=0.0000 v13=0.0000 v15=0.0000 v16=0.0000 v17=0.0000 v18=0.0000 acc=1.0000 lr=2.45e-04 lambda=0.000 v18_lambda=0.000 gpu=3.0/15.8GB
[05:05:19] [train] ep=31 step=020/40 ce=0.3713 sc=0.7744 mi=0.0512 dn=0.0000 v13=0.0000 v15=0.0000 v16=0.0000 v17=0.0000 v18=0.0000 acc=0.9938 lr=2.44e-04 lambda=0.000 v18_lambda=0.000 gpu=3.0/15.8GB
[05:05:21] [train] ep=31 step=030/40 ce=0.4150 sc=0.8416 mi=0.0505 dn=0.0000 v13=0.0000 v15=0.0000 v16=0.0000 v17=0.0000 v18=0.0000 acc=0.9896 lr=2.43e-04 lambda=0.000 v18_lambda=0.000 gpu=3.0/15.8GB
[05:05:22] [train] ep=31 step=040/40 ce=0.3887 sc=0.8286 mi=0.0508 dn=0.0000 v13=0.0000 v15=0.0000 v16=0.0000 v17=0.0000 v18=0.0000 acc=0.9922 lr=2.43e-04 lambda=0.000 v18_lambda=0.000 gpu=3.0/15.8GB
[05:05:25] [ep_summary] ep=31/100 val_live=0.9630/0.9637 val_ema=0.9074/0.9093 test77_live=0.5144/0.4568 test77_diag_ema=0.2554/0.1732 v13=0.0000 v15=0.0000 v16=0.0000 v17=0.0000 v18=0.0000 das=off[0,0] p=0.00 ep_time=9.8s
[05:05:25] [save] best_sourceval_ema val_acc_ema=0.9074 source_val_live=0.9630/0.9637 source_val_ema=0.9074/0.9093 ep=31
[05:05:25] [save] best_sourcequalified77_ema ep=31 source_val_live=0.9630/0.9637 source_val_ema=0.9074/0.9093 test77_ema=0.2554/0.1732
[05:05:25] [train] epoch 32/100 steps=40 use_dann=0 das=off f=[0.0,0.0] p=0.00 gpu=3.0/15.8GB
[05:05:25] [train] ep=32 step=001/40 ce=0.2688 sc=1.3108 mi=0.0626 dn=0.0000 v13=0.0000 v15=0.0000 v16=0.0000 v17=0.0000 v18=0.0000 acc=1.0000 lr=2.42e-04 lambda=0.000 v18_lambda=0.000 gpu=3.0/15.8GB
[05:05:27] [train] ep=32 step=010/40 ce=0.4605 sc=0.8901 mi=0.0520 dn=0.0000 v13=0.0000 v15=0.0000 v16=0.0000 v17=0.0000 v18=0.0000 acc=0.9875 lr=2.42e-04 lambda=0.000 v18_lambda=0.000 gpu=3.0/15.8GB
[05:05:29] [train] ep=32 step=020/40 ce=0.3879 sc=0.8687 mi=0.0512 dn=0.0000 v13=0.0000 v15=0.0000 v16=0.0000 v17=0.0000 v18=0.0000 acc=0.9938 lr=2.41e-04 lambda=0.000 v18_lambda=0.000 gpu=3.0/15.8GB
[05:05:31] [train] ep=32 step=030/40 ce=0.3911 sc=0.8216 mi=0.0505 dn=0.0000 v13=0.0000 v15=0.0000 v16=0.0000 v17=0.0000 v18=0.0000 acc=0.9917 lr=2.40e-04 lambda=0.000 v18_lambda=0.000 gpu=3.0/15.8GB
[05:05:32] [train] ep=32 step=040/40 ce=0.3755 sc=0.7776 mi=0.0504 dn=0.0000 v13=0.0000 v15=0.0000 v16=0.0000 v17=0.0000 v18=0.0000 acc=0.9922 lr=2.39e-04 lambda=0.000 v18_lambda=0.000 gpu=3.0/15.8GB
[05:05:35] [ep_summary] ep=32/100 val_live=0.9506/0.9528 val_ema=0.9136/0.9152 test77_live=0.5504/0.4693 test77_diag_ema=0.2734/0.1915 v13=0.0000 v15=0.0000 v16=0.0000 v17=0.0000 v18=0.0000 das=off[0,0] p=0.00 ep_time=9.9s
[05:05:35] [save] best_sourceval_ema val_acc_ema=0.9136 source_val_live=0.9506/0.9528 source_val_ema=0.9136/0.9152 ep=32
[05:05:35] [save] best_sourcequalified77_ema ep=32 source_val_live=0.9506/0.9528 source_val_ema=0.9136/0.9152 test77_ema=0.2734/0.1915
[05:05:35] [train] epoch 33/100 steps=40 use_dann=0 das=off f=[0.0,0.0] p=0.00 gpu=3.0/15.8GB
[05:05:35] [train] ep=33 step=001/40 ce=1.4036 sc=1.6217 mi=0.0510 dn=0.0000 v13=0.0000 v15=0.0000 v16=0.0000 v17=0.0000 v18=0.0000 acc=0.8750 lr=2.39e-04 lambda=0.000 v18_lambda=0.000 gpu=3.0/15.8GB
[05:05:37] [train] ep=33 step=010/40 ce=0.4566 sc=0.8568 mi=0.0512 dn=0.0000 v13=0.0000 v15=0.0000 v16=0.0000 v17=0.0000 v18=0.0000 acc=0.9875 lr=2.38e-04 lambda=0.000 v18_lambda=0.000 gpu=3.0/15.8GB
[05:05:39] [train] ep=33 step=020/40 ce=0.4337 sc=0.8555 mi=0.0505 dn=0.0000 v13=0.0000 v15=0.0000 v16=0.0000 v17=0.0000 v18=0.0000 acc=0.9906 lr=2.37e-04 lambda=0.000 v18_lambda=0.000 gpu=3.0/15.8GB
[05:05:41] [train] ep=33 step=030/40 ce=0.4304 sc=0.8576 mi=0.0510 dn=0.0000 v13=0.0000 v15=0.0000 v16=0.0000 v17=0.0000 v18=0.0000 acc=0.9917 lr=2.36e-04 lambda=0.000 v18_lambda=0.000 gpu=3.0/15.8GB
[05:05:42] [train] ep=33 step=040/40 ce=0.4228 sc=0.8525 mi=0.0504 dn=0.0000 v13=0.0000 v15=0.0000 v16=0.0000 v17=0.0000 v18=0.0000 acc=0.9906 lr=2.35e-04 lambda=0.000 v18_lambda=0.000 gpu=3.0/15.8GB
[05:05:45] [ep_summary] ep=33/100 val_live=0.9568/0.9576 val_ema=0.9136/0.9148 test77_live=0.5719/0.5360 test77_diag_ema=0.2986/0.2135 v13=0.0000 v15=0.0000 v16=0.0000 v17=0.0000 v18=0.0000 das=off[0,0] p=0.00 ep_time=10.0s
[05:05:45] [save] best_sourcequalified77_ema ep=33 source_val_live=0.9568/0.9576 source_val_ema=0.9136/0.9148 test77_ema=0.2986/0.2135
[05:05:45] [train] epoch 34/100 steps=40 use_dann=0 das=off f=[0.0,0.0] p=0.00 gpu=3.0/15.8GB
[05:05:45] [train] ep=34 step=001/40 ce=0.2670 sc=0.6182 mi=0.0495 dn=0.0000 v13=0.0000 v15=0.0000 v16=0.0000 v17=0.0000 v18=0.0000 acc=1.0000 lr=2.35e-04 lambda=0.000 v18_lambda=0.000 gpu=3.0/15.8GB
[05:05:47] [train] ep=34 step=010/40 ce=0.2932 sc=0.7778 mi=0.0471 dn=0.0000 v13=0.0000 v15=0.0000 v16=0.0000 v17=0.0000 v18=0.0000 acc=1.0000 lr=2.34e-04 lambda=0.000 v18_lambda=0.000 gpu=3.0/15.8GB
[05:05:49] [train] ep=34 step=020/40 ce=0.3299 sc=0.7522 mi=0.0468 dn=0.0000 v13=0.0000 v15=0.0000 v16=0.0000 v17=0.0000 v18=0.0000 acc=0.9969 lr=2.33e-04 lambda=0.000 v18_lambda=0.000 gpu=3.0/15.8GB
[05:05:50] [train] ep=34 step=030/40 ce=0.3165 sc=0.7349 mi=0.0472 dn=0.0000 v13=0.0000 v15=0.0000 v16=0.0000 v17=0.0000 v18=0.0000 acc=0.9979 lr=2.32e-04 lambda=0.000 v18_lambda=0.000 gpu=3.0/15.8GB
[05:05:52] [train] ep=34 step=040/40 ce=0.3249 sc=0.7647 mi=0.0478 dn=0.0000 v13=0.0000 v15=0.0000 v16=0.0000 v17=0.0000 v18=0.0000 acc=0.9984 lr=2.31e-04 lambda=0.000 v18_lambda=0.000 gpu=3.0/15.8GB
[05:05:55] [ep_summary] ep=34/100 val_live=0.9691/0.9699 val_ema=0.9259/0.9264 test77_live=0.5719/0.5256 test77_diag_ema=0.3165/0.2307 v13=0.0000 v15=0.0000 v16=0.0000 v17=0.0000 v18=0.0000 das=off[0,0] p=0.00 ep_time=9.7s
[05:05:55] [save] best_sourceval_ema val_acc_ema=0.9259 source_val_live=0.9691/0.9699 source_val_ema=0.9259/0.9264 ep=34
[05:05:55] [save] best_sourcequalified77_ema ep=34 source_val_live=0.9691/0.9699 source_val_ema=0.9259/0.9264 test77_ema=0.3165/0.2307
[05:05:55] [train] epoch 35/100 steps=40 use_dann=0 das=off f=[0.0,0.0] p=0.00 gpu=3.0/15.8GB
[05:05:55] [train] ep=35 step=001/40 ce=0.8604 sc=1.4755 mi=0.0531 dn=0.0000 v13=0.0000 v15=0.0000 v16=0.0000 v17=0.0000 v18=0.0000 acc=0.9375 lr=2.31e-04 lambda=0.000 v18_lambda=0.000 gpu=3.0/15.8GB
[05:05:57] [train] ep=35 step=010/40 ce=0.4149 sc=0.9014 mi=0.0497 dn=0.0000 v13=0.0000 v15=0.0000 v16=0.0000 v17=0.0000 v18=0.0000 acc=0.9875 lr=2.30e-04 lambda=0.000 v18_lambda=0.000 gpu=3.0/15.8GB
[05:05:58] [train] ep=35 step=020/40 ce=0.3909 sc=0.8279 mi=0.0498 dn=0.0000 v13=0.0000 v15=0.0000 v16=0.0000 v17=0.0000 v18=0.0000 acc=0.9906 lr=2.29e-04 lambda=0.000 v18_lambda=0.000 gpu=3.0/15.8GB
[05:06:00] [train] ep=35 step=030/40 ce=0.3598 sc=0.8280 mi=0.0495 dn=0.0000 v13=0.0000 v15=0.0000 v16=0.0000 v17=0.0000 v18=0.0000 acc=0.9938 lr=2.28e-04 lambda=0.000 v18_lambda=0.000 gpu=3.0/15.8GB
[05:06:02] [train] ep=35 step=040/40 ce=0.3410 sc=0.7922 mi=0.0493 dn=0.0000 v13=0.0000 v15=0.0000 v16=0.0000 v17=0.0000 v18=0.0000 acc=0.9953 lr=2.27e-04 lambda=0.000 v18_lambda=0.000 gpu=3.0/15.8GB
[05:06:05] [ep_summary] ep=35/100 val_live=0.9753/0.9757 val_ema=0.9321/0.9327 test77_live=0.5360/0.4800 test77_diag_ema=0.3345/0.2514 v13=0.0000 v15=0.0000 v16=0.0000 v17=0.0000 v18=0.0000 das=off[0,0] p=0.00 ep_time=9.8s
[05:06:05] [save] best_sourceval_ema val_acc_ema=0.9321 source_val_live=0.9753/0.9757 source_val_ema=0.9321/0.9327 ep=35
[05:06:05] [save] best_sourcequalified77_ema ep=35 source_val_live=0.9753/0.9757 source_val_ema=0.9321/0.9327 test77_ema=0.3345/0.2514
[05:06:05] [train] epoch 36/100 steps=40 use_dann=0 das=off f=[0.0,0.0] p=0.00 gpu=3.0/15.8GB
[05:06:05] [train] ep=36 step=001/40 ce=0.2720 sc=0.7514 mi=0.0487 dn=0.0000 v13=0.0000 v15=0.0000 v16=0.0000 v17=0.0000 v18=0.0000 acc=1.0000 lr=2.26e-04 lambda=0.000 v18_lambda=0.000 gpu=3.0/15.8GB
[05:06:07] [train] ep=36 step=010/40 ce=0.2750 sc=0.8023 mi=0.0484 dn=0.0000 v13=0.0000 v15=0.0000 v16=0.0000 v17=0.0000 v18=0.0000 acc=1.0000 lr=2.25e-04 lambda=0.000 v18_lambda=0.000 gpu=3.0/15.8GB
[05:06:08] [train] ep=36 step=020/40 ce=0.3338 sc=0.7793 mi=0.0481 dn=0.0000 v13=0.0000 v15=0.0000 v16=0.0000 v17=0.0000 v18=0.0000 acc=0.9938 lr=2.24e-04 lambda=0.000 v18_lambda=0.000 gpu=3.0/15.8GB
[05:06:10] [train] ep=36 step=030/40 ce=0.3705 sc=0.8167 mi=0.0479 dn=0.0000 v13=0.0000 v15=0.0000 v16=0.0000 v17=0.0000 v18=0.0000 acc=0.9917 lr=2.23e-04 lambda=0.000 v18_lambda=0.000 gpu=3.0/15.8GB
[05:06:12] [train] ep=36 step=040/40 ce=0.3645 sc=0.8374 mi=0.0486 dn=0.0000 v13=0.0000 v15=0.0000 v16=0.0000 v17=0.0000 v18=0.0000 acc=0.9922 lr=2.22e-04 lambda=0.000 v18_lambda=0.000 gpu=3.0/15.8GB
[05:06:14] [ep_summary] ep=36/100 val_live=0.9691/0.9700 val_ema=0.9321/0.9327 test77_live=0.6151/0.5697 test77_diag_ema=0.3561/0.2714 v13=0.0000 v15=0.0000 v16=0.0000 v17=0.0000 v18=0.0000 das=off[0,0] p=0.00 ep_time=9.7s
[05:06:15] [save] best_sourcequalified77_ema ep=36 source_val_live=0.9691/0.9700 source_val_ema=0.9321/0.9327 test77_ema=0.3561/0.2714
[05:06:15] [train] epoch 37/100 steps=40 use_dann=0 das=off f=[0.0,0.0] p=0.00 gpu=3.0/15.8GB
[05:06:15] [train] ep=37 step=001/40 ce=0.2734 sc=1.0101 mi=0.0462 dn=0.0000 v13=0.0000 v15=0.0000 v16=0.0000 v17=0.0000 v18=0.0000 acc=1.0000 lr=2.22e-04 lambda=0.000 v18_lambda=0.000 gpu=3.0/15.8GB
[05:06:16] [train] ep=37 step=010/40 ce=0.2995 sc=0.7589 mi=0.0487 dn=0.0000 v13=0.0000 v15=0.0000 v16=0.0000 v17=0.0000 v18=0.0000 acc=1.0000 lr=2.21e-04 lambda=0.000 v18_lambda=0.000 gpu=3.0/15.8GB
[05:06:18] [train] ep=37 step=020/40 ce=0.2888 sc=0.7281 mi=0.0496 dn=0.0000 v13=0.0000 v15=0.0000 v16=0.0000 v17=0.0000 v18=0.0000 acc=1.0000 lr=2.20e-04 lambda=0.000 v18_lambda=0.000 gpu=3.0/15.8GB
[05:06:20] [train] ep=37 step=030/40 ce=0.3014 sc=0.7129 mi=0.0496 dn=0.0000 v13=0.0000 v15=0.0000 v16=0.0000 v17=0.0000 v18=0.0000 acc=1.0000 lr=2.19e-04 lambda=0.000 v18_lambda=0.000 gpu=3.0/15.8GB
[05:06:21] [train] ep=37 step=040/40 ce=0.2947 sc=0.7204 mi=0.0488 dn=0.0000 v13=0.0000 v15=0.0000 v16=0.0000 v17=0.0000 v18=0.0000 acc=1.0000 lr=2.18e-04 lambda=0.000 v18_lambda=0.000 gpu=3.0/15.8GB
[05:06:24] [ep_summary] ep=37/100 val_live=0.9815/0.9818 val_ema=0.9321/0.9327 test77_live=0.5180/0.4697 test77_diag_ema=0.3633/0.2766 v13=0.0000 v15=0.0000 v16=0.0000 v17=0.0000 v18=0.0000 das=off[0,0] p=0.00 ep_time=9.7s
[05:06:24] [save] best_sourcequalified77_ema ep=37 source_val_live=0.9815/0.9818 source_val_ema=0.9321/0.9327 test77_ema=0.3633/0.2766
[05:06:24] [train] epoch 38/100 steps=40 use_dann=0 das=off f=[0.0,0.0] p=0.00 gpu=3.0/15.8GB
[05:06:24] [train] ep=38 step=001/40 ce=0.6960 sc=0.7269 mi=0.0490 dn=0.0000 v13=0.0000 v15=0.0000 v16=0.0000 v17=0.0000 v18=0.0000 acc=0.9375 lr=2.18e-04 lambda=0.000 v18_lambda=0.000 gpu=3.0/15.8GB
[05:06:26] [train] ep=38 step=010/40 ce=0.3184 sc=0.6439 mi=0.0485 dn=0.0000 v13=0.0000 v15=0.0000 v16=0.0000 v17=0.0000 v18=0.0000 acc=0.9938 lr=2.17e-04 lambda=0.000 v18_lambda=0.000 gpu=3.0/15.8GB
[05:06:28] [train] ep=38 step=020/40 ce=0.3623 sc=0.7101 mi=0.0485 dn=0.0000 v13=0.0000 v15=0.0000 v16=0.0000 v17=0.0000 v18=0.0000 acc=0.9906 lr=2.16e-04 lambda=0.000 v18_lambda=0.000 gpu=3.0/15.8GB
[05:06:29] [train] ep=38 step=030/40 ce=0.3923 sc=0.7500 mi=0.0489 dn=0.0000 v13=0.0000 v15=0.0000 v16=0.0000 v17=0.0000 v18=0.0000 acc=0.9875 lr=2.15e-04 lambda=0.000 v18_lambda=0.000 gpu=3.0/15.8GB
[05:06:31] [train] ep=38 step=040/40 ce=0.3621 sc=0.7273 mi=0.0496 dn=0.0000 v13=0.0000 v15=0.0000 v16=0.0000 v17=0.0000 v18=0.0000 acc=0.9906 lr=2.14e-04 lambda=0.000 v18_lambda=0.000 gpu=3.0/15.8GB
[05:06:34] [ep_summary] ep=38/100 val_live=0.9691/0.9699 val_ema=0.9444/0.9449 test77_live=0.5683/0.5096 test77_diag_ema=0.3633/0.2771 v13=0.0000 v15=0.0000 v16=0.0000 v17=0.0000 v18=0.0000 das=off[0,0] p=0.00 ep_time=9.9s
[05:06:34] [save] best_sourceval_ema val_acc_ema=0.9444 source_val_live=0.9691/0.9699 source_val_ema=0.9444/0.9449 ep=38
[05:06:34] [save] best_sourcequalified77_ema ep=38 source_val_live=0.9691/0.9699 source_val_ema=0.9444/0.9449 test77_ema=0.3633/0.2771
[05:06:34] [train] epoch 39/100 steps=40 use_dann=0 das=off f=[0.0,0.0] p=0.00 gpu=3.0/15.8GB
[05:06:34] [train] ep=39 step=001/40 ce=0.2636 sc=0.5487 mi=0.0484 dn=0.0000 v13=0.0000 v15=0.0000 v16=0.0000 v17=0.0000 v18=0.0000 acc=1.0000 lr=2.14e-04 lambda=0.000 v18_lambda=0.000 gpu=3.0/15.8GB
[05:06:36] [train] ep=39 step=010/40 ce=0.2654 sc=0.6528 mi=0.0470 dn=0.0000 v13=0.0000 v15=0.0000 v16=0.0000 v17=0.0000 v18=0.0000 acc=1.0000 lr=2.13e-04 lambda=0.000 v18_lambda=0.000 gpu=3.0/15.8GB
[05:06:39] [train] ep=39 step=020/40 ce=0.2721 sc=0.7188 mi=0.0469 dn=0.0000 v13=0.0000 v15=0.0000 v16=0.0000 v17=0.0000 v18=0.0000 acc=1.0000 lr=2.11e-04 lambda=0.000 v18_lambda=0.000 gpu=3.0/15.8GB
[05:06:41] [train] ep=39 step=030/40 ce=0.2802 sc=0.7263 mi=0.0480 dn=0.0000 v13=0.0000 v15=0.0000 v16=0.0000 v17=0.0000 v18=0.0000 acc=1.0000 lr=2.10e-04 lambda=0.000 v18_lambda=0.000 gpu=3.0/15.8GB
[05:06:43] [train] ep=39 step=040/40 ce=0.2910 sc=0.7308 mi=0.0475 dn=0.0000 v13=0.0000 v15=0.0000 v16=0.0000 v17=0.0000 v18=0.0000 acc=0.9984 lr=2.09e-04 lambda=0.000 v18_lambda=0.000 gpu=3.0/15.8GB
[05:06:46] [ep_summary] ep=39/100 val_live=0.9568/0.9572 val_ema=0.9444/0.9449 test77_live=0.5540/0.4827 test77_diag_ema=0.3705/0.2842 v13=0.0000 v15=0.0000 v16=0.0000 v17=0.0000 v18=0.0000 das=off[0,0] p=0.00 ep_time=11.8s
[05:06:46] [save] best_sourcequalified77_ema ep=39 source_val_live=0.9568/0.9572 source_val_ema=0.9444/0.9449 test77_ema=0.3705/0.2842
[05:06:46] [train] epoch 40/100 steps=40 use_dann=0 das=off f=[0.0,0.0] p=0.00 gpu=3.0/15.8GB
[05:06:46] [train] ep=40 step=001/40 ce=0.2708 sc=0.5393 mi=0.0399 dn=0.0000 v13=0.0000 v15=0.0000 v16=0.0000 v17=0.0000 v18=0.0000 acc=1.0000 lr=2.09e-04 lambda=0.000 v18_lambda=0.000 gpu=3.0/15.8GB
[05:06:48] [train] ep=40 step=010/40 ce=0.3039 sc=0.7259 mi=0.0501 dn=0.0000 v13=0.0000 v15=0.0000 v16=0.0000 v17=0.0000 v18=0.0000 acc=1.0000 lr=2.08e-04 lambda=0.000 v18_lambda=0.000 gpu=3.0/15.8GB
[05:06:50] [train] ep=40 step=020/40 ce=0.3410 sc=0.7571 mi=0.0505 dn=0.0000 v13=0.0000 v15=0.0000 v16=0.0000 v17=0.0000 v18=0.0000 acc=0.9969 lr=2.07e-04 lambda=0.000 v18_lambda=0.000 gpu=3.0/15.8GB
[05:06:52] [train] ep=40 step=030/40 ce=0.3371 sc=0.7743 mi=0.0491 dn=0.0000 v13=0.0000 v15=0.0000 v16=0.0000 v17=0.0000 v18=0.0000 acc=0.9958 lr=2.06e-04 lambda=0.000 v18_lambda=0.000 gpu=3.0/15.8GB
[05:06:54] [train] ep=40 step=040/40 ce=0.3367 sc=0.7956 mi=0.0489 dn=0.0000 v13=0.0000 v15=0.0000 v16=0.0000 v17=0.0000 v18=0.0000 acc=0.9953 lr=2.05e-04 lambda=0.000 v18_lambda=0.000 gpu=3.0/15.8GB
[05:06:57] [pool] check ep=040/100 source_val_acc_ema=0.9444 threshold=0.90
[05:06:58] [pool] ep=040 ADDED src_val=0.9444/0.9449 dev77=0.3429/0.2570 final77=0.3777/0.2920
[05:06:58] [pool] running best ep=040 dev77_f1=0.2570 final77_f1=0.2920 (pool_size=1)
[05:06:58] [ep_summary] ep=40/100 val_live=0.9691/0.9699 val_ema=0.9444/0.9449 test77_live=0.5540/0.5214 test77_diag_ema=0.3777/0.2920 v13=0.0000 v15=0.0000 v16=0.0000 v17=0.0000 v18=0.0000 das=off[0,0] p=0.00 ep_time=12.3s
[05:06:58] [save] best_sourcequalified77_ema ep=40 source_val_live=0.9691/0.9699 source_val_ema=0.9444/0.9449 test77_ema=0.3777/0.2920
[05:06:58] [strict77_monitor] ep=40 best_source_epoch=38 source_val_ema=0.9444/0.9449 test77_ema_diag=0.3633/0.2771 sourcequalified_count=40 best_sourcequalified77_epoch=40 source_val_ema=0.9444/0.9449 test77_ema=0.3777/0.2920
[05:06:58] [train] epoch 41/100 steps=40 use_dann=0 das=off f=[0.0,0.0] p=0.00 gpu=3.0/15.8GB
[05:06:59] [train] ep=41 step=001/40 ce=0.2634 sc=0.6142 mi=0.0423 dn=0.0000 v13=0.0000 v15=0.0000 v16=0.0000 v17=0.0000 v18=0.0000 acc=1.0000 lr=2.05e-04 lambda=0.000 v18_lambda=0.000 gpu=3.0/15.8GB
[05:07:01] [train] ep=41 step=010/40 ce=0.2642 sc=0.7162 mi=0.0484 dn=0.0000 v13=0.0000 v15=0.0000 v16=0.0000 v17=0.0000 v18=0.0000 acc=1.0000 lr=2.04e-04 lambda=0.000 v18_lambda=0.000 gpu=3.0/15.8GB
[05:07:03] [train] ep=41 step=020/40 ce=0.2799 sc=0.6692 mi=0.0475 dn=0.0000 v13=0.0000 v15=0.0000 v16=0.0000 v17=0.0000 v18=0.0000 acc=1.0000 lr=2.02e-04 lambda=0.000 v18_lambda=0.000 gpu=3.0/15.8GB
[05:07:05] [train] ep=41 step=030/40 ce=0.3061 sc=0.7178 mi=0.0478 dn=0.0000 v13=0.0000 v15=0.0000 v16=0.0000 v17=0.0000 v18=0.0000 acc=0.9979 lr=2.01e-04 lambda=0.000 v18_lambda=0.000 gpu=3.0/15.8GB
[05:07:07] [train] ep=41 step=040/40 ce=0.3345 sc=0.7099 mi=0.0478 dn=0.0000 v13=0.0000 v15=0.0000 v16=0.0000 v17=0.0000 v18=0.0000 acc=0.9953 lr=2.00e-04 lambda=0.000 v18_lambda=0.000 gpu=3.0/15.8GB
[05:07:09] [ep_summary] ep=41/100 val_live=0.9753/0.9760 val_ema=0.9444/0.9449 test77_live=0.6223/0.5528 test77_diag_ema=0.3957/0.3086 v13=0.0000 v15=0.0000 v16=0.0000 v17=0.0000 v18=0.0000 das=off[0,0] p=0.00 ep_time=11.0s
[05:07:09] [save] best_sourcequalified77_ema ep=41 source_val_live=0.9753/0.9760 source_val_ema=0.9444/0.9449 test77_ema=0.3957/0.3086
[05:07:09] [train] epoch 42/100 steps=40 use_dann=0 das=off f=[0.0,0.0] p=0.00 gpu=3.0/15.8GB
[05:07:10] [train] ep=42 step=001/40 ce=0.2656 sc=0.8483 mi=0.0363 dn=0.0000 v13=0.0000 v15=0.0000 v16=0.0000 v17=0.0000 v18=0.0000 acc=1.0000 lr=2.00e-04 lambda=0.000 v18_lambda=0.000 gpu=3.0/15.8GB
[05:07:12] [train] ep=42 step=010/40 ce=0.2898 sc=0.8602 mi=0.0472 dn=0.0000 v13=0.0000 v15=0.0000 v16=0.0000 v17=0.0000 v18=0.0000 acc=1.0000 lr=1.99e-04 lambda=0.000 v18_lambda=0.000 gpu=3.0/15.8GB
[05:07:14] [train] ep=42 step=020/40 ce=0.2925 sc=0.7878 mi=0.0477 dn=0.0000 v13=0.0000 v15=0.0000 v16=0.0000 v17=0.0000 v18=0.0000 acc=1.0000 lr=1.98e-04 lambda=0.000 v18_lambda=0.000 gpu=3.0/15.8GB
[05:07:16] [train] ep=42 step=030/40 ce=0.2868 sc=0.7810 mi=0.0475 dn=0.0000 v13=0.0000 v15=0.0000 v16=0.0000 v17=0.0000 v18=0.0000 acc=1.0000 lr=1.97e-04 lambda=0.000 v18_lambda=0.000 gpu=3.0/15.8GB
[05:07:18] [train] ep=42 step=040/40 ce=0.2830 sc=0.7693 mi=0.0471 dn=0.0000 v13=0.0000 v15=0.0000 v16=0.0000 v17=0.0000 v18=0.0000 acc=1.0000 lr=1.96e-04 lambda=0.000 v18_lambda=0.000 gpu=3.0/15.8GB
[05:07:20] [ep_summary] ep=42/100 val_live=0.9691/0.9695 val_ema=0.9444/0.9449 test77_live=0.5036/0.4321 test77_diag_ema=0.4101/0.3248 v13=0.0000 v15=0.0000 v16=0.0000 v17=0.0000 v18=0.0000 das=off[0,0] p=0.00 ep_time=10.8s
[05:07:20] [save] best_sourcequalified77_ema ep=42 source_val_live=0.9691/0.9695 source_val_ema=0.9444/0.9449 test77_ema=0.4101/0.3248
[05:07:20] [train] epoch 43/100 steps=40 use_dann=0 das=off f=[0.0,0.0] p=0.00 gpu=3.0/15.8GB
[05:07:21] [train] ep=43 step=001/40 ce=0.2592 sc=0.5379 mi=0.0440 dn=0.0000 v13=0.0000 v15=0.0000 v16=0.0000 v17=0.0000 v18=0.0000 acc=1.0000 lr=1.95e-04 lambda=0.000 v18_lambda=0.000 gpu=3.0/15.8GB
[05:07:22] [train] ep=43 step=010/40 ce=0.2764 sc=0.7864 mi=0.0470 dn=0.0000 v13=0.0000 v15=0.0000 v16=0.0000 v17=0.0000 v18=0.0000 acc=1.0000 lr=1.94e-04 lambda=0.000 v18_lambda=0.000 gpu=3.0/15.8GB
[05:07:24] [train] ep=43 step=020/40 ce=0.2952 sc=0.7850 mi=0.0476 dn=0.0000 v13=0.0000 v15=0.0000 v16=0.0000 v17=0.0000 v18=0.0000 acc=0.9969 lr=1.93e-04 lambda=0.000 v18_lambda=0.000 gpu=3.0/15.8GB
[05:07:26] [train] ep=43 step=030/40 ce=0.3187 sc=0.7736 mi=0.0475 dn=0.0000 v13=0.0000 v15=0.0000 v16=0.0000 v17=0.0000 v18=0.0000 acc=0.9938 lr=1.92e-04 lambda=0.000 v18_lambda=0.000 gpu=3.0/15.8GB
[05:07:29] [train] ep=43 step=040/40 ce=0.3152 sc=0.7650 mi=0.0479 dn=0.0000 v13=0.0000 v15=0.0000 v16=0.0000 v17=0.0000 v18=0.0000 acc=0.9953 lr=1.91e-04 lambda=0.000 v18_lambda=0.000 gpu=3.0/15.8GB
[05:07:31] [ep_summary] ep=43/100 val_live=0.9753/0.9760 val_ema=0.9568/0.9568 test77_live=0.4928/0.4291 test77_diag_ema=0.4173/0.3299 v13=0.0000 v15=0.0000 v16=0.0000 v17=0.0000 v18=0.0000 das=off[0,0] p=0.00 ep_time=11.1s
[05:07:31] [save] best_sourceval_ema val_acc_ema=0.9568 source_val_live=0.9753/0.9760 source_val_ema=0.9568/0.9568 ep=43
[05:07:31] [save] best_sourcequalified77_ema ep=43 source_val_live=0.9753/0.9760 source_val_ema=0.9568/0.9568 test77_ema=0.4173/0.3299
[05:07:31] [train] epoch 44/100 steps=40 use_dann=0 das=off f=[0.0,0.0] p=0.00 gpu=3.0/15.8GB
[05:07:32] [train] ep=44 step=001/40 ce=0.2643 sc=0.7870 mi=0.0529 dn=0.0000 v13=0.0000 v15=0.0000 v16=0.0000 v17=0.0000 v18=0.0000 acc=1.0000 lr=1.91e-04 lambda=0.000 v18_lambda=0.000 gpu=3.0/15.8GB
[05:07:34] [train] ep=44 step=010/40 ce=0.4623 sc=0.6330 mi=0.0493 dn=0.0000 v13=0.0000 v15=0.0000 v16=0.0000 v17=0.0000 v18=0.0000 acc=0.9875 lr=1.90e-04 lambda=0.000 v18_lambda=0.000 gpu=3.0/15.8GB
[05:07:36] [train] ep=44 step=020/40 ce=0.3684 sc=0.7138 mi=0.0480 dn=0.0000 v13=0.0000 v15=0.0000 v16=0.0000 v17=0.0000 v18=0.0000 acc=0.9938 lr=1.89e-04 lambda=0.000 v18_lambda=0.000 gpu=3.0/15.8GB
[05:07:38] [train] ep=44 step=030/40 ce=0.3354 sc=0.7513 mi=0.0474 dn=0.0000 v13=0.0000 v15=0.0000 v16=0.0000 v17=0.0000 v18=0.0000 acc=0.9958 lr=1.87e-04 lambda=0.000 v18_lambda=0.000 gpu=3.0/15.8GB
[05:07:40] [train] ep=44 step=040/40 ce=0.3277 sc=0.7495 mi=0.0470 dn=0.0000 v13=0.0000 v15=0.0000 v16=0.0000 v17=0.0000 v18=0.0000 acc=0.9953 lr=1.86e-04 lambda=0.000 v18_lambda=0.000 gpu=3.0/15.8GB
[05:07:43] [ep_summary] ep=44/100 val_live=0.9630/0.9637 val_ema=0.9568/0.9568 test77_live=0.5324/0.4568 test77_diag_ema=0.4137/0.3261 v13=0.0000 v15=0.0000 v16=0.0000 v17=0.0000 v18=0.0000 das=off[0,0] p=0.00 ep_time=11.1s
[05:07:43] [train] epoch 45/100 steps=40 use_dann=0 das=off f=[0.0,0.0] p=0.00 gpu=3.0/15.8GB
[05:07:43] [train] ep=45 step=001/40 ce=0.2608 sc=0.6327 mi=0.0465 dn=0.0000 v13=0.0000 v15=0.0000 v16=0.0000 v17=0.0000 v18=0.0000 acc=1.0000 lr=1.86e-04 lambda=0.000 v18_lambda=0.000 gpu=3.0/15.8GB
