[00:45:26] protocol=self backbone=dinov3_vitl16 run_dir=G:\zhanghe\Letter journal\EXPERIMENTSRESULT\REVISION_5090\VITL_FULLFT\seed42
[00:45:26] device=cuda
[00:45:26] split sizes:
[00:45:26]   train    n= 644   10GHz=302, 24GHz=342
[00:45:26]   val      n= 162   10GHz=78, 24GHz=84
[00:45:26]   dev77    n= 140   77GHz=140
[00:45:26]   test77   n= 278   77GHz=278
[00:45:26] train aug: flip=False randaugment=True
[00:45:30] backbone=vit_large_patch16_dinov3.lvd1689m frozen=False feat_dim=1024
[00:45:30] trainable=303.09M / total=303.09M
[00:45:30] LLRD enabled: decay=0.65  param_groups=52  lr_scales=[0.0000..1.0000]
[00:45:30] Mixup/Cutmix enabled: mixup_alpha=0.2 cutmix_alpha=1.0 switch_prob=0.5
[00:45:30] EMA enabled: decay=0.999 start_epoch=5
[00:45:30] epochs=100 steps/epoch=40 total_steps=4000 lr=0.0001 wd=0.05 batch=16 warmup_epochs=5
[00:45:38] ep 01/100  loss=2.0659  tr_acc=0.1391  val_l=0.2099/0.1479  val_e=0.0000/0.0000  dev_l=0.1357/0.0341  dev_e=0.0000/0.0000  lr=4.2e-10  ep_time=7.8s
[00:45:47] ep 02/100  loss=1.9770  tr_acc=0.1406  val_l=0.3889/0.3707  val_e=0.0000/0.0000  dev_l=0.1357/0.0604  dev_e=0.0000/0.0000  lr=8.4e-10  ep_time=7.5s
[00:45:59] ep 03/100  loss=1.8017  tr_acc=0.2500  val_l=0.5926/0.5644  val_e=0.0000/0.0000  dev_l=0.3000/0.2317  dev_e=0.0000/0.0000  lr=1.3e-09  ep_time=7.2s
[00:46:07] ep 04/100  loss=1.5609  tr_acc=0.3719  val_l=0.5988/0.5384  val_e=0.0000/0.0000  dev_l=0.2429/0.1610  dev_e=0.0000/0.0000  lr=1.7e-09  ep_time=7.2s
[00:46:21] ep 05/100  loss=1.2622  tr_acc=0.4875  val_l=0.8333/0.8204  val_e=0.1605/0.0923  dev_l=0.4000/0.2948  dev_e=0.1214/0.0399  lr=2.1e-09  ep_time=10.1s
[00:46:23]   -> new best dev77_f1_ema=0.0399  test77=0.1331/0.0432
[00:46:46] ep 06/100  loss=1.1752  tr_acc=0.5078  val_l=0.8765/0.8708  val_e=0.1728/0.1037  dev_l=0.6286/0.5585  dev_e=0.1286/0.0421  lr=2.1e-09  ep_time=10.3s
[00:46:48]   -> new best dev77_f1_ema=0.0421  test77=0.1439/0.0420
[00:47:12] ep 07/100  loss=1.2161  tr_acc=0.4984  val_l=0.8642/0.8423  val_e=0.1975/0.1391  dev_l=0.4786/0.3899  dev_e=0.1500/0.0479  lr=2.1e-09  ep_time=10.2s
[00:47:14]   -> new best dev77_f1_ema=0.0479  test77=0.1439/0.0420
[00:47:36] ep 08/100  loss=1.0680  tr_acc=0.5609  val_l=0.8827/0.8789  val_e=0.2469/0.1928  dev_l=0.5143/0.3992  dev_e=0.1500/0.0481  lr=2.1e-09  ep_time=10.2s
[00:47:37]   -> new best dev77_f1_ema=0.0481  test77=0.1439/0.0420
[00:48:01] ep 09/100  loss=0.9919  tr_acc=0.5672  val_l=0.9444/0.9447  val_e=0.2840/0.2300  dev_l=0.4571/0.3880  dev_e=0.1500/0.0483  lr=2.1e-09  ep_time=10.2s
[00:48:03]   -> new best dev77_f1_ema=0.0483  test77=0.1439/0.0420
[00:48:27] ep 10/100  loss=0.8957  tr_acc=0.5813  val_l=0.9012/0.8911  val_e=0.3272/0.2684  dev_l=0.6214/0.5427  dev_e=0.1500/0.0485  lr=2.1e-09  ep_time=10.1s
[00:48:29]   -> new best dev77_f1_ema=0.0485  test77=0.1475/0.0478
[00:48:52] ep 11/100  loss=1.0497  tr_acc=0.6359  val_l=0.9506/0.9507  val_e=0.3889/0.3113  dev_l=0.4929/0.4192  dev_e=0.1500/0.0485  lr=2.1e-09  ep_time=10.1s
[00:49:04] ep 12/100  loss=0.9877  tr_acc=0.5609  val_l=0.9506/0.9503  val_e=0.4259/0.3346  dev_l=0.4643/0.3747  dev_e=0.1500/0.0492  lr=2.1e-09  ep_time=10.0s
[00:49:06]   -> new best dev77_f1_ema=0.0492  test77=0.1547/0.0588
[00:49:28] ep 13/100  loss=0.9472  tr_acc=0.5078  val_l=0.9630/0.9634  val_e=0.4444/0.3531  dev_l=0.5857/0.5774  dev_e=0.1571/0.0612  lr=2.1e-09  ep_time=10.5s
[00:49:29]   -> new best dev77_f1_ema=0.0612  test77=0.1583/0.0636
[00:49:52] ep 14/100  loss=0.9405  tr_acc=0.4797  val_l=0.9321/0.9303  val_e=0.4568/0.3697  dev_l=0.5286/0.5095  dev_e=0.1643/0.0693  lr=2.1e-09  ep_time=8.5s
[00:49:52]   -> new best dev77_f1_ema=0.0693  test77=0.1691/0.0767
[00:50:15] ep 15/100  loss=0.9728  tr_acc=0.4906  val_l=0.9568/0.9572  val_e=0.5000/0.4182  dev_l=0.4929/0.4348  dev_e=0.1643/0.0685  lr=2.0e-09  ep_time=10.8s
[00:50:27] ep 16/100  loss=0.9291  tr_acc=0.6172  val_l=0.9444/0.9442  val_e=0.5247/0.4486  dev_l=0.3286/0.2589  dev_e=0.1857/0.0876  lr=2.0e-09  ep_time=10.5s
[00:50:29]   -> new best dev77_f1_ema=0.0876  test77=0.2050/0.1097
[00:50:48] ep 17/100  loss=0.9764  tr_acc=0.4531  val_l=0.9815/0.9818  val_e=0.5926/0.5259  dev_l=0.4429/0.3878  dev_e=0.2000/0.1004  lr=2.0e-09  ep_time=9.5s
[00:50:49]   -> new best dev77_f1_ema=0.1004  test77=0.2266/0.1233
[00:51:11] ep 18/100  loss=0.9362  tr_acc=0.5641  val_l=0.9198/0.9137  val_e=0.6543/0.5879  dev_l=0.4643/0.4584  dev_e=0.2286/0.1136  lr=2.0e-09  ep_time=9.5s
[00:51:12]   -> new best dev77_f1_ema=0.1136  test77=0.2518/0.1358
[00:51:32] ep 19/100  loss=0.7785  tr_acc=0.6391  val_l=0.9691/0.9696  val_e=0.7099/0.6646  dev_l=0.4571/0.3980  dev_e=0.2357/0.1151  lr=2.0e-09  ep_time=9.2s
[00:51:33]   -> new best dev77_f1_ema=0.1151  test77=0.2626/0.1367
[00:51:53] ep 20/100  loss=0.8173  tr_acc=0.6297  val_l=0.9568/0.9564  val_e=0.7284/0.6972  dev_l=0.5857/0.5442  dev_e=0.2500/0.1236  lr=2.0e-09  ep_time=9.0s
[00:51:54]   -> new best dev77_f1_ema=0.1236  test77=0.2662/0.1367
[00:52:13] ep 21/100  loss=0.9535  tr_acc=0.4594  val_l=0.9815/0.9816  val_e=0.7654/0.7414  dev_l=0.5071/0.4134  dev_e=0.2714/0.1344  lr=2.0e-09  ep_time=8.4s
[00:52:14]   -> new best dev77_f1_ema=0.1344  test77=0.2662/0.1360
[00:52:36] ep 22/100  loss=0.8711  tr_acc=0.6438  val_l=0.9691/0.9695  val_e=0.8148/0.8030  dev_l=0.3714/0.2963  dev_e=0.2786/0.1381  lr=1.9e-09  ep_time=9.4s
[00:52:37]   -> new best dev77_f1_ema=0.1381  test77=0.2806/0.1488
[00:53:01] ep 23/100  loss=0.8689  tr_acc=0.7188  val_l=0.9753/0.9757  val_e=0.8333/0.8247  dev_l=0.5929/0.5570  dev_e=0.2786/0.1360  lr=1.9e-09  ep_time=9.4s
[00:53:11] ep 24/100  loss=0.7461  tr_acc=0.6438  val_l=0.9815/0.9817  val_e=0.8395/0.8328  dev_l=0.5000/0.4345  dev_e=0.2857/0.1500  lr=1.9e-09  ep_time=9.3s
[00:53:13]   -> new best dev77_f1_ema=0.1500  test77=0.2878/0.1494
[00:53:34] ep 25/100  loss=0.9166  tr_acc=0.5984  val_l=0.9815/0.9818  val_e=0.8642/0.8605  dev_l=0.5429/0.4699  dev_e=0.2857/0.1490  lr=1.9e-09  ep_time=9.2s
[00:53:44] ep 26/100  loss=0.8426  tr_acc=0.6547  val_l=0.9630/0.9634  val_e=0.8951/0.8941  dev_l=0.5643/0.5109  dev_e=0.2786/0.1309  lr=1.9e-09  ep_time=9.4s
[00:53:57] ep 27/100  loss=0.9093  tr_acc=0.6625  val_l=0.9691/0.9695  val_e=0.9198/0.9176  dev_l=0.4857/0.4419  dev_e=0.2857/0.1329  lr=1.8e-09  ep_time=9.4s
[00:54:07] ep 28/100  loss=0.8089  tr_acc=0.6750  val_l=0.9753/0.9757  val_e=0.9321/0.9313  dev_l=0.5143/0.4646  dev_e=0.2857/0.1329  lr=1.8e-09  ep_time=9.3s
[00:54:20] ep 29/100  loss=0.8712  tr_acc=0.5922  val_l=0.9506/0.9498  val_e=0.9383/0.9376  dev_l=0.5643/0.5085  dev_e=0.2857/0.1323  lr=1.8e-09  ep_time=8.9s
[00:54:29] ep 30/100  loss=0.7279  tr_acc=0.6719  val_l=0.9753/0.9757  val_e=0.9383/0.9376  dev_l=0.5500/0.4979  dev_e=0.2857/0.1323  lr=1.8e-09  ep_time=8.1s
[00:54:38] ep 31/100  loss=0.7469  tr_acc=0.5875  val_l=0.9753/0.9757  val_e=0.9506/0.9495  dev_l=0.5714/0.5312  dev_e=0.2857/0.1323  lr=1.7e-09  ep_time=8.3s
[00:54:49] ep 32/100  loss=0.8468  tr_acc=0.5406  val_l=0.9753/0.9757  val_e=0.9506/0.9495  dev_l=0.5857/0.5708  dev_e=0.3071/0.1734  lr=1.7e-09  ep_time=8.3s
[00:54:52]   -> new best dev77_f1_ema=0.1734  test77=0.3237/0.2034
[00:55:12] ep 33/100  loss=0.7612  tr_acc=0.5594  val_l=0.9630/0.9632  val_e=0.9506/0.9495  dev_l=0.7071/0.6906  dev_e=0.3214/0.1993  lr=1.7e-09  ep_time=9.7s
[00:55:13]   -> new best dev77_f1_ema=0.1993  test77=0.3237/0.2032
[00:55:30] ep 34/100  loss=0.9762  tr_acc=0.5828  val_l=0.9753/0.9757  val_e=0.9568/0.9561  dev_l=0.4500/0.3307  dev_e=0.3214/0.1983  lr=1.7e-09  ep_time=8.7s
[00:55:40] ep 35/100  loss=0.8063  tr_acc=0.6766  val_l=0.9753/0.9757  val_e=0.9568/0.9561  dev_l=0.5000/0.4180  dev_e=0.3429/0.2327  lr=1.6e-09  ep_time=8.1s
[00:55:43]   -> new best dev77_f1_ema=0.2327  test77=0.3417/0.2311
[00:56:01] ep 36/100  loss=0.8975  tr_acc=0.7000  val_l=0.9691/0.9693  val_e=0.9691/0.9694  dev_l=0.5429/0.4860  dev_e=0.3429/0.2327  lr=1.6e-09  ep_time=8.6s
[00:56:11] ep 37/100  loss=0.7587  tr_acc=0.6031  val_l=0.9753/0.9757  val_e=0.9691/0.9694  dev_l=0.5643/0.5232  dev_e=0.3500/0.2426  lr=1.6e-09  ep_time=8.4s
[00:56:16]   -> new best dev77_f1_ema=0.2426  test77=0.3813/0.2864
[00:56:35] ep 38/100  loss=0.7959  tr_acc=0.6125  val_l=0.9506/0.9498  val_e=0.9691/0.9694  dev_l=0.5714/0.5233  dev_e=0.3643/0.2687  lr=1.5e-09  ep_time=9.3s
[00:56:36]   -> new best dev77_f1_ema=0.2687  test77=0.4065/0.3190
[00:56:53] ep 39/100  loss=0.8342  tr_acc=0.6703  val_l=0.9444/0.9431  val_e=0.9691/0.9694  dev_l=0.5929/0.5739  dev_e=0.3857/0.2966  lr=1.5e-09  ep_time=9.2s
[00:56:56]   -> new best dev77_f1_ema=0.2966  test77=0.4137/0.3297
[00:57:14] ep 40/100  loss=0.7241  tr_acc=0.6672  val_l=0.9877/0.9878  val_e=0.9691/0.9694  dev_l=0.5714/0.5267  dev_e=0.3857/0.2966  lr=1.5e-09  ep_time=8.5s
[00:57:23] ep 41/100  loss=0.7938  tr_acc=0.7734  val_l=0.9691/0.9691  val_e=0.9691/0.9694  dev_l=0.5357/0.4846  dev_e=0.4071/0.3254  lr=1.4e-09  ep_time=8.8s
[00:57:29]   -> new best dev77_f1_ema=0.3254  test77=0.4496/0.3720
[00:57:47] ep 42/100  loss=0.8986  tr_acc=0.5172  val_l=0.9815/0.9818  val_e=0.9691/0.9694  dev_l=0.4929/0.4317  dev_e=0.4143/0.3357  lr=1.4e-09  ep_time=8.5s
[00:57:48]   -> new best dev77_f1_ema=0.3357  test77=0.4604/0.3851
[00:58:09] ep 43/100  loss=0.7007  tr_acc=0.7016  val_l=0.9691/0.9694  val_e=0.9691/0.9694  dev_l=0.5786/0.5265  dev_e=0.4286/0.3549  lr=1.4e-09  ep_time=8.3s
[00:58:10]   -> new best dev77_f1_ema=0.3549  test77=0.4676/0.3903
[00:58:29] ep 44/100  loss=0.7776  tr_acc=0.5984  val_l=0.9877/0.9878  val_e=0.9691/0.9694  dev_l=0.5643/0.4990  dev_e=0.4429/0.3711  lr=1.3e-09  ep_time=8.5s
[00:58:30]   -> new best dev77_f1_ema=0.3711  test77=0.4784/0.4023
[00:58:55] ep 45/100  loss=0.7402  tr_acc=0.5734  val_l=0.9753/0.9760  val_e=0.9691/0.9694  dev_l=0.6214/0.5257  dev_e=0.4429/0.3711  lr=1.3e-09  ep_time=8.6s
[00:59:04] ep 46/100  loss=0.7701  tr_acc=0.7250  val_l=0.9815/0.9818  val_e=0.9691/0.9695  dev_l=0.5857/0.5003  dev_e=0.4429/0.3707  lr=1.3e-09  ep_time=8.5s
[00:59:16] ep 47/100  loss=0.8197  tr_acc=0.5188  val_l=0.9877/0.9880  val_e=0.9815/0.9816  dev_l=0.6500/0.6062  dev_e=0.4500/0.3821  lr=1.2e-09  ep_time=8.9s
[00:59:19]   -> new best dev77_f1_ema=0.3821  test77=0.5036/0.4363
[00:59:38] ep 48/100  loss=0.7259  tr_acc=0.6625  val_l=0.9877/0.9878  val_e=0.9815/0.9816  dev_l=0.6357/0.5574  dev_e=0.4786/0.4154  lr=1.2e-09  ep_time=9.3s
[00:59:38]   -> new best dev77_f1_ema=0.4154  test77=0.5036/0.4363
[01:00:00] ep 49/100  loss=0.8096  tr_acc=0.5781  val_l=0.9753/0.9755  val_e=0.9815/0.9816  dev_l=0.6000/0.5397  dev_e=0.4857/0.4213  lr=1.2e-09  ep_time=9.4s
[01:00:01]   -> new best dev77_f1_ema=0.4213  test77=0.5072/0.4385
[01:00:25] ep 50/100  loss=0.7746  tr_acc=0.6781  val_l=0.9568/0.9564  val_e=0.9815/0.9816  dev_l=0.5714/0.5228  dev_e=0.5000/0.4397  lr=1.1e-09  ep_time=9.4s
[01:00:26]   -> new best dev77_f1_ema=0.4397  test77=0.5144/0.4474
[01:00:48] ep 51/100  loss=0.8544  tr_acc=0.7219  val_l=0.9753/0.9755  val_e=0.9815/0.9816  dev_l=0.5929/0.5393  dev_e=0.5071/0.4497  lr=1.1e-09  ep_time=9.4s
[01:00:49]   -> new best dev77_f1_ema=0.4497  test77=0.5180/0.4506
[01:01:13] ep 52/100  loss=0.8620  tr_acc=0.6875  val_l=0.9753/0.9755  val_e=0.9815/0.9816  dev_l=0.6143/0.5478  dev_e=0.5071/0.4519  lr=1.1e-09  ep_time=9.5s
[01:01:14]   -> new best dev77_f1_ema=0.4519  test77=0.5216/0.4536
[01:01:38] ep 53/100  loss=0.8498  tr_acc=0.6547  val_l=0.9815/0.9818  val_e=0.9815/0.9816  dev_l=0.6357/0.5564  dev_e=0.5286/0.4735  lr=1.0e-09  ep_time=9.4s
[01:01:38]   -> new best dev77_f1_ema=0.4735  test77=0.5324/0.4622
[01:02:03] ep 54/100  loss=0.7958  tr_acc=0.5656  val_l=0.9877/0.9878  val_e=0.9815/0.9816  dev_l=0.6286/0.5572  dev_e=0.5286/0.4716  lr=1.0e-09  ep_time=9.2s
[01:02:14] ep 55/100  loss=0.8420  tr_acc=0.5953  val_l=0.9877/0.9878  val_e=0.9815/0.9816  dev_l=0.6786/0.6588  dev_e=0.5429/0.4811  lr=9.7e-10  ep_time=9.3s
[01:02:17]   -> new best dev77_f1_ema=0.4811  test77=0.5504/0.4861
[01:02:39] ep 56/100  loss=0.7378  tr_acc=0.6484  val_l=0.9753/0.9755  val_e=0.9877/0.9878  dev_l=0.6071/0.5438  dev_e=0.5500/0.4944  lr=9.3e-10  ep_time=9.4s
[01:02:40]   -> new best dev77_f1_ema=0.4944  test77=0.5683/0.5131
[01:03:04] ep 57/100  loss=0.8190  tr_acc=0.6687  val_l=0.9877/0.9878  val_e=0.9877/0.9878  dev_l=0.5571/0.4598  dev_e=0.5643/0.5132  lr=9.0e-10  ep_time=9.5s
[01:03:05]   -> new best dev77_f1_ema=0.5132  test77=0.5719/0.5150
[01:03:26] ep 58/100  loss=0.7478  tr_acc=0.6656  val_l=0.9877/0.9880  val_e=0.9938/0.9939  dev_l=0.5643/0.4824  dev_e=0.5786/0.5254  lr=8.6e-10  ep_time=9.5s
[01:03:27]   -> new best dev77_f1_ema=0.5254  test77=0.5719/0.5141
[01:03:49] ep 59/100  loss=0.7529  tr_acc=0.6344  val_l=0.9877/0.9880  val_e=0.9938/0.9939  dev_l=0.6214/0.5690  dev_e=0.5786/0.5254  lr=8.3e-10  ep_time=9.8s
[01:03:59] ep 60/100  loss=0.7148  tr_acc=0.6531  val_l=0.9877/0.9880  val_e=0.9938/0.9939  dev_l=0.6000/0.5285  dev_e=0.5857/0.5372  lr=7.9e-10  ep_time=9.2s
[01:04:04]   -> new best dev77_f1_ema=0.5372  test77=0.5791/0.5217
[01:04:24] ep 61/100  loss=0.8302  tr_acc=0.5797  val_l=0.9630/0.9630  val_e=0.9938/0.9939  dev_l=0.5786/0.4927  dev_e=0.5786/0.5314  lr=7.6e-10  ep_time=9.4s
[01:04:34] ep 62/100  loss=0.7102  tr_acc=0.6703  val_l=0.9877/0.9880  val_e=0.9938/0.9939  dev_l=0.6214/0.5539  dev_e=0.5714/0.5132  lr=7.3e-10  ep_time=9.4s
[01:04:46] ep 63/100  loss=0.7653  tr_acc=0.6016  val_l=0.9753/0.9755  val_e=0.9938/0.9939  dev_l=0.5500/0.4715  dev_e=0.5714/0.5133  lr=6.9e-10  ep_time=9.4s
[01:04:57] ep 64/100  loss=0.7478  tr_acc=0.6469  val_l=0.9877/0.9880  val_e=0.9938/0.9939  dev_l=0.6000/0.5110  dev_e=0.5786/0.5180  lr=6.6e-10  ep_time=9.3s
[01:05:07] ep 65/100  loss=0.7762  tr_acc=0.5719  val_l=0.9815/0.9818  val_e=0.9938/0.9939  dev_l=0.6214/0.5623  dev_e=0.5786/0.5166  lr=6.3e-10  ep_time=8.3s
[01:05:17] ep 66/100  loss=0.8920  tr_acc=0.6234  val_l=0.9753/0.9755  val_e=0.9938/0.9939  dev_l=0.5929/0.5024  dev_e=0.5786/0.5158  lr=6.0e-10  ep_time=8.5s
[01:05:29] ep 67/100  loss=0.7304  tr_acc=0.6438  val_l=0.9877/0.9880  val_e=0.9938/0.9939  dev_l=0.5929/0.4996  dev_e=0.5786/0.5158  lr=5.7e-10  ep_time=8.3s
[01:05:39] ep 68/100  loss=0.6924  tr_acc=0.7672  val_l=0.9877/0.9880  val_e=0.9938/0.9939  dev_l=0.5857/0.5216  dev_e=0.5857/0.5213  lr=5.4e-10  ep_time=8.4s
[01:05:48] ep 69/100  loss=0.6618  tr_acc=0.6484  val_l=0.9815/0.9818  val_e=0.9938/0.9939  dev_l=0.6000/0.5401  dev_e=0.5786/0.5092  lr=5.1e-10  ep_time=8.2s
[01:05:59] ep 70/100  loss=0.7298  tr_acc=0.6703  val_l=0.9815/0.9818  val_e=0.9938/0.9939  dev_l=0.6286/0.5605  dev_e=0.5857/0.5172  lr=4.8e-10  ep_time=8.4s
[01:06:08] ep 71/100  loss=0.7411  tr_acc=0.6766  val_l=0.9877/0.9880  val_e=0.9938/0.9939  dev_l=0.6071/0.5478  dev_e=0.5929/0.5216  lr=4.5e-10  ep_time=8.4s
[01:06:21] ep 72/100  loss=0.8050  tr_acc=0.6734  val_l=0.9877/0.9880  val_e=0.9938/0.9939  dev_l=0.5929/0.5082  dev_e=0.5857/0.5165  lr=4.2e-10  ep_time=8.3s
[01:06:30] ep 73/100  loss=0.8364  tr_acc=0.6328  val_l=0.9877/0.9880  val_e=0.9877/0.9878  dev_l=0.6000/0.5265  dev_e=0.5857/0.5154  lr=3.9e-10  ep_time=8.4s
[01:06:42] ep 74/100  loss=0.7391  tr_acc=0.7516  val_l=0.9753/0.9755  val_e=0.9877/0.9878  dev_l=0.6000/0.5405  dev_e=0.5857/0.5154  lr=3.7e-10  ep_time=8.4s
[01:06:51] ep 75/100  loss=0.7216  tr_acc=0.6797  val_l=0.9753/0.9755  val_e=0.9877/0.9878  dev_l=0.5857/0.5238  dev_e=0.5857/0.5154  lr=3.4e-10  ep_time=8.2s
[01:07:02] ep 76/100  loss=0.6288  tr_acc=0.7250  val_l=0.9753/0.9755  val_e=0.9877/0.9878  dev_l=0.6357/0.5844  dev_e=0.5857/0.5154  lr=3.1e-10  ep_time=8.5s
[01:07:11] ep 77/100  loss=0.7147  tr_acc=0.5359  val_l=0.9877/0.9880  val_e=0.9815/0.9818  dev_l=0.5857/0.4921  dev_e=0.5857/0.5154  lr=2.9e-10  ep_time=8.2s
[01:07:22] ep 78/100  loss=0.7784  tr_acc=0.6250  val_l=0.9815/0.9818  val_e=0.9815/0.9818  dev_l=0.6286/0.5684  dev_e=0.5786/0.5097  lr=2.7e-10  ep_time=8.4s
[01:07:32] ep 79/100  loss=0.8020  tr_acc=0.6297  val_l=0.9815/0.9818  val_e=0.9815/0.9818  dev_l=0.5786/0.4942  dev_e=0.5857/0.5185  lr=2.4e-10  ep_time=8.4s
[01:07:43] ep 80/100  loss=0.7837  tr_acc=0.5750  val_l=0.9815/0.9818  val_e=0.9815/0.9818  dev_l=0.6143/0.5507  dev_e=0.5929/0.5238  lr=2.2e-10  ep_time=8.4s
[01:07:52] ep 81/100  loss=0.8427  tr_acc=0.6062  val_l=0.9815/0.9818  val_e=0.9815/0.9818  dev_l=0.6357/0.5845  dev_e=0.5929/0.5238  lr=2.0e-10  ep_time=8.4s
[01:08:04] ep 82/100  loss=0.7894  tr_acc=0.6062  val_l=0.9753/0.9755  val_e=0.9815/0.9818  dev_l=0.6286/0.5762  dev_e=0.5929/0.5238  lr=1.8e-10  ep_time=8.3s
[01:08:13] ep 83/100  loss=0.7214  tr_acc=0.6844  val_l=0.9753/0.9755  val_e=0.9815/0.9818  dev_l=0.6143/0.5588  dev_e=0.6000/0.5375  lr=1.6e-10  ep_time=8.4s
[01:08:16]   -> new best dev77_f1_ema=0.5375  test77=0.6043/0.5370
[01:08:35] ep 84/100  loss=0.7142  tr_acc=0.5891  val_l=0.9815/0.9818  val_e=0.9815/0.9818  dev_l=0.6429/0.5940  dev_e=0.6000/0.5375  lr=1.4e-10  ep_time=8.5s
[01:08:45] ep 85/100  loss=0.6390  tr_acc=0.5500  val_l=0.9815/0.9818  val_e=0.9815/0.9818  dev_l=0.6357/0.5852  dev_e=0.6000/0.5375  lr=1.3e-10  ep_time=8.3s
[01:08:56] ep 86/100  loss=0.7693  tr_acc=0.6781  val_l=0.9815/0.9818  val_e=0.9815/0.9818  dev_l=0.6071/0.5566  dev_e=0.6071/0.5512  lr=1.1e-10  ep_time=8.3s
[01:09:00]   -> new best dev77_f1_ema=0.5512  test77=0.6079/0.5401
[01:09:20] ep 87/100  loss=0.7636  tr_acc=0.6891  val_l=0.9815/0.9818  val_e=0.9815/0.9818  dev_l=0.6071/0.5552  dev_e=0.6071/0.5512  lr=9.6e-11  ep_time=8.7s
[01:09:29] ep 88/100  loss=0.7678  tr_acc=0.7297  val_l=0.9815/0.9818  val_e=0.9815/0.9818  dev_l=0.6000/0.5442  dev_e=0.6071/0.5504  lr=8.2e-11  ep_time=8.2s
[01:09:39] ep 89/100  loss=0.8069  tr_acc=0.5766  val_l=0.9815/0.9818  val_e=0.9815/0.9818  dev_l=0.6214/0.5716  dev_e=0.6071/0.5512  lr=6.9e-11  ep_time=8.2s
[01:09:48] ep 90/100  loss=0.7598  tr_acc=0.5188  val_l=0.9815/0.9818  val_e=0.9815/0.9818  dev_l=0.6214/0.5716  dev_e=0.6071/0.5504  lr=5.7e-11  ep_time=8.3s
[01:09:58] ep 91/100  loss=0.7044  tr_acc=0.6562  val_l=0.9815/0.9818  val_e=0.9815/0.9818  dev_l=0.6214/0.5710  dev_e=0.6143/0.5621  lr=4.6e-11  ep_time=8.4s
[01:10:02]   -> new best dev77_f1_ema=0.5621  test77=0.6079/0.5398
[01:10:21] ep 92/100  loss=0.7901  tr_acc=0.7000  val_l=0.9815/0.9818  val_e=0.9815/0.9818  dev_l=0.6143/0.5630  dev_e=0.6071/0.5563  lr=3.7e-11  ep_time=8.6s
[01:10:30] ep 93/100  loss=0.7294  tr_acc=0.5016  val_l=0.9815/0.9818  val_e=0.9815/0.9818  dev_l=0.6071/0.5546  dev_e=0.6071/0.5570  lr=2.8e-11  ep_time=8.3s
[01:10:42] ep 94/100  loss=0.6974  tr_acc=0.5578  val_l=0.9815/0.9818  val_e=0.9815/0.9818  dev_l=0.6214/0.5710  dev_e=0.6071/0.5570  lr=2.1e-11  ep_time=8.3s
[01:10:51] ep 95/100  loss=0.7564  tr_acc=0.5719  val_l=0.9815/0.9818  val_e=0.9815/0.9818  dev_l=0.6214/0.5710  dev_e=0.6071/0.5570  lr=1.4e-11  ep_time=8.2s
[01:11:03] ep 96/100  loss=0.8256  tr_acc=0.6266  val_l=0.9815/0.9818  val_e=0.9815/0.9818  dev_l=0.6214/0.5710  dev_e=0.6071/0.5570  lr=9.3e-12  ep_time=8.3s
[01:11:12] ep 97/100  loss=0.7658  tr_acc=0.6516  val_l=0.9815/0.9818  val_e=0.9815/0.9818  dev_l=0.6214/0.5710  dev_e=0.6000/0.5510  lr=5.3e-12  ep_time=8.2s
[01:11:22] ep 98/100  loss=0.7204  tr_acc=0.6922  val_l=0.9815/0.9818  val_e=0.9815/0.9818  dev_l=0.6143/0.5630  dev_e=0.6000/0.5510  lr=2.4e-12  ep_time=8.1s
[01:11:31] ep 99/100  loss=0.6893  tr_acc=0.5469  val_l=0.9815/0.9818  val_e=0.9815/0.9818  dev_l=0.6214/0.5710  dev_e=0.6000/0.5510  lr=6.0e-13  ep_time=8.2s
[01:11:43] ep 100/100  loss=0.7214  tr_acc=0.6922  val_l=0.9815/0.9818  val_e=0.9815/0.9818  dev_l=0.6143/0.5630  dev_e=0.6000/0.5510  lr=3.6e-16  ep_time=8.3s
[01:11:46] done. total train time=1575.9s  best_epoch=91  best_dev77_f1_ema=0.5621  test77_acc=0.6079  test77_f1=0.5398
