[01:11:50] protocol=self backbone=dinov3_vitl16 run_dir=G:\zhanghe\Letter journal\EXPERIMENTSRESULT\REVISION_5090\VITL_FULLFT\seed1234
[01:11:50] device=cuda
[01:11:50] split sizes:
[01:11:50]   train    n= 644   10GHz=302, 24GHz=342
[01:11:50]   val      n= 162   10GHz=78, 24GHz=84
[01:11:50]   dev77    n= 140   77GHz=140
[01:11:50]   test77   n= 278   77GHz=278
[01:11:50] train aug: flip=False randaugment=True
[01:11:53] backbone=vit_large_patch16_dinov3.lvd1689m frozen=False feat_dim=1024
[01:11:53] trainable=303.09M / total=303.09M
[01:11:53] LLRD enabled: decay=0.65  param_groups=52  lr_scales=[0.0000..1.0000]
[01:11:53] Mixup/Cutmix enabled: mixup_alpha=0.2 cutmix_alpha=1.0 switch_prob=0.5
[01:11:53] EMA enabled: decay=0.999 start_epoch=5
[01:11:53] epochs=100 steps/epoch=40 total_steps=4000 lr=0.0001 wd=0.05 batch=16 warmup_epochs=5
[01:12:00] ep 01/100  loss=2.0444  tr_acc=0.1578  val_l=0.1481/0.0571  val_e=0.0000/0.0000  dev_l=0.1429/0.0357  dev_e=0.0000/0.0000  lr=4.2e-10  ep_time=6.5s
[01:12:06] ep 02/100  loss=1.9552  tr_acc=0.1547  val_l=0.3148/0.2406  val_e=0.0000/0.0000  dev_l=0.2143/0.1335  dev_e=0.0000/0.0000  lr=8.4e-10  ep_time=5.9s
[01:12:17] ep 03/100  loss=1.8593  tr_acc=0.2109  val_l=0.5185/0.4842  val_e=0.0000/0.0000  dev_l=0.2786/0.1245  dev_e=0.0000/0.0000  lr=1.3e-09  ep_time=6.0s
[01:12:26] ep 04/100  loss=1.6502  tr_acc=0.2703  val_l=0.6975/0.6573  val_e=0.0000/0.0000  dev_l=0.3857/0.2811  dev_e=0.0000/0.0000  lr=1.7e-09  ep_time=6.0s
[01:12:36] ep 05/100  loss=1.3231  tr_acc=0.4266  val_l=0.8333/0.8385  val_e=0.1667/0.0752  dev_l=0.4071/0.2922  dev_e=0.2286/0.1368  lr=2.1e-09  ep_time=8.8s
[01:12:39]   -> new best dev77_f1_ema=0.1368  test77=0.2338/0.1366
[01:12:58] ep 06/100  loss=1.1523  tr_acc=0.5031  val_l=0.8889/0.8893  val_e=0.1728/0.0787  dev_l=0.4929/0.3878  dev_e=0.2357/0.1338  lr=2.1e-09  ep_time=8.6s
[01:13:08] ep 07/100  loss=1.0549  tr_acc=0.5344  val_l=0.9012/0.8974  val_e=0.1852/0.0842  dev_l=0.3357/0.2201  dev_e=0.2714/0.1499  lr=2.1e-09  ep_time=8.3s
[01:13:11]   -> new best dev77_f1_ema=0.1499  test77=0.2446/0.1178
[01:13:29] ep 08/100  loss=1.1108  tr_acc=0.5578  val_l=0.9198/0.9159  val_e=0.2160/0.1058  dev_l=0.2714/0.1855  dev_e=0.2714/0.1458  lr=2.1e-09  ep_time=8.5s
[01:13:38] ep 09/100  loss=0.9910  tr_acc=0.5875  val_l=0.9136/0.9135  val_e=0.2222/0.1090  dev_l=0.4000/0.3002  dev_e=0.2786/0.1476  lr=2.1e-09  ep_time=8.2s
[01:13:50] ep 10/100  loss=1.0247  tr_acc=0.6406  val_l=0.9259/0.9274  val_e=0.2531/0.1380  dev_l=0.5071/0.4269  dev_e=0.2786/0.1448  lr=2.1e-09  ep_time=8.3s
[01:14:00] ep 11/100  loss=0.9663  tr_acc=0.5656  val_l=0.9136/0.9146  val_e=0.2593/0.1409  dev_l=0.3857/0.2527  dev_e=0.2786/0.1352  lr=2.1e-09  ep_time=8.4s
[01:14:10] ep 12/100  loss=1.0237  tr_acc=0.6094  val_l=0.9630/0.9622  val_e=0.2654/0.1439  dev_l=0.4357/0.3576  dev_e=0.2714/0.1322  lr=2.1e-09  ep_time=9.4s
[01:14:20] ep 13/100  loss=1.0139  tr_acc=0.5094  val_l=0.9691/0.9693  val_e=0.2901/0.1864  dev_l=0.4000/0.3252  dev_e=0.2714/0.1332  lr=2.1e-09  ep_time=8.8s
[01:14:31] ep 14/100  loss=0.8733  tr_acc=0.6141  val_l=0.9753/0.9753  val_e=0.3272/0.2434  dev_l=0.3071/0.2472  dev_e=0.2929/0.1736  lr=2.1e-09  ep_time=8.5s
[01:14:34]   -> new best dev77_f1_ema=0.1736  test77=0.2734/0.1429
[01:14:55] ep 15/100  loss=0.9365  tr_acc=0.5484  val_l=0.9691/0.9695  val_e=0.3765/0.3139  dev_l=0.3857/0.2994  dev_e=0.2929/0.1728  lr=2.0e-09  ep_time=8.4s
[01:15:04] ep 16/100  loss=0.9686  tr_acc=0.5844  val_l=0.9444/0.9452  val_e=0.4444/0.4117  dev_l=0.5071/0.4564  dev_e=0.3357/0.2257  lr=2.0e-09  ep_time=8.2s
[01:15:08]   -> new best dev77_f1_ema=0.2257  test77=0.3417/0.2300
[01:15:28] ep 17/100  loss=0.8072  tr_acc=0.5813  val_l=0.9691/0.9698  val_e=0.5247/0.5061  dev_l=0.3357/0.2451  dev_e=0.4071/0.2909  lr=2.0e-09  ep_time=9.0s
[01:15:29]   -> new best dev77_f1_ema=0.2909  test77=0.3741/0.2492
[01:15:49] ep 18/100  loss=0.8701  tr_acc=0.5734  val_l=0.9568/0.9557  val_e=0.6049/0.5892  dev_l=0.3429/0.2588  dev_e=0.4071/0.2847  lr=2.0e-09  ep_time=8.6s
[01:15:59] ep 19/100  loss=0.8703  tr_acc=0.5609  val_l=0.9568/0.9568  val_e=0.6358/0.6163  dev_l=0.4500/0.3654  dev_e=0.4214/0.2900  lr=2.0e-09  ep_time=8.4s
[01:16:11] ep 20/100  loss=0.8385  tr_acc=0.6125  val_l=0.9753/0.9754  val_e=0.6543/0.6328  dev_l=0.3857/0.2968  dev_e=0.4429/0.3326  lr=2.0e-09  ep_time=8.8s
[01:16:14]   -> new best dev77_f1_ema=0.3326  test77=0.4568/0.3452
[01:16:32] ep 21/100  loss=0.7556  tr_acc=0.6125  val_l=0.9321/0.9333  val_e=0.6790/0.6557  dev_l=0.4071/0.2857  dev_e=0.4357/0.3274  lr=2.0e-09  ep_time=8.6s
[01:16:42] ep 22/100  loss=0.9443  tr_acc=0.6172  val_l=0.9568/0.9562  val_e=0.7469/0.7121  dev_l=0.4143/0.2803  dev_e=0.4357/0.3312  lr=1.9e-09  ep_time=8.8s
[01:16:52] ep 23/100  loss=0.8960  tr_acc=0.6359  val_l=0.9630/0.9639  val_e=0.7654/0.7255  dev_l=0.4286/0.3101  dev_e=0.4429/0.3430  lr=1.9e-09  ep_time=8.4s
[01:16:54]   -> new best dev77_f1_ema=0.3430  test77=0.4928/0.3850
[01:17:13] ep 24/100  loss=0.9279  tr_acc=0.5719  val_l=0.9815/0.9817  val_e=0.7901/0.7609  dev_l=0.4143/0.3522  dev_e=0.4500/0.3533  lr=1.9e-09  ep_time=8.6s
[01:17:14]   -> new best dev77_f1_ema=0.3533  test77=0.4964/0.3884
[01:17:36] ep 25/100  loss=0.7870  tr_acc=0.6031  val_l=0.9691/0.9700  val_e=0.8086/0.7941  dev_l=0.3857/0.2518  dev_e=0.4643/0.3692  lr=1.9e-09  ep_time=8.7s
[01:17:37]   -> new best dev77_f1_ema=0.3692  test77=0.5036/0.3933
[01:18:01] ep 26/100  loss=0.9048  tr_acc=0.6750  val_l=0.9877/0.9871  val_e=0.8457/0.8382  dev_l=0.5286/0.4616  dev_e=0.4643/0.3697  lr=1.9e-09  ep_time=9.4s
[01:18:02]   -> new best dev77_f1_ema=0.3697  test77=0.5036/0.3917
[01:18:23] ep 27/100  loss=0.8400  tr_acc=0.6031  val_l=0.9877/0.9878  val_e=0.8642/0.8570  dev_l=0.5214/0.4577  dev_e=0.4714/0.3758  lr=1.8e-09  ep_time=9.6s
[01:18:24]   -> new best dev77_f1_ema=0.3758  test77=0.5000/0.3864
[01:18:44] ep 28/100  loss=0.7992  tr_acc=0.7016  val_l=0.9815/0.9820  val_e=0.8889/0.8862  dev_l=0.4214/0.3218  dev_e=0.4714/0.3758  lr=1.8e-09  ep_time=9.5s
[01:18:54] ep 29/100  loss=0.7176  tr_acc=0.6391  val_l=0.9815/0.9817  val_e=0.8889/0.8862  dev_l=0.4571/0.4069  dev_e=0.4643/0.3688  lr=1.8e-09  ep_time=9.2s
[01:19:05] ep 30/100  loss=0.9259  tr_acc=0.6500  val_l=0.9877/0.9878  val_e=0.8889/0.8862  dev_l=0.4000/0.3145  dev_e=0.4571/0.3593  lr=1.8e-09  ep_time=9.2s
[01:19:16] ep 31/100  loss=0.8340  tr_acc=0.6750  val_l=0.9691/0.9700  val_e=0.8951/0.8935  dev_l=0.4571/0.3755  dev_e=0.4500/0.3466  lr=1.7e-09  ep_time=9.0s
[01:19:28] ep 32/100  loss=0.8272  tr_acc=0.5766  val_l=0.9815/0.9817  val_e=0.9012/0.9007  dev_l=0.4143/0.3487  dev_e=0.4286/0.3171  lr=1.7e-09  ep_time=9.2s
[01:19:38] ep 33/100  loss=0.7814  tr_acc=0.7094  val_l=0.9815/0.9817  val_e=0.9444/0.9450  dev_l=0.4857/0.3939  dev_e=0.4143/0.2964  lr=1.7e-09  ep_time=9.1s
[01:19:48] ep 34/100  loss=0.7481  tr_acc=0.5875  val_l=0.9877/0.9878  val_e=0.9630/0.9635  dev_l=0.5000/0.4285  dev_e=0.4071/0.2918  lr=1.7e-09  ep_time=9.3s
[01:20:00] ep 35/100  loss=0.7595  tr_acc=0.6969  val_l=0.9753/0.9749  val_e=0.9691/0.9695  dev_l=0.4929/0.4406  dev_e=0.3929/0.2689  lr=1.6e-09  ep_time=9.3s
[01:20:10] ep 36/100  loss=0.7731  tr_acc=0.6906  val_l=0.9753/0.9757  val_e=0.9630/0.9633  dev_l=0.4714/0.4023  dev_e=0.3929/0.2686  lr=1.6e-09  ep_time=9.1s
[01:20:22] ep 37/100  loss=0.8043  tr_acc=0.6297  val_l=0.9691/0.9694  val_e=0.9630/0.9633  dev_l=0.4071/0.3297  dev_e=0.3786/0.2427  lr=1.6e-09  ep_time=9.3s
[01:20:33] ep 38/100  loss=0.9329  tr_acc=0.5844  val_l=0.9877/0.9878  val_e=0.9630/0.9633  dev_l=0.4071/0.3336  dev_e=0.3786/0.2438  lr=1.5e-09  ep_time=9.2s
[01:20:43] ep 39/100  loss=0.8004  tr_acc=0.6750  val_l=0.9691/0.9688  val_e=0.9691/0.9695  dev_l=0.4857/0.4107  dev_e=0.3929/0.2638  lr=1.5e-09  ep_time=9.1s
[01:20:53] ep 40/100  loss=0.8464  tr_acc=0.6891  val_l=0.9815/0.9818  val_e=0.9691/0.9695  dev_l=0.5429/0.4979  dev_e=0.3929/0.2638  lr=1.5e-09  ep_time=9.3s
[01:21:07] ep 41/100  loss=0.7480  tr_acc=0.6875  val_l=0.9691/0.9689  val_e=0.9753/0.9757  dev_l=0.5000/0.4469  dev_e=0.3929/0.2633  lr=1.4e-09  ep_time=9.4s
[01:21:18] ep 42/100  loss=0.7961  tr_acc=0.5594  val_l=0.9568/0.9571  val_e=0.9753/0.9757  dev_l=0.5000/0.4158  dev_e=0.3929/0.2633  lr=1.4e-09  ep_time=9.4s
[01:21:28] ep 43/100  loss=0.7573  tr_acc=0.6750  val_l=0.9753/0.9756  val_e=0.9753/0.9757  dev_l=0.5071/0.4354  dev_e=0.3929/0.2633  lr=1.4e-09  ep_time=9.2s
[01:21:40] ep 44/100  loss=0.8590  tr_acc=0.7000  val_l=0.9753/0.9757  val_e=0.9753/0.9757  dev_l=0.4429/0.3604  dev_e=0.3929/0.2633  lr=1.3e-09  ep_time=9.5s
[01:21:52] ep 45/100  loss=0.8385  tr_acc=0.6625  val_l=0.9753/0.9757  val_e=0.9753/0.9757  dev_l=0.5214/0.4744  dev_e=0.4000/0.2765  lr=1.3e-09  ep_time=9.0s
[01:22:02] ep 46/100  loss=0.7592  tr_acc=0.6266  val_l=0.9877/0.9878  val_e=0.9753/0.9757  dev_l=0.4929/0.4416  dev_e=0.4000/0.2765  lr=1.3e-09  ep_time=9.5s
[01:22:13] ep 47/100  loss=0.7505  tr_acc=0.6297  val_l=0.9877/0.9878  val_e=0.9815/0.9817  dev_l=0.5429/0.4778  dev_e=0.4000/0.2765  lr=1.2e-09  ep_time=9.2s
[01:22:25] ep 48/100  loss=0.7956  tr_acc=0.5953  val_l=0.9815/0.9817  val_e=0.9815/0.9817  dev_l=0.5286/0.4778  dev_e=0.3929/0.2734  lr=1.2e-09  ep_time=8.7s
[01:22:35] ep 49/100  loss=0.7953  tr_acc=0.6875  val_l=0.9753/0.9757  val_e=0.9815/0.9817  dev_l=0.4571/0.3645  dev_e=0.3929/0.2719  lr=1.2e-09  ep_time=8.3s
[01:22:46] ep 50/100  loss=0.8415  tr_acc=0.6000  val_l=0.9815/0.9818  val_e=0.9815/0.9817  dev_l=0.5071/0.4290  dev_e=0.4000/0.2762  lr=1.1e-09  ep_time=8.9s
[01:22:57] ep 51/100  loss=0.7151  tr_acc=0.5906  val_l=0.9815/0.9817  val_e=0.9815/0.9817  dev_l=0.4786/0.4196  dev_e=0.3929/0.2719  lr=1.1e-09  ep_time=9.4s
[01:23:07] ep 52/100  loss=0.7483  tr_acc=0.7094  val_l=0.9630/0.9632  val_e=0.9815/0.9817  dev_l=0.5000/0.4229  dev_e=0.3929/0.2719  lr=1.1e-09  ep_time=9.6s
[01:23:20] ep 53/100  loss=0.7124  tr_acc=0.5844  val_l=0.9815/0.9816  val_e=0.9815/0.9817  dev_l=0.5429/0.4735  dev_e=0.4071/0.2880  lr=1.0e-09  ep_time=9.2s
[01:23:30] ep 54/100  loss=0.6815  tr_acc=0.6547  val_l=0.9815/0.9818  val_e=0.9815/0.9817  dev_l=0.4571/0.3690  dev_e=0.4071/0.2870  lr=1.0e-09  ep_time=9.2s
[01:23:42] ep 55/100  loss=0.7228  tr_acc=0.6141  val_l=0.9753/0.9755  val_e=0.9815/0.9817  dev_l=0.5357/0.4685  dev_e=0.4143/0.2913  lr=9.7e-10  ep_time=9.1s
[01:23:54] ep 56/100  loss=0.7487  tr_acc=0.6062  val_l=0.9753/0.9753  val_e=0.9938/0.9939  dev_l=0.5286/0.4488  dev_e=0.4286/0.3181  lr=9.3e-10  ep_time=9.2s
[01:24:06] ep 57/100  loss=0.8450  tr_acc=0.5656  val_l=0.9691/0.9690  val_e=0.9938/0.9939  dev_l=0.4857/0.3759  dev_e=0.4286/0.3181  lr=9.0e-10  ep_time=9.4s
[01:24:16] ep 58/100  loss=0.7458  tr_acc=0.5938  val_l=0.9815/0.9816  val_e=0.9938/0.9939  dev_l=0.5357/0.4556  dev_e=0.4357/0.3358  lr=8.6e-10  ep_time=9.1s
[01:24:28] ep 59/100  loss=0.7677  tr_acc=0.6375  val_l=0.9877/0.9878  val_e=0.9938/0.9939  dev_l=0.5714/0.4963  dev_e=0.4429/0.3404  lr=8.3e-10  ep_time=9.2s
[01:24:40] ep 60/100  loss=0.7015  tr_acc=0.5328  val_l=0.9753/0.9754  val_e=0.9938/0.9939  dev_l=0.4357/0.3365  dev_e=0.4429/0.3404  lr=7.9e-10  ep_time=9.4s
[01:24:50] ep 61/100  loss=0.8489  tr_acc=0.7438  val_l=0.9938/0.9939  val_e=0.9938/0.9939  dev_l=0.4214/0.3234  dev_e=0.4429/0.3404  lr=7.6e-10  ep_time=9.2s
[01:25:02] ep 62/100  loss=0.8033  tr_acc=0.6844  val_l=0.9877/0.9878  val_e=0.9938/0.9939  dev_l=0.4214/0.3153  dev_e=0.4357/0.3355  lr=7.3e-10  ep_time=9.1s
[01:25:12] ep 63/100  loss=0.6386  tr_acc=0.5687  val_l=0.9815/0.9817  val_e=0.9938/0.9939  dev_l=0.4714/0.3949  dev_e=0.4429/0.3460  lr=6.9e-10  ep_time=9.2s
[01:25:23] ep 64/100  loss=0.6799  tr_acc=0.6297  val_l=0.9877/0.9878  val_e=0.9938/0.9939  dev_l=0.5214/0.4384  dev_e=0.4571/0.3625  lr=6.6e-10  ep_time=9.1s
[01:25:33] ep 65/100  loss=0.6959  tr_acc=0.6578  val_l=0.9815/0.9817  val_e=0.9938/0.9939  dev_l=0.4786/0.3861  dev_e=0.4500/0.3588  lr=6.3e-10  ep_time=9.0s
[01:25:44] ep 66/100  loss=0.8017  tr_acc=0.7391  val_l=0.9815/0.9817  val_e=0.9938/0.9939  dev_l=0.4643/0.3954  dev_e=0.4500/0.3588  lr=6.0e-10  ep_time=9.4s
[01:25:56] ep 67/100  loss=0.8195  tr_acc=0.6219  val_l=0.9877/0.9878  val_e=0.9938/0.9939  dev_l=0.5071/0.4415  dev_e=0.4500/0.3588  lr=5.7e-10  ep_time=9.0s
[01:26:06] ep 68/100  loss=0.7646  tr_acc=0.6312  val_l=0.9877/0.9878  val_e=0.9938/0.9939  dev_l=0.4000/0.2749  dev_e=0.4571/0.3630  lr=5.4e-10  ep_time=9.3s
[01:26:18] ep 69/100  loss=0.7262  tr_acc=0.6937  val_l=0.9877/0.9878  val_e=0.9938/0.9939  dev_l=0.4857/0.4032  dev_e=0.4571/0.3630  lr=5.1e-10  ep_time=9.2s
[01:26:28] ep 70/100  loss=0.8197  tr_acc=0.6797  val_l=0.9815/0.9816  val_e=0.9938/0.9939  dev_l=0.4643/0.3797  dev_e=0.4571/0.3630  lr=4.8e-10  ep_time=9.3s
[01:26:40] ep 71/100  loss=0.8023  tr_acc=0.6156  val_l=0.9938/0.9939  val_e=0.9938/0.9939  dev_l=0.4286/0.3296  dev_e=0.4571/0.3630  lr=4.5e-10  ep_time=9.5s
[01:26:51] ep 72/100  loss=0.6385  tr_acc=0.6906  val_l=0.9938/0.9939  val_e=0.9938/0.9939  dev_l=0.4143/0.3100  dev_e=0.4571/0.3630  lr=4.2e-10  ep_time=9.4s
[01:27:02] ep 73/100  loss=0.7217  tr_acc=0.6969  val_l=0.9938/0.9939  val_e=0.9938/0.9939  dev_l=0.4429/0.3612  dev_e=0.4571/0.3630  lr=3.9e-10  ep_time=9.2s
[01:27:12] ep 74/100  loss=0.7673  tr_acc=0.6000  val_l=0.9815/0.9817  val_e=0.9938/0.9939  dev_l=0.4214/0.3180  dev_e=0.4571/0.3642  lr=3.7e-10  ep_time=9.3s
[01:27:22] ep 75/100  loss=0.7113  tr_acc=0.6141  val_l=0.9815/0.9817  val_e=0.9938/0.9939  dev_l=0.4143/0.3201  dev_e=0.4571/0.3696  lr=3.4e-10  ep_time=9.2s
[01:27:34] ep 76/100  loss=0.8250  tr_acc=0.6359  val_l=0.9877/0.9878  val_e=0.9938/0.9939  dev_l=0.4786/0.3917  dev_e=0.4643/0.3791  lr=3.1e-10  ep_time=9.3s
[01:27:36]   -> new best dev77_f1_ema=0.3791  test77=0.4928/0.3959
[01:27:57] ep 77/100  loss=0.8263  tr_acc=0.6250  val_l=0.9938/0.9939  val_e=0.9938/0.9939  dev_l=0.4643/0.3835  dev_e=0.4714/0.3894  lr=2.9e-10  ep_time=9.7s
[01:27:58]   -> new best dev77_f1_ema=0.3894  test77=0.4928/0.3959
[01:28:19] ep 78/100  loss=0.7830  tr_acc=0.6422  val_l=0.9938/0.9939  val_e=0.9938/0.9939  dev_l=0.4571/0.3694  dev_e=0.4714/0.3894  lr=2.7e-10  ep_time=9.4s
[01:28:29] ep 79/100  loss=0.7650  tr_acc=0.5453  val_l=0.9938/0.9939  val_e=0.9938/0.9939  dev_l=0.4429/0.3695  dev_e=0.4714/0.3899  lr=2.4e-10  ep_time=9.0s
[01:28:32]   -> new best dev77_f1_ema=0.3899  test77=0.4964/0.3996
[01:28:51] ep 80/100  loss=0.6519  tr_acc=0.6344  val_l=0.9877/0.9878  val_e=0.9938/0.9939  dev_l=0.4500/0.3639  dev_e=0.4714/0.3943  lr=2.2e-10  ep_time=8.5s
[01:28:52]   -> new best dev77_f1_ema=0.3943  test77=0.4928/0.3967
[01:29:12] ep 81/100  loss=0.6556  tr_acc=0.5734  val_l=0.9877/0.9878  val_e=0.9938/0.9939  dev_l=0.4643/0.3857  dev_e=0.4786/0.3970  lr=2.0e-10  ep_time=9.5s
[01:29:13]   -> new best dev77_f1_ema=0.3970  test77=0.4928/0.3966
[01:29:34] ep 82/100  loss=0.6604  tr_acc=0.6156  val_l=0.9877/0.9878  val_e=0.9938/0.9939  dev_l=0.4857/0.4131  dev_e=0.4643/0.3804  lr=1.8e-10  ep_time=9.3s
[01:29:44] ep 83/100  loss=0.7987  tr_acc=0.6625  val_l=0.9815/0.9817  val_e=0.9938/0.9939  dev_l=0.4714/0.3954  dev_e=0.4643/0.3808  lr=1.6e-10  ep_time=9.2s
[01:29:56] ep 84/100  loss=0.7736  tr_acc=0.5859  val_l=0.9877/0.9878  val_e=0.9938/0.9939  dev_l=0.4429/0.3604  dev_e=0.4714/0.3891  lr=1.4e-10  ep_time=9.4s
[01:30:06] ep 85/100  loss=0.7155  tr_acc=0.5469  val_l=0.9877/0.9878  val_e=0.9938/0.9939  dev_l=0.4714/0.3992  dev_e=0.4643/0.3804  lr=1.3e-10  ep_time=9.4s
[01:30:19] ep 86/100  loss=0.6302  tr_acc=0.7281  val_l=0.9938/0.9939  val_e=0.9938/0.9939  dev_l=0.4714/0.3897  dev_e=0.4714/0.3891  lr=1.1e-10  ep_time=9.3s
[01:30:31] ep 87/100  loss=0.7126  tr_acc=0.6750  val_l=0.9938/0.9939  val_e=0.9938/0.9939  dev_l=0.4929/0.4165  dev_e=0.4643/0.3804  lr=9.6e-11  ep_time=9.1s
[01:30:43] ep 88/100  loss=0.6204  tr_acc=0.8094  val_l=0.9938/0.9939  val_e=0.9938/0.9939  dev_l=0.4929/0.4160  dev_e=0.4643/0.3804  lr=8.2e-11  ep_time=9.6s
[01:30:53] ep 89/100  loss=0.7338  tr_acc=0.5828  val_l=0.9938/0.9939  val_e=0.9938/0.9939  dev_l=0.4643/0.3902  dev_e=0.4714/0.3884  lr=6.9e-11  ep_time=9.5s
[01:31:04] ep 90/100  loss=0.7331  tr_acc=0.6156  val_l=0.9938/0.9939  val_e=0.9938/0.9939  dev_l=0.4857/0.4131  dev_e=0.4786/0.3966  lr=5.7e-11  ep_time=9.5s
[01:31:16] ep 91/100  loss=0.7392  tr_acc=0.6203  val_l=0.9938/0.9939  val_e=0.9938/0.9939  dev_l=0.4786/0.3996  dev_e=0.4786/0.3970  lr=4.6e-11  ep_time=9.3s
[01:31:27] ep 92/100  loss=0.6886  tr_acc=0.6844  val_l=0.9938/0.9939  val_e=0.9938/0.9939  dev_l=0.4857/0.4014  dev_e=0.4786/0.3955  lr=3.7e-11  ep_time=9.4s
[01:31:38] ep 93/100  loss=0.8013  tr_acc=0.6156  val_l=0.9938/0.9939  val_e=0.9938/0.9939  dev_l=0.4714/0.3866  dev_e=0.4786/0.3963  lr=2.8e-11  ep_time=9.6s
[01:31:50] ep 94/100  loss=0.7059  tr_acc=0.5469  val_l=0.9938/0.9939  val_e=0.9938/0.9939  dev_l=0.4714/0.3841  dev_e=0.4714/0.3882  lr=2.1e-11  ep_time=9.3s
[01:32:00] ep 95/100  loss=0.8655  tr_acc=0.5516  val_l=0.9938/0.9939  val_e=0.9938/0.9939  dev_l=0.5000/0.4163  dev_e=0.4786/0.3963  lr=1.4e-11  ep_time=9.2s
[01:32:11] ep 96/100  loss=0.6179  tr_acc=0.6547  val_l=0.9938/0.9939  val_e=0.9938/0.9939  dev_l=0.4857/0.3946  dev_e=0.4714/0.3824  lr=9.3e-12  ep_time=9.5s
[01:32:23] ep 97/100  loss=0.8108  tr_acc=0.6906  val_l=0.9938/0.9939  val_e=0.9938/0.9939  dev_l=0.4929/0.4014  dev_e=0.4714/0.3813  lr=5.3e-12  ep_time=9.2s
[01:32:34] ep 98/100  loss=0.7296  tr_acc=0.6672  val_l=0.9938/0.9939  val_e=0.9938/0.9939  dev_l=0.4857/0.3987  dev_e=0.4714/0.3824  lr=2.4e-12  ep_time=9.3s
[01:32:44] ep 99/100  loss=0.6754  tr_acc=0.6641  val_l=0.9938/0.9939  val_e=0.9938/0.9939  dev_l=0.5000/0.4163  dev_e=0.4714/0.3824  lr=6.0e-13  ep_time=9.3s
[01:32:55] ep 100/100  loss=0.7060  tr_acc=0.6203  val_l=0.9938/0.9939  val_e=0.9938/0.9939  dev_l=0.5000/0.4163  dev_e=0.4714/0.3813  lr=3.6e-16  ep_time=9.3s
[01:32:57] done. total train time=1263.5s  best_epoch=81  best_dev77_f1_ema=0.3970  test77_acc=0.4928  test77_f1=0.3966
