[01:33:00] protocol=self backbone=dinov3_vitl16 run_dir=G:\zhanghe\Letter journal\EXPERIMENTSRESULT\REVISION_5090\VITL_FULLFT\seed31415
[01:33:00] device=cuda
[01:33:01] split sizes:
[01:33:01]   train    n= 644   10GHz=302, 24GHz=342
[01:33:01]   val      n= 162   10GHz=78, 24GHz=84
[01:33:01]   dev77    n= 140   77GHz=140
[01:33:01]   test77   n= 278   77GHz=278
[01:33:01] train aug: flip=False randaugment=True
[01:33:04] backbone=vit_large_patch16_dinov3.lvd1689m frozen=False feat_dim=1024
[01:33:04] trainable=303.09M / total=303.09M
[01:33:04] LLRD enabled: decay=0.65  param_groups=52  lr_scales=[0.0000..1.0000]
[01:33:04] Mixup/Cutmix enabled: mixup_alpha=0.2 cutmix_alpha=1.0 switch_prob=0.5
[01:33:04] EMA enabled: decay=0.999 start_epoch=5
[01:33:04] epochs=100 steps/epoch=40 total_steps=4000 lr=0.0001 wd=0.05 batch=16 warmup_epochs=5
[01:33:10] ep 01/100  loss=2.0865  tr_acc=0.1328  val_l=0.1728/0.1008  val_e=0.0000/0.0000  dev_l=0.1786/0.0772  dev_e=0.0000/0.0000  lr=4.2e-10  ep_time=6.8s
[01:33:18] ep 02/100  loss=1.9471  tr_acc=0.1750  val_l=0.3148/0.2521  val_e=0.0000/0.0000  dev_l=0.2643/0.1189  dev_e=0.0000/0.0000  lr=8.4e-10  ep_time=6.7s
[01:33:29] ep 03/100  loss=1.8321  tr_acc=0.2547  val_l=0.4877/0.4297  val_e=0.0000/0.0000  dev_l=0.2714/0.1435  dev_e=0.0000/0.0000  lr=1.3e-09  ep_time=6.7s
[01:33:37] ep 04/100  loss=1.5139  tr_acc=0.3469  val_l=0.6420/0.6013  val_e=0.0000/0.0000  dev_l=0.2857/0.1647  dev_e=0.0000/0.0000  lr=1.7e-09  ep_time=6.3s
[01:33:47] ep 05/100  loss=1.3331  tr_acc=0.4297  val_l=0.7963/0.7935  val_e=0.1481/0.0383  dev_l=0.3500/0.2377  dev_e=0.1429/0.0357  lr=2.1e-09  ep_time=8.6s
[01:33:48]   -> new best dev77_f1_ema=0.0357  test77=0.1511/0.0375
[01:34:10] ep 06/100  loss=1.1758  tr_acc=0.5109  val_l=0.8333/0.8309  val_e=0.1481/0.0379  dev_l=0.3929/0.2971  dev_e=0.1429/0.0357  lr=2.1e-09  ep_time=9.6s
[01:34:20] ep 07/100  loss=1.1690  tr_acc=0.4922  val_l=0.8519/0.8242  val_e=0.1481/0.0381  dev_l=0.3214/0.1962  dev_e=0.1429/0.0357  lr=2.1e-09  ep_time=9.3s
[01:34:31] ep 08/100  loss=0.9849  tr_acc=0.5859  val_l=0.8827/0.8720  val_e=0.1543/0.0487  dev_l=0.5071/0.3943  dev_e=0.1429/0.0357  lr=2.1e-09  ep_time=9.2s
[01:34:41] ep 09/100  loss=1.0027  tr_acc=0.6188  val_l=0.9259/0.9250  val_e=0.1543/0.0489  dev_l=0.4500/0.3821  dev_e=0.1429/0.0357  lr=2.1e-09  ep_time=9.1s
[01:34:53] ep 10/100  loss=1.0151  tr_acc=0.6312  val_l=0.9444/0.9442  val_e=0.1667/0.0687  dev_l=0.5429/0.4821  dev_e=0.1429/0.0357  lr=2.1e-09  ep_time=9.0s
[01:35:04] ep 11/100  loss=0.9995  tr_acc=0.5047  val_l=0.9444/0.9450  val_e=0.1914/0.0988  dev_l=0.4071/0.2854  dev_e=0.1429/0.0357  lr=2.1e-09  ep_time=9.4s
[01:35:14] ep 12/100  loss=1.0211  tr_acc=0.6188  val_l=0.9444/0.9439  val_e=0.2284/0.1570  dev_l=0.3929/0.3385  dev_e=0.1500/0.0498  lr=2.1e-09  ep_time=9.2s
[01:35:16]   -> new best dev77_f1_ema=0.0498  test77=0.1511/0.0383
[01:35:36] ep 13/100  loss=1.0117  tr_acc=0.5844  val_l=0.9444/0.9447  val_e=0.2778/0.2106  dev_l=0.4214/0.3551  dev_e=0.1571/0.0628  lr=2.1e-09  ep_time=9.4s
[01:35:37]   -> new best dev77_f1_ema=0.0628  test77=0.1619/0.0580
[01:35:55] ep 14/100  loss=0.8991  tr_acc=0.6016  val_l=0.9198/0.9190  val_e=0.3457/0.2771  dev_l=0.4357/0.3335  dev_e=0.1643/0.0759  lr=2.1e-09  ep_time=9.6s
[01:35:57]   -> new best dev77_f1_ema=0.0759  test77=0.1691/0.0720
[01:36:15] ep 15/100  loss=1.0912  tr_acc=0.4766  val_l=0.9568/0.9572  val_e=0.4444/0.3829  dev_l=0.4786/0.3932  dev_e=0.1643/0.0781  lr=2.0e-09  ep_time=9.4s
[01:36:16]   -> new best dev77_f1_ema=0.0781  test77=0.1871/0.0986
[01:36:37] ep 16/100  loss=1.0487  tr_acc=0.6609  val_l=0.9630/0.9639  val_e=0.4877/0.4326  dev_l=0.4429/0.3483  dev_e=0.1786/0.0996  lr=2.0e-09  ep_time=9.2s
[01:36:37]   -> new best dev77_f1_ema=0.0996  test77=0.1978/0.1197
[01:36:58] ep 17/100  loss=0.8860  tr_acc=0.5859  val_l=0.9568/0.9559  val_e=0.6111/0.5752  dev_l=0.4786/0.3743  dev_e=0.1857/0.1172  lr=2.0e-09  ep_time=9.6s
[01:36:59]   -> new best dev77_f1_ema=0.1172  test77=0.2086/0.1387
[01:37:20] ep 18/100  loss=0.6888  tr_acc=0.6250  val_l=0.9630/0.9639  val_e=0.6481/0.6107  dev_l=0.5214/0.4437  dev_e=0.2429/0.1886  lr=2.0e-09  ep_time=9.2s
[01:37:21]   -> new best dev77_f1_ema=0.1886  test77=0.2446/0.1831
[01:37:45] ep 19/100  loss=0.9129  tr_acc=0.6344  val_l=0.9691/0.9699  val_e=0.6852/0.6579  dev_l=0.5286/0.4898  dev_e=0.2857/0.2283  lr=2.0e-09  ep_time=9.3s
[01:37:46]   -> new best dev77_f1_ema=0.2283  test77=0.2878/0.2236
[01:37:59] ep 20/100  loss=0.8022  tr_acc=0.5563  val_l=0.9815/0.9817  val_e=0.7469/0.7234  dev_l=0.5500/0.4414  dev_e=0.3571/0.2945  lr=2.0e-09  ep_time=9.4s
[01:38:04]   -> new best dev77_f1_ema=0.2945  test77=0.3345/0.2663
[01:38:24] ep 21/100  loss=0.8173  tr_acc=0.5344  val_l=0.9877/0.9878  val_e=0.7778/0.7592  dev_l=0.5643/0.5182  dev_e=0.3857/0.3153  lr=2.0e-09  ep_time=9.5s
[01:38:25]   -> new best dev77_f1_ema=0.3153  test77=0.3957/0.3170
[01:38:42] ep 22/100  loss=0.7842  tr_acc=0.5250  val_l=0.9691/0.9692  val_e=0.8025/0.7868  dev_l=0.5500/0.5005  dev_e=0.4000/0.3302  lr=1.9e-09  ep_time=9.3s
[01:38:43]   -> new best dev77_f1_ema=0.3302  test77=0.4281/0.3544
[01:39:03] ep 23/100  loss=0.9141  tr_acc=0.5781  val_l=0.9753/0.9759  val_e=0.8395/0.8236  dev_l=0.4143/0.3204  dev_e=0.4214/0.3517  lr=1.9e-09  ep_time=9.3s
[01:39:04]   -> new best dev77_f1_ema=0.3517  test77=0.4640/0.3884
[01:39:22] ep 24/100  loss=0.8220  tr_acc=0.7578  val_l=0.9506/0.9495  val_e=0.8704/0.8552  dev_l=0.4714/0.3609  dev_e=0.4143/0.3502  lr=1.9e-09  ep_time=9.3s
[01:39:32] ep 25/100  loss=0.7927  tr_acc=0.5563  val_l=0.9877/0.9878  val_e=0.8889/0.8816  dev_l=0.4429/0.3611  dev_e=0.3929/0.3320  lr=1.9e-09  ep_time=9.1s
[01:39:43] ep 26/100  loss=0.9193  tr_acc=0.6516  val_l=0.9691/0.9699  val_e=0.9012/0.8951  dev_l=0.4786/0.3824  dev_e=0.4000/0.3328  lr=1.9e-09  ep_time=9.5s
[01:39:53] ep 27/100  loss=0.8018  tr_acc=0.6297  val_l=0.9877/0.9878  val_e=0.9074/0.9029  dev_l=0.5071/0.4256  dev_e=0.4071/0.3391  lr=1.8e-09  ep_time=9.2s
[01:40:04] ep 28/100  loss=0.8792  tr_acc=0.6047  val_l=0.9938/0.9939  val_e=0.9136/0.9086  dev_l=0.4857/0.4004  dev_e=0.4143/0.3437  lr=1.8e-09  ep_time=9.4s
[01:40:15] ep 29/100  loss=0.8260  tr_acc=0.6906  val_l=0.9877/0.9878  val_e=0.9259/0.9240  dev_l=0.5500/0.4524  dev_e=0.4214/0.3485  lr=1.8e-09  ep_time=8.8s
[01:40:25] ep 30/100  loss=0.9665  tr_acc=0.6109  val_l=0.9815/0.9818  val_e=0.9383/0.9378  dev_l=0.6286/0.5947  dev_e=0.4429/0.3671  lr=1.8e-09  ep_time=9.3s
[01:40:27]   -> new best dev77_f1_ema=0.3671  test77=0.5144/0.4245
[01:40:46] ep 31/100  loss=0.7672  tr_acc=0.5953  val_l=0.9753/0.9756  val_e=0.9383/0.9378  dev_l=0.5643/0.5074  dev_e=0.4429/0.3671  lr=1.7e-09  ep_time=9.3s
[01:40:56] ep 32/100  loss=0.8642  tr_acc=0.6438  val_l=0.9815/0.9817  val_e=0.9444/0.9444  dev_l=0.5357/0.4378  dev_e=0.4500/0.3726  lr=1.7e-09  ep_time=9.1s
[01:40:59]   -> new best dev77_f1_ema=0.3726  test77=0.5072/0.4200
[01:41:20] ep 33/100  loss=0.8318  tr_acc=0.5594  val_l=0.9877/0.9878  val_e=0.9506/0.9509  dev_l=0.5071/0.4249  dev_e=0.4786/0.4015  lr=1.7e-09  ep_time=9.4s
[01:41:21]   -> new best dev77_f1_ema=0.4015  test77=0.5180/0.4292
[01:41:41] ep 34/100  loss=0.7960  tr_acc=0.6594  val_l=0.9815/0.9817  val_e=0.9506/0.9509  dev_l=0.5286/0.4358  dev_e=0.4929/0.4124  lr=1.7e-09  ep_time=9.5s
[01:41:42]   -> new best dev77_f1_ema=0.4124  test77=0.5180/0.4274
[01:42:06] ep 35/100  loss=0.8517  tr_acc=0.6125  val_l=0.9938/0.9939  val_e=0.9506/0.9509  dev_l=0.5286/0.4545  dev_e=0.5000/0.4183  lr=1.6e-09  ep_time=9.2s
[01:42:08]   -> new best dev77_f1_ema=0.4183  test77=0.5180/0.4274
[01:42:20] ep 36/100  loss=0.8785  tr_acc=0.6531  val_l=0.9938/0.9939  val_e=0.9506/0.9509  dev_l=0.5286/0.4463  dev_e=0.5000/0.4187  lr=1.6e-09  ep_time=9.3s
[01:42:25]   -> new best dev77_f1_ema=0.4187  test77=0.5180/0.4276
[01:42:45] ep 37/100  loss=0.7641  tr_acc=0.6359  val_l=0.9691/0.9689  val_e=0.9506/0.9509  dev_l=0.4786/0.4075  dev_e=0.5000/0.4187  lr=1.6e-09  ep_time=8.9s
[01:42:56] ep 38/100  loss=0.8217  tr_acc=0.6625  val_l=0.9753/0.9754  val_e=0.9506/0.9509  dev_l=0.4857/0.4282  dev_e=0.4929/0.4110  lr=1.5e-09  ep_time=9.4s
[01:43:06] ep 39/100  loss=0.7497  tr_acc=0.6453  val_l=0.9938/0.9939  val_e=0.9506/0.9509  dev_l=0.5214/0.4320  dev_e=0.4929/0.4109  lr=1.5e-09  ep_time=9.3s
[01:43:17] ep 40/100  loss=0.7967  tr_acc=0.5984  val_l=0.9815/0.9817  val_e=0.9568/0.9573  dev_l=0.5286/0.4568  dev_e=0.5000/0.4141  lr=1.5e-09  ep_time=9.3s
[01:43:28] ep 41/100  loss=0.7736  tr_acc=0.6687  val_l=0.9815/0.9817  val_e=0.9691/0.9695  dev_l=0.5571/0.4727  dev_e=0.5000/0.4141  lr=1.4e-09  ep_time=9.4s
[01:43:38] ep 42/100  loss=0.8374  tr_acc=0.5625  val_l=0.9877/0.9878  val_e=0.9753/0.9754  dev_l=0.4714/0.3991  dev_e=0.5000/0.4130  lr=1.4e-09  ep_time=9.2s
[01:43:50] ep 43/100  loss=0.8290  tr_acc=0.6953  val_l=0.9938/0.9939  val_e=0.9753/0.9754  dev_l=0.5071/0.4499  dev_e=0.5071/0.4185  lr=1.4e-09  ep_time=9.3s
[01:44:00] ep 44/100  loss=0.6528  tr_acc=0.6547  val_l=0.9938/0.9939  val_e=0.9753/0.9754  dev_l=0.5643/0.5035  dev_e=0.5143/0.4267  lr=1.3e-09  ep_time=9.2s
[01:44:02]   -> new best dev77_f1_ema=0.4267  test77=0.5216/0.4236
[01:44:22] ep 45/100  loss=0.7876  tr_acc=0.6797  val_l=0.9938/0.9939  val_e=0.9753/0.9754  dev_l=0.5071/0.4527  dev_e=0.5071/0.4211  lr=1.3e-09  ep_time=9.2s
[01:44:32] ep 46/100  loss=0.7768  tr_acc=0.5844  val_l=0.9938/0.9939  val_e=0.9753/0.9754  dev_l=0.5571/0.4982  dev_e=0.5071/0.4211  lr=1.3e-09  ep_time=9.2s
[01:44:43] ep 47/100  loss=0.7592  tr_acc=0.6875  val_l=0.9877/0.9878  val_e=0.9815/0.9816  dev_l=0.6071/0.5419  dev_e=0.5071/0.4213  lr=1.2e-09  ep_time=9.3s
[01:44:54] ep 48/100  loss=0.7728  tr_acc=0.5359  val_l=0.9815/0.9818  val_e=0.9815/0.9816  dev_l=0.4786/0.4242  dev_e=0.5143/0.4294  lr=1.2e-09  ep_time=9.2s
[01:44:57]   -> new best dev77_f1_ema=0.4294  test77=0.5288/0.4303
[01:45:16] ep 49/100  loss=0.7495  tr_acc=0.6750  val_l=0.9877/0.9878  val_e=0.9877/0.9878  dev_l=0.5643/0.4845  dev_e=0.5286/0.4395  lr=1.2e-09  ep_time=9.3s
[01:45:17]   -> new best dev77_f1_ema=0.4395  test77=0.5288/0.4306
[01:45:39] ep 50/100  loss=0.7823  tr_acc=0.7063  val_l=0.9877/0.9878  val_e=0.9877/0.9878  dev_l=0.5714/0.4947  dev_e=0.5429/0.4507  lr=1.1e-09  ep_time=9.2s
[01:45:40]   -> new best dev77_f1_ema=0.4507  test77=0.5324/0.4320
[01:45:59] ep 51/100  loss=0.6944  tr_acc=0.6266  val_l=0.9815/0.9820  val_e=0.9877/0.9878  dev_l=0.5571/0.4752  dev_e=0.5429/0.4510  lr=1.1e-09  ep_time=9.6s
[01:46:00]   -> new best dev77_f1_ema=0.4510  test77=0.5324/0.4327
[01:46:19] ep 52/100  loss=0.7096  tr_acc=0.6813  val_l=0.9938/0.9939  val_e=0.9877/0.9878  dev_l=0.5500/0.4678  dev_e=0.5500/0.4569  lr=1.1e-09  ep_time=9.6s
[01:46:20]   -> new best dev77_f1_ema=0.4569  test77=0.5360/0.4354
[01:46:41] ep 53/100  loss=0.8715  tr_acc=0.6641  val_l=0.9938/0.9939  val_e=0.9877/0.9878  dev_l=0.6071/0.5426  dev_e=0.5500/0.4569  lr=1.0e-09  ep_time=9.5s
[01:46:51] ep 54/100  loss=0.7490  tr_acc=0.6109  val_l=0.9877/0.9878  val_e=0.9877/0.9878  dev_l=0.5571/0.4912  dev_e=0.5571/0.4626  lr=1.0e-09  ep_time=9.1s
[01:46:54]   -> new best dev77_f1_ema=0.4626  test77=0.5432/0.4405
[01:47:15] ep 55/100  loss=0.6932  tr_acc=0.6562  val_l=0.9938/0.9939  val_e=0.9877/0.9878  dev_l=0.5571/0.4901  dev_e=0.5571/0.4625  lr=9.7e-10  ep_time=9.3s
[01:47:25] ep 56/100  loss=0.7095  tr_acc=0.6094  val_l=0.9938/0.9939  val_e=0.9877/0.9878  dev_l=0.5000/0.4370  dev_e=0.5571/0.4617  lr=9.3e-10  ep_time=9.3s
[01:47:36] ep 57/100  loss=0.7414  tr_acc=0.6391  val_l=0.9938/0.9939  val_e=0.9877/0.9878  dev_l=0.5429/0.5013  dev_e=0.5500/0.4543  lr=9.0e-10  ep_time=9.2s
[01:47:47] ep 58/100  loss=0.7752  tr_acc=0.6891  val_l=0.9938/0.9939  val_e=0.9877/0.9878  dev_l=0.5429/0.4942  dev_e=0.5571/0.4627  lr=8.6e-10  ep_time=9.3s
[01:47:49]   -> new best dev77_f1_ema=0.4627  test77=0.5468/0.4459
[01:48:09] ep 59/100  loss=0.7076  tr_acc=0.6875  val_l=0.9938/0.9939  val_e=0.9877/0.9878  dev_l=0.4929/0.4306  dev_e=0.5571/0.4627  lr=8.3e-10  ep_time=9.4s
[01:48:19] ep 60/100  loss=0.7828  tr_acc=0.6250  val_l=0.9815/0.9816  val_e=0.9877/0.9878  dev_l=0.5357/0.4740  dev_e=0.5571/0.4627  lr=7.9e-10  ep_time=9.0s
[01:48:30] ep 61/100  loss=0.7099  tr_acc=0.6156  val_l=0.9938/0.9939  val_e=0.9877/0.9878  dev_l=0.5429/0.4641  dev_e=0.5571/0.4627  lr=7.6e-10  ep_time=9.4s
[01:48:43] ep 62/100  loss=0.7676  tr_acc=0.6062  val_l=0.9938/0.9939  val_e=0.9877/0.9878  dev_l=0.5286/0.4778  dev_e=0.5571/0.4710  lr=7.3e-10  ep_time=9.6s
[01:48:45]   -> new best dev77_f1_ema=0.4710  test77=0.5468/0.4472
[01:49:02] ep 63/100  loss=0.7781  tr_acc=0.6016  val_l=0.9691/0.9689  val_e=0.9877/0.9878  dev_l=0.5643/0.5049  dev_e=0.5571/0.4720  lr=6.9e-10  ep_time=9.2s
[01:49:03]   -> new best dev77_f1_ema=0.4720  test77=0.5468/0.4480
[01:49:22] ep 64/100  loss=0.7329  tr_acc=0.6609  val_l=1.0000/1.0000  val_e=0.9877/0.9878  dev_l=0.5571/0.4909  dev_e=0.5500/0.4648  lr=6.6e-10  ep_time=9.2s
[01:49:32] ep 65/100  loss=0.7711  tr_acc=0.6016  val_l=0.9938/0.9939  val_e=0.9938/0.9939  dev_l=0.5643/0.4987  dev_e=0.5500/0.4648  lr=6.3e-10  ep_time=9.4s
[01:49:43] ep 66/100  loss=0.8895  tr_acc=0.6156  val_l=1.0000/1.0000  val_e=0.9938/0.9939  dev_l=0.5214/0.4623  dev_e=0.5500/0.4648  lr=6.0e-10  ep_time=9.6s
[01:49:54] ep 67/100  loss=0.8287  tr_acc=0.5859  val_l=0.9938/0.9939  val_e=0.9938/0.9939  dev_l=0.5357/0.4715  dev_e=0.5500/0.4643  lr=5.7e-10  ep_time=9.2s
[01:50:05] ep 68/100  loss=0.7113  tr_acc=0.5969  val_l=0.9938/0.9939  val_e=0.9938/0.9939  dev_l=0.5500/0.4720  dev_e=0.5500/0.4643  lr=5.4e-10  ep_time=9.5s
[01:50:16] ep 69/100  loss=0.8237  tr_acc=0.5297  val_l=0.9938/0.9939  val_e=0.9938/0.9939  dev_l=0.5357/0.4494  dev_e=0.5500/0.4643  lr=5.1e-10  ep_time=9.5s
[01:50:26] ep 70/100  loss=0.6534  tr_acc=0.6031  val_l=0.9938/0.9939  val_e=0.9938/0.9939  dev_l=0.5571/0.4888  dev_e=0.5500/0.4643  lr=4.8e-10  ep_time=9.3s
[01:50:39] ep 71/100  loss=0.8215  tr_acc=0.5938  val_l=0.9938/0.9939  val_e=0.9938/0.9939  dev_l=0.5571/0.4674  dev_e=0.5500/0.4643  lr=4.5e-10  ep_time=9.2s
[01:50:49] ep 72/100  loss=0.8055  tr_acc=0.6828  val_l=0.9938/0.9939  val_e=0.9938/0.9939  dev_l=0.5357/0.4581  dev_e=0.5500/0.4643  lr=4.2e-10  ep_time=9.1s
[01:50:59] ep 73/100  loss=0.8174  tr_acc=0.5859  val_l=1.0000/1.0000  val_e=0.9938/0.9939  dev_l=0.5500/0.4637  dev_e=0.5500/0.4643  lr=3.9e-10  ep_time=8.8s
[01:51:09] ep 74/100  loss=0.7518  tr_acc=0.6969  val_l=0.9938/0.9939  val_e=0.9938/0.9939  dev_l=0.5714/0.5153  dev_e=0.5500/0.4643  lr=3.7e-10  ep_time=8.9s
[01:51:20] ep 75/100  loss=0.7103  tr_acc=0.7328  val_l=1.0000/1.0000  val_e=0.9938/0.9939  dev_l=0.5714/0.5128  dev_e=0.5500/0.4644  lr=3.4e-10  ep_time=8.8s
[01:51:32] ep 76/100  loss=0.8062  tr_acc=0.6438  val_l=0.9938/0.9939  val_e=0.9938/0.9939  dev_l=0.5500/0.4801  dev_e=0.5500/0.4644  lr=3.1e-10  ep_time=8.9s
[01:51:41] ep 77/100  loss=0.6846  tr_acc=0.6891  val_l=1.0000/1.0000  val_e=0.9938/0.9939  dev_l=0.5786/0.5305  dev_e=0.5500/0.4654  lr=2.9e-10  ep_time=8.9s
[01:51:52] ep 78/100  loss=0.8558  tr_acc=0.6109  val_l=0.9938/0.9939  val_e=0.9938/0.9939  dev_l=0.5429/0.4667  dev_e=0.5500/0.4654  lr=2.7e-10  ep_time=9.0s
[01:52:02] ep 79/100  loss=0.7625  tr_acc=0.6594  val_l=0.9938/0.9939  val_e=0.9938/0.9939  dev_l=0.5929/0.5330  dev_e=0.5500/0.4654  lr=2.4e-10  ep_time=8.7s
[01:52:13] ep 80/100  loss=0.7421  tr_acc=0.6719  val_l=0.9938/0.9939  val_e=0.9938/0.9939  dev_l=0.5643/0.5118  dev_e=0.5500/0.4654  lr=2.2e-10  ep_time=9.1s
[01:52:27] ep 81/100  loss=0.8622  tr_acc=0.5938  val_l=0.9938/0.9939  val_e=0.9938/0.9939  dev_l=0.5714/0.5071  dev_e=0.5500/0.4725  lr=2.0e-10  ep_time=9.1s
[01:52:29]   -> new best dev77_f1_ema=0.4725  test77=0.5647/0.4773
[01:52:48] ep 82/100  loss=0.7601  tr_acc=0.7016  val_l=0.9938/0.9939  val_e=0.9938/0.9939  dev_l=0.5857/0.5331  dev_e=0.5500/0.4731  lr=1.8e-10  ep_time=9.2s
[01:52:49]   -> new best dev77_f1_ema=0.4731  test77=0.5647/0.4779
[01:53:08] ep 83/100  loss=0.7678  tr_acc=0.6359  val_l=1.0000/1.0000  val_e=0.9938/0.9939  dev_l=0.5857/0.5208  dev_e=0.5500/0.4731  lr=1.6e-10  ep_time=8.9s
[01:53:18] ep 84/100  loss=0.7035  tr_acc=0.6406  val_l=0.9938/0.9939  val_e=0.9938/0.9939  dev_l=0.5714/0.5131  dev_e=0.5500/0.4740  lr=1.4e-10  ep_time=8.8s
[01:53:22]   -> new best dev77_f1_ema=0.4740  test77=0.5647/0.4824
[01:53:39] ep 85/100  loss=0.7760  tr_acc=0.5891  val_l=0.9938/0.9939  val_e=0.9938/0.9939  dev_l=0.5857/0.5268  dev_e=0.5500/0.4737  lr=1.3e-10  ep_time=8.9s
[01:53:49] ep 86/100  loss=0.7336  tr_acc=0.6016  val_l=0.9938/0.9939  val_e=0.9938/0.9939  dev_l=0.5857/0.5177  dev_e=0.5500/0.4737  lr=1.1e-10  ep_time=9.0s
[01:54:01] ep 87/100  loss=0.7559  tr_acc=0.6453  val_l=0.9938/0.9939  val_e=0.9938/0.9939  dev_l=0.5643/0.4949  dev_e=0.5500/0.4731  lr=9.6e-11  ep_time=9.1s
[01:54:10] ep 88/100  loss=0.6570  tr_acc=0.6328  val_l=0.9938/0.9939  val_e=0.9938/0.9939  dev_l=0.5786/0.5116  dev_e=0.5500/0.4731  lr=8.2e-11  ep_time=8.9s
[01:54:20] ep 89/100  loss=0.6490  tr_acc=0.7422  val_l=0.9938/0.9939  val_e=0.9938/0.9939  dev_l=0.5714/0.5068  dev_e=0.5500/0.4731  lr=6.9e-11  ep_time=8.8s
[01:54:33] ep 90/100  loss=0.8161  tr_acc=0.5641  val_l=0.9938/0.9939  val_e=0.9938/0.9939  dev_l=0.5714/0.5072  dev_e=0.5500/0.4731  lr=5.7e-11  ep_time=9.0s
[01:54:43] ep 91/100  loss=0.6694  tr_acc=0.7734  val_l=0.9938/0.9939  val_e=0.9938/0.9939  dev_l=0.5643/0.5022  dev_e=0.5571/0.4846  lr=4.6e-11  ep_time=9.1s
[01:54:46]   -> new best dev77_f1_ema=0.4846  test77=0.5755/0.4998
[01:55:03] ep 92/100  loss=0.7366  tr_acc=0.5766  val_l=0.9938/0.9939  val_e=0.9938/0.9939  dev_l=0.5714/0.5107  dev_e=0.5571/0.4853  lr=3.7e-11  ep_time=9.2s
[01:55:04]   -> new best dev77_f1_ema=0.4853  test77=0.5647/0.4905
[01:55:22] ep 93/100  loss=0.6994  tr_acc=0.7609  val_l=0.9938/0.9939  val_e=0.9938/0.9939  dev_l=0.5714/0.5033  dev_e=0.5571/0.4853  lr=2.8e-11  ep_time=8.6s
[01:55:32] ep 94/100  loss=0.8096  tr_acc=0.6266  val_l=0.9938/0.9939  val_e=0.9938/0.9939  dev_l=0.5714/0.5033  dev_e=0.5571/0.4853  lr=2.1e-11  ep_time=8.6s
[01:55:42] ep 95/100  loss=0.6830  tr_acc=0.5813  val_l=0.9938/0.9939  val_e=0.9938/0.9939  dev_l=0.5786/0.5200  dev_e=0.5571/0.4845  lr=1.4e-11  ep_time=8.6s
[01:55:53] ep 96/100  loss=0.7289  tr_acc=0.6438  val_l=0.9938/0.9939  val_e=0.9938/0.9939  dev_l=0.5714/0.5033  dev_e=0.5571/0.4845  lr=9.3e-12  ep_time=8.4s
[01:56:02] ep 97/100  loss=0.7716  tr_acc=0.6469  val_l=0.9938/0.9939  val_e=0.9938/0.9939  dev_l=0.5643/0.4942  dev_e=0.5571/0.4845  lr=5.3e-12  ep_time=8.3s
[01:56:13] ep 98/100  loss=0.8328  tr_acc=0.5953  val_l=0.9938/0.9939  val_e=0.9938/0.9939  dev_l=0.5786/0.5125  dev_e=0.5571/0.4872  lr=2.4e-12  ep_time=8.3s
[01:56:15]   -> new best dev77_f1_ema=0.4872  test77=0.5755/0.5010
[01:56:35] ep 99/100  loss=0.6665  tr_acc=0.5234  val_l=0.9938/0.9939  val_e=0.9938/0.9939  dev_l=0.5643/0.4942  dev_e=0.5500/0.4759  lr=6.0e-13  ep_time=8.8s
[01:56:45] ep 100/100  loss=0.8044  tr_acc=0.6391  val_l=0.9938/0.9939  val_e=0.9938/0.9939  dev_l=0.5786/0.5125  dev_e=0.5643/0.4959  lr=3.6e-16  ep_time=8.4s
[01:56:48]   -> new best dev77_f1_ema=0.4959  test77=0.5791/0.5078
[01:56:59] done. total train time=1435.5s  best_epoch=100  best_dev77_f1_ema=0.4959  test77_acc=0.5791  test77_f1=0.5078
