[skip] vgg16_bn seed42 (pool_ep100_ema.pt exists)
[skip] mobilenetv3_l seed42 (pool_ep100_ema.pt exists)
[skip] effnetb0 seed42 (pool_ep100_ema.pt exists)
[skip] convnext_t seed42 (pool_ep100_ema.pt exists)
[skip] swin_t seed42 (pool_ep100_ema.pt exists)

=== [03:10:16] G:\zhanghe\Letter journal\EXPERIMENTSRESULT\REVISION_5090\public_baseline\pb_train_generic.py --backbone convnextv2_t --seed 42 --epochs 100 --run-dir G:\zhanghe\Letter journal\EXPERIMENTSRESULT\REVISION_5090\public_baseline\runs\convnextv2_t\seed42 ===
[03:10:19] backbone=convnextv2_t (convnextv2_tiny.fcmae_ft_in1k) seed=42 device=cuda run_dir=G:\zhanghe\Letter journal\EXPERIMENTSRESULT\REVISION_5090\public_baseline\runs\convnextv2_t\seed42
[03:10:19] splits: train=644 val(source)=162 test77=418
Warning: You are sending unauthenticated requests to the HF Hub. Please set a HF_TOKEN to enable higher rate limits and faster downloads.
[03:10:22] trainable=27.87M / total=27.87M  feat_dim=768
[03:10:22] epochs=100 steps/epoch=40 total_steps=4000 lr=0.0003 wd=0.05 batch=16 warmup_ep=3 ema_decay=0.999 ema_start=5
[03:10:44] ep 005/100 loss=0.3420 val_ema=0.2469/0.1588 test77_ema=0.1962/0.1203 lr=3.00e-04
[03:11:00] ep 010/100 loss=0.2942 val_ema=0.7716/0.7713 test77_ema=0.1483/0.0719 lr=2.96e-04
[03:11:16] ep 015/100 loss=0.2998 val_ema=0.9321/0.9322 test77_ema=0.1364/0.0382 lr=2.89e-04
[03:11:31] ep 020/100 loss=0.2572 val_ema=0.9506/0.9500 test77_ema=0.1411/0.0477 lr=2.78e-04
[03:11:47] ep 025/100 loss=0.2565 val_ema=0.9691/0.9689 test77_ema=0.1579/0.0793 lr=2.64e-04
[03:12:03] ep 030/100 loss=0.2564 val_ema=0.9815/0.9813 test77_ema=0.1770/0.1078 lr=2.46e-04
[03:12:20] ep 035/100 loss=0.2561 val_ema=0.9877/0.9878 test77_ema=0.1722/0.0980 lr=2.27e-04
[03:12:36] ep 040/100 loss=0.2561 val_ema=0.9877/0.9878 test77_ema=0.1866/0.1099 lr=2.05e-04
[03:12:52] ep 045/100 loss=0.2556 val_ema=0.9877/0.9878 test77_ema=0.1890/0.1105 lr=1.81e-04
[03:13:08] ep 050/100 loss=0.2554 val_ema=0.9938/0.9939 test77_ema=0.1866/0.1071 lr=1.57e-04
[03:13:24] ep 055/100 loss=0.2551 val_ema=0.9938/0.9939 test77_ema=0.1890/0.1114 lr=1.33e-04
[03:13:40] ep 060/100 loss=0.2553 val_ema=1.0000/1.0000 test77_ema=0.1866/0.1086 lr=1.09e-04
[03:13:56] ep 065/100 loss=0.2550 val_ema=1.0000/1.0000 test77_ema=0.1842/0.1048 lr=8.66e-05
[03:14:12] ep 070/100 loss=0.2550 val_ema=1.0000/1.0000 test77_ema=0.1938/0.1208 lr=6.55e-05
[03:14:28] ep 075/100 loss=0.2549 val_ema=1.0000/1.0000 test77_ema=0.2010/0.1314 lr=4.66e-05
[03:14:43] ep 080/100 loss=0.2549 val_ema=1.0000/1.0000 test77_ema=0.2057/0.1386 lr=3.05e-05
[03:14:59] ep 085/100 loss=0.2549 val_ema=1.0000/1.0000 test77_ema=0.2129/0.1482 lr=1.74e-05
[03:15:15] ep 090/100 loss=0.2549 val_ema=1.0000/1.0000 test77_ema=0.2129/0.1479 lr=7.84e-06
[03:15:31] ep 095/100 loss=0.2548 val_ema=1.0000/1.0000 test77_ema=0.2177/0.1538 lr=1.98e-06
[03:15:47] ep 100/100 loss=0.2548 val_ema=1.0000/1.0000 test77_ema=0.2201/0.1568 lr=4.92e-11
[03:15:47] DONE convnextv2_t seed42: final-EMA test77 acc/f1=0.2201/0.1568 src-val f1=1.0000 gap=+0.8432 (5.4 min)  saved pool_ep100_ema.pt
=== exit 0 ===

=== [03:15:48] G:\zhanghe\Letter journal\EXPERIMENTSRESULT\REVISION_5090\public_baseline\pb_external.py --train radmamba --seed 42 --epochs 100 --run-dir G:\zhanghe\Letter journal\EXPERIMENTSRESULT\REVISION_5090\public_baseline\runs\radmamba\seed42 ===
[03:15:50] method=radmamba seed=42 device=cuda run_dir=G:\zhanghe\Letter journal\EXPERIMENTSRESULT\REVISION_5090\public_baseline\runs\radmamba\seed42
[03:15:50] splits: train=644 val(source)=162 test77=418
C:\Users\Zirui Lin\anaconda3\envs\Lider_5090\lib\site-packages\torch\nn\modules\linear.py:124: UserWarning: Initializing zero-element tensors is a no-op
  init.kaiming_uniform_(self.weight, a=math.sqrt(5))
[03:15:53] trainable=0.089M / total=0.09M
[03:15:53] native: opt=adamw lr=0.005 wd=0.0 grad_clip=200.0 ema_start=5 epochs=100 steps/epoch=40 ce_ls=0.05
[03:16:17] ep 005/100 loss=0.4726 val_ema_f1=0.0337 test77_ema=0.1196/0.0382 lr=4.99e-03
[03:16:41] ep 010/100 loss=0.4653 val_ema_f1=0.6139 test77_ema=0.2751/0.2546 lr=4.94e-03
[03:17:06] ep 015/100 loss=0.3887 val_ema_f1=0.8091 test77_ema=0.3660/0.3387 lr=4.81e-03
[03:17:32] ep 020/100 loss=0.3212 val_ema_f1=0.8995 test77_ema=0.3397/0.3036 lr=4.63e-03
[03:17:58] ep 025/100 loss=0.2617 val_ema_f1=0.9198 test77_ema=0.3158/0.2634 lr=4.39e-03
[03:18:23] ep 030/100 loss=0.2574 val_ema_f1=0.9256 test77_ema=0.3110/0.2510 lr=4.11e-03
[03:18:49] ep 035/100 loss=0.2563 val_ema_f1=0.9320 test77_ema=0.2967/0.2357 lr=3.78e-03
[03:19:14] ep 040/100 loss=0.2559 val_ema_f1=0.9450 test77_ema=0.2727/0.2145 lr=3.41e-03
[03:19:40] ep 045/100 loss=0.2556 val_ema_f1=0.9389 test77_ema=0.2679/0.2079 lr=3.02e-03
[03:20:04] ep 050/100 loss=0.2553 val_ema_f1=0.9328 test77_ema=0.2656/0.2016 lr=2.62e-03
[03:20:26] ep 055/100 loss=0.2552 val_ema_f1=0.9338 test77_ema=0.2560/0.1906 lr=2.22e-03
[03:20:51] ep 060/100 loss=0.2550 val_ema_f1=0.9338 test77_ema=0.2536/0.1876 lr=1.82e-03
[03:21:13] ep 065/100 loss=0.2549 val_ema_f1=0.9338 test77_ema=0.2440/0.1819 lr=1.44e-03
[03:21:38] ep 070/100 loss=0.2548 val_ema_f1=0.9338 test77_ema=0.2440/0.1786 lr=1.09e-03
[03:22:03] ep 075/100 loss=0.2548 val_ema_f1=0.9338 test77_ema=0.2416/0.1757 lr=7.77e-04
[03:22:27] ep 080/100 loss=0.2547 val_ema_f1=0.9398 test77_ema=0.2344/0.1706 lr=5.08e-04
[03:22:51] ep 085/100 loss=0.2547 val_ema_f1=0.9398 test77_ema=0.2344/0.1718 lr=2.90e-04
[03:23:17] ep 090/100 loss=0.2547 val_ema_f1=0.9398 test77_ema=0.2392/0.1739 lr=1.31e-04
[03:23:44] ep 095/100 loss=0.2546 val_ema_f1=0.9398 test77_ema=0.2416/0.1770 lr=3.30e-05
[03:24:11] ep 100/100 loss=0.2546 val_ema_f1=0.9398 test77_ema=0.2416/0.1762 lr=8.19e-10
[03:24:11] DONE radmamba seed42: final-EMA test77=0.2416/0.1762 src-val f1=0.9398 gap=+0.7637 (8.3 min)
=== exit 0 ===

=== [03:24:11] G:\zhanghe\Letter journal\EXPERIMENTSRESULT\REVISION_5090\public_baseline\pb_external.py --train selafd --seed 42 --epochs 100 --run-dir G:\zhanghe\Letter journal\EXPERIMENTSRESULT\REVISION_5090\public_baseline\runs\selafd\seed42 ===
[03:24:14] method=selafd seed=42 device=cuda run_dir=G:\zhanghe\Letter journal\EXPERIMENTSRESULT\REVISION_5090\public_baseline\runs\selafd\seed42
[03:24:14] splits: train=644 val(source)=162 test77=418
[03:24:17] trainable=14.336M / total=100.13M
[03:24:17] native: opt=adam lr=0.001 wd=0.0 grad_clip=0.0 ema_start=5 epochs=100 steps/epoch=40 ce_ls=0.1
[03:24:32] ep 005/100 loss=0.5690 val_ema_f1=0.1757 test77_ema=0.1555/0.0551 lr=9.99e-04
[03:24:53] ep 010/100 loss=0.4684 val_ema_f1=0.6228 test77_ema=0.0909/0.0302 lr=9.87e-04
[03:25:13] ep 015/100 loss=0.4474 val_ema_f1=0.7877 test77_ema=0.1244/0.0357 lr=9.63e-04
[03:25:32] ep 020/100 loss=0.4465 val_ema_f1=0.8358 test77_ema=0.1435/0.0419 lr=9.26e-04
[03:25:52] ep 025/100 loss=0.4463 val_ema_f1=0.8407 test77_ema=0.1483/0.0471 lr=8.79e-04
[03:26:13] ep 030/100 loss=0.4462 val_ema_f1=0.8651 test77_ema=0.1555/0.0553 lr=8.21e-04
[03:26:32] ep 035/100 loss=0.4462 val_ema_f1=0.8651 test77_ema=0.1675/0.0685 lr=7.55e-04
[03:26:52] ep 040/100 loss=0.4462 val_ema_f1=0.8779 test77_ema=0.1746/0.0760 lr=6.82e-04
[03:27:13] ep 045/100 loss=0.4462 val_ema_f1=0.8780 test77_ema=0.1818/0.0839 lr=6.05e-04
[03:27:32] ep 050/100 loss=0.4461 val_ema_f1=0.8966 test77_ema=0.1818/0.0848 lr=5.25e-04
[03:27:52] ep 055/100 loss=0.4462 val_ema_f1=0.8955 test77_ema=0.1818/0.0862 lr=4.44e-04
[03:28:12] ep 060/100 loss=0.4461 val_ema_f1=0.8955 test77_ema=0.1794/0.0842 lr=3.64e-04
[03:28:32] ep 065/100 loss=0.4461 val_ema_f1=0.8955 test77_ema=0.1794/0.0849 lr=2.89e-04
[03:28:52] ep 070/100 loss=0.4461 val_ema_f1=0.8955 test77_ema=0.1794/0.0856 lr=2.18e-04
[03:29:12] ep 075/100 loss=0.4461 val_ema_f1=0.8955 test77_ema=0.1794/0.0856 lr=1.55e-04
[03:29:33] ep 080/100 loss=0.4461 val_ema_f1=0.8886 test77_ema=0.1770/0.0835 lr=1.02e-04
[03:29:52] ep 085/100 loss=0.4461 val_ema_f1=0.8886 test77_ema=0.1770/0.0839 lr=5.80e-05
[03:30:11] ep 090/100 loss=0.4461 val_ema_f1=0.8886 test77_ema=0.1770/0.0839 lr=2.61e-05
[03:30:33] ep 095/100 loss=0.4461 val_ema_f1=0.8820 test77_ema=0.1746/0.0814 lr=6.61e-06
[03:30:52] ep 100/100 loss=0.4461 val_ema_f1=0.8820 test77_ema=0.1746/0.0818 lr=1.64e-10
[03:30:53] DONE selafd seed42: final-EMA test77=0.1746/0.0818 src-val f1=0.8820 gap=+0.8002 (6.6 min)
=== exit 0 ===

=== [03:30:54] G:\zhanghe\Letter journal\EXPERIMENTSRESULT\REVISION_5090\public_baseline\pb_train_generic.py --backbone vgg16_bn --seed 1234 --epochs 100 --run-dir G:\zhanghe\Letter journal\EXPERIMENTSRESULT\REVISION_5090\public_baseline\runs\vgg16_bn\seed1234 ===
[03:30:56] backbone=vgg16_bn (vgg16_bn.tv_in1k) seed=1234 device=cuda run_dir=G:\zhanghe\Letter journal\EXPERIMENTSRESULT\REVISION_5090\public_baseline\runs\vgg16_bn\seed1234
[03:30:56] splits: train=644 val(source)=162 test77=418
[03:30:59] trainable=134.31M / total=134.31M  feat_dim=4096
[03:30:59] epochs=100 steps/epoch=40 total_steps=4000 lr=0.0003 wd=0.05 batch=16 warmup_ep=3 ema_decay=0.999 ema_start=5
[03:31:16] ep 005/100 loss=0.4072 val_ema=0.1790/0.1191 test77_ema=0.1220/0.0880 lr=3.00e-04
[03:33:03] ep 010/100 loss=0.2688 val_ema=0.4383/0.4181 test77_ema=0.1507/0.0599 lr=2.96e-04
[03:33:59] ep 015/100 loss=0.2582 val_ema=0.8025/0.7732 test77_ema=0.1699/0.0787 lr=2.89e-04
[03:35:21] ep 020/100 loss=0.2559 val_ema=0.8827/0.8727 test77_ema=0.2057/0.1249 lr=2.78e-04
[03:36:15] ep 025/100 loss=0.2555 val_ema=0.9074/0.9030 test77_ema=0.2632/0.1553 lr=2.64e-04
[03:37:38] ep 030/100 loss=0.2555 val_ema=0.9198/0.9174 test77_ema=0.2464/0.1319 lr=2.46e-04
[03:38:34] ep 035/100 loss=0.2552 val_ema=0.9691/0.9688 test77_ema=0.2440/0.1312 lr=2.27e-04
[03:39:57] ep 040/100 loss=0.2551 val_ema=0.9691/0.9688 test77_ema=0.2416/0.1378 lr=2.05e-04
[03:40:55] ep 045/100 loss=0.2551 val_ema=0.9691/0.9688 test77_ema=0.2440/0.1417 lr=1.81e-04
[03:42:17] ep 050/100 loss=0.2550 val_ema=0.9753/0.9749 test77_ema=0.2416/0.1420 lr=1.57e-04
[03:43:13] ep 055/100 loss=0.2549 val_ema=0.9815/0.9818 test77_ema=0.2416/0.1433 lr=1.33e-04
[03:44:27] ep 060/100 loss=0.2547 val_ema=0.9815/0.9818 test77_ema=0.2440/0.1457 lr=1.09e-04
[03:45:33] ep 065/100 loss=0.2547 val_ema=0.9877/0.9878 test77_ema=0.2512/0.1506 lr=8.66e-05
[03:46:46] ep 070/100 loss=0.2547 val_ema=0.9877/0.9878 test77_ema=0.2512/0.1515 lr=6.55e-05
[03:47:49] ep 075/100 loss=0.2546 val_ema=0.9877/0.9878 test77_ema=0.2512/0.1515 lr=4.66e-05
[03:48:53] ep 080/100 loss=0.2546 val_ema=0.9877/0.9878 test77_ema=0.2512/0.1506 lr=3.05e-05
[03:50:08] ep 085/100 loss=0.2546 val_ema=0.9877/0.9878 test77_ema=0.2488/0.1482 lr=1.74e-05
[03:51:05] ep 090/100 loss=0.2546 val_ema=0.9877/0.9878 test77_ema=0.2488/0.1482 lr=7.84e-06
[03:52:23] ep 095/100 loss=0.2546 val_ema=0.9877/0.9878 test77_ema=0.2488/0.1482 lr=1.98e-06
[03:53:22] ep 100/100 loss=0.2546 val_ema=0.9877/0.9878 test77_ema=0.2488/0.1482 lr=4.92e-11
[03:53:27] DONE vgg16_bn seed1234: final-EMA test77 acc/f1=0.2488/0.1482 src-val f1=0.9878 gap=+0.8397 (22.4 min)  saved pool_ep100_ema.pt
=== exit 0 ===

=== [03:53:28] G:\zhanghe\Letter journal\EXPERIMENTSRESULT\REVISION_5090\public_baseline\pb_train_generic.py --backbone mobilenetv3_l --seed 1234 --epochs 100 --run-dir G:\zhanghe\Letter journal\EXPERIMENTSRESULT\REVISION_5090\public_baseline\runs\mobilenetv3_l\seed1234 ===
[03:53:30] backbone=mobilenetv3_l (mobilenetv3_large_100.ra_in1k) seed=1234 device=cuda run_dir=G:\zhanghe\Letter journal\EXPERIMENTSRESULT\REVISION_5090\public_baseline\runs\mobilenetv3_l\seed1234
[03:53:30] splits: train=644 val(source)=162 test77=418
Warning: You are sending unauthenticated requests to the HF Hub. Please set a HF_TOKEN to enable higher rate limits and faster downloads.
[03:53:33] trainable=4.21M / total=4.21M  feat_dim=1280
[03:53:33] epochs=100 steps/epoch=40 total_steps=4000 lr=0.0003 wd=0.05 batch=16 warmup_ep=3 ema_decay=0.999 ema_start=5
[03:53:45] ep 005/100 loss=0.3520 val_ema=0.1667/0.1482 test77_ema=0.1268/0.0488 lr=3.00e-04
[03:54:01] ep 010/100 loss=0.2977 val_ema=0.2160/0.1659 test77_ema=0.1268/0.0971 lr=2.96e-04
[03:54:12] ep 015/100 loss=0.2767 val_ema=0.3086/0.2705 test77_ema=0.1555/0.0956 lr=2.89e-04
[03:54:22] ep 020/100 loss=0.2745 val_ema=0.3951/0.3819 test77_ema=0.1627/0.0704 lr=2.78e-04
[03:54:30] ep 025/100 loss=0.2664 val_ema=0.5617/0.5629 test77_ema=0.1459/0.0406 lr=2.64e-04
[03:54:39] ep 030/100 loss=0.2658 val_ema=0.6728/0.6755 test77_ema=0.1435/0.0359 lr=2.46e-04
[03:54:46] ep 035/100 loss=0.2615 val_ema=0.8704/0.8705 test77_ema=0.1459/0.0407 lr=2.27e-04
[03:54:53] ep 040/100 loss=0.2595 val_ema=0.9259/0.9251 test77_ema=0.1483/0.0453 lr=2.05e-04
[03:54:58] ep 045/100 loss=0.2601 val_ema=0.9383/0.9378 test77_ema=0.1555/0.0589 lr=1.81e-04
[03:55:13] ep 050/100 loss=0.2594 val_ema=0.9321/0.9313 test77_ema=0.1603/0.0671 lr=1.57e-04
[03:55:29] ep 055/100 loss=0.2584 val_ema=0.9506/0.9501 test77_ema=0.1746/0.0887 lr=1.33e-04
[03:55:45] ep 060/100 loss=0.2577 val_ema=0.9506/0.9504 test77_ema=0.1818/0.0985 lr=1.09e-04
[03:56:00] ep 065/100 loss=0.2582 val_ema=0.9691/0.9697 test77_ema=0.1914/0.1080 lr=8.66e-05
[03:56:15] ep 070/100 loss=0.2580 val_ema=0.9753/0.9756 test77_ema=0.1914/0.1087 lr=6.55e-05
[03:56:32] ep 075/100 loss=0.2571 val_ema=0.9815/0.9816 test77_ema=0.1914/0.1079 lr=4.66e-05
[03:56:48] ep 080/100 loss=0.2570 val_ema=0.9753/0.9755 test77_ema=0.2033/0.1208 lr=3.05e-05
[03:57:02] ep 085/100 loss=0.2572 val_ema=0.9815/0.9816 test77_ema=0.1986/0.1166 lr=1.74e-05
[03:57:17] ep 090/100 loss=0.2572 val_ema=0.9877/0.9878 test77_ema=0.1986/0.1174 lr=7.84e-06
[03:57:32] ep 095/100 loss=0.2570 val_ema=0.9815/0.9816 test77_ema=0.1986/0.1152 lr=1.98e-06
[03:57:49] ep 100/100 loss=0.2574 val_ema=0.9815/0.9816 test77_ema=0.2105/0.1239 lr=4.92e-11
[03:57:50] DONE mobilenetv3_l seed1234: final-EMA test77 acc/f1=0.2105/0.1239 src-val f1=0.9816 gap=+0.8577 (4.3 min)  saved pool_ep100_ema.pt
=== exit 0 ===

=== [03:57:50] G:\zhanghe\Letter journal\EXPERIMENTSRESULT\REVISION_5090\public_baseline\pb_train_generic.py --backbone effnetb0 --seed 1234 --epochs 100 --run-dir G:\zhanghe\Letter journal\EXPERIMENTSRESULT\REVISION_5090\public_baseline\runs\effnetb0\seed1234 ===
[03:57:53] backbone=effnetb0 (efficientnet_b0.ra_in1k) seed=1234 device=cuda run_dir=G:\zhanghe\Letter journal\EXPERIMENTSRESULT\REVISION_5090\public_baseline\runs\effnetb0\seed1234
[03:57:53] splits: train=644 val(source)=162 test77=418
[03:57:55] trainable=4.02M / total=4.02M  feat_dim=1280
[03:57:55] epochs=100 steps/epoch=40 total_steps=4000 lr=0.0003 wd=0.05 batch=16 warmup_ep=3 ema_decay=0.999 ema_start=5
[03:58:10] ep 005/100 loss=0.3444 val_ema=0.1605/0.0609 test77_ema=0.0574/0.0416 lr=3.00e-04
[03:58:30] ep 010/100 loss=0.2968 val_ema=0.1420/0.0803 test77_ema=0.0789/0.0736 lr=2.96e-04
[03:58:48] ep 015/100 loss=0.2750 val_ema=0.2469/0.1858 test77_ema=0.1435/0.0822 lr=2.89e-04
[03:59:09] ep 020/100 loss=0.2799 val_ema=0.4506/0.4000 test77_ema=0.2057/0.1143 lr=2.78e-04
[03:59:28] ep 025/100 loss=0.2674 val_ema=0.6975/0.6986 test77_ema=0.2488/0.1353 lr=2.64e-04
[03:59:48] ep 030/100 loss=0.2640 val_ema=0.8333/0.8363 test77_ema=0.2464/0.1386 lr=2.46e-04
[04:00:07] ep 035/100 loss=0.2625 val_ema=0.8704/0.8712 test77_ema=0.2297/0.1297 lr=2.27e-04
[04:00:27] ep 040/100 loss=0.2602 val_ema=0.9136/0.9136 test77_ema=0.2488/0.1395 lr=2.05e-04
[04:00:46] ep 045/100 loss=0.2597 val_ema=0.9383/0.9380 test77_ema=0.2368/0.1191 lr=1.81e-04
[04:01:06] ep 050/100 loss=0.2597 val_ema=0.9444/0.9440 test77_ema=0.2464/0.1179 lr=1.57e-04
[04:01:25] ep 055/100 loss=0.2587 val_ema=0.9630/0.9630 test77_ema=0.2464/0.1151 lr=1.33e-04
[04:01:46] ep 060/100 loss=0.2579 val_ema=0.9630/0.9632 test77_ema=0.2321/0.1196 lr=1.09e-04
[04:02:04] ep 065/100 loss=0.2585 val_ema=0.9691/0.9688 test77_ema=0.2512/0.1147 lr=8.66e-05
[04:02:23] ep 070/100 loss=0.2585 val_ema=0.9753/0.9756 test77_ema=0.2512/0.1170 lr=6.55e-05
[04:02:41] ep 075/100 loss=0.2576 val_ema=0.9630/0.9632 test77_ema=0.2464/0.1144 lr=4.66e-05
[04:03:00] ep 080/100 loss=0.2576 val_ema=0.9630/0.9632 test77_ema=0.2584/0.1191 lr=3.05e-05
[04:03:20] ep 085/100 loss=0.2575 val_ema=0.9815/0.9817 test77_ema=0.2536/0.1168 lr=1.74e-05
[04:03:40] ep 090/100 loss=0.2575 val_ema=0.9753/0.9749 test77_ema=0.2512/0.1158 lr=7.84e-06
[04:04:00] ep 095/100 loss=0.2574 val_ema=0.9815/0.9810 test77_ema=0.2488/0.1153 lr=1.98e-06
[04:04:18] ep 100/100 loss=0.2577 val_ema=0.9753/0.9749 test77_ema=0.2368/0.1102 lr=4.92e-11
[04:04:18] DONE effnetb0 seed1234: final-EMA test77 acc/f1=0.2368/0.1102 src-val f1=0.9749 gap=+0.8647 (6.4 min)  saved pool_ep100_ema.pt
=== exit 0 ===

=== [04:04:19] G:\zhanghe\Letter journal\EXPERIMENTSRESULT\REVISION_5090\public_baseline\pb_train_generic.py --backbone convnext_t --seed 1234 --epochs 100 --run-dir G:\zhanghe\Letter journal\EXPERIMENTSRESULT\REVISION_5090\public_baseline\runs\convnext_t\seed1234 ===
[04:04:22] backbone=convnext_t (convnext_tiny.fb_in1k) seed=1234 device=cuda run_dir=G:\zhanghe\Letter journal\EXPERIMENTSRESULT\REVISION_5090\public_baseline\runs\convnext_t\seed1234
[04:04:22] splits: train=644 val(source)=162 test77=418
Warning: You are sending unauthenticated requests to the HF Hub. Please set a HF_TOKEN to enable higher rate limits and faster downloads.
[04:04:24] trainable=27.83M / total=27.83M  feat_dim=768
[04:04:24] epochs=100 steps/epoch=40 total_steps=4000 lr=0.0003 wd=0.05 batch=16 warmup_ep=3 ema_decay=0.999 ema_start=5
[04:04:45] ep 005/100 loss=0.2958 val_ema=0.1667/0.0950 test77_ema=0.1555/0.0575 lr=3.00e-04
[04:04:55] ep 010/100 loss=0.2595 val_ema=0.5988/0.5779 test77_ema=0.1603/0.0653 lr=2.96e-04
[04:05:03] ep 015/100 loss=0.2581 val_ema=0.9136/0.9137 test77_ema=0.1818/0.0943 lr=2.89e-04
[04:05:15] ep 020/100 loss=0.2577 val_ema=0.9383/0.9364 test77_ema=0.2153/0.1334 lr=2.78e-04
[04:05:27] ep 025/100 loss=0.2573 val_ema=0.9444/0.9432 test77_ema=0.2488/0.1567 lr=2.64e-04
[04:05:39] ep 030/100 loss=0.2570 val_ema=0.9568/0.9556 test77_ema=0.2751/0.1745 lr=2.46e-04
[04:05:50] ep 035/100 loss=0.2568 val_ema=0.9568/0.9556 test77_ema=0.2823/0.1750 lr=2.27e-04
[04:06:04] ep 040/100 loss=0.2566 val_ema=0.9568/0.9556 test77_ema=0.2823/0.1717 lr=2.05e-04
[04:06:16] ep 045/100 loss=0.2562 val_ema=0.9691/0.9689 test77_ema=0.2823/0.1711 lr=1.81e-04
[04:06:29] ep 050/100 loss=0.2563 val_ema=0.9691/0.9689 test77_ema=0.2847/0.1745 lr=1.57e-04
[04:06:39] ep 055/100 loss=0.2559 val_ema=0.9691/0.9689 test77_ema=0.2871/0.1737 lr=1.33e-04
[04:06:52] ep 060/100 loss=0.2559 val_ema=0.9630/0.9624 test77_ema=0.2919/0.1800 lr=1.09e-04
[04:07:04] ep 065/100 loss=0.2558 val_ema=0.9630/0.9624 test77_ema=0.2943/0.1855 lr=8.66e-05
[04:07:17] ep 070/100 loss=0.2557 val_ema=0.9630/0.9624 test77_ema=0.2967/0.1870 lr=6.55e-05
[04:07:30] ep 075/100 loss=0.2556 val_ema=0.9630/0.9624 test77_ema=0.2990/0.1921 lr=4.66e-05
[04:07:40] ep 080/100 loss=0.2555 val_ema=0.9630/0.9624 test77_ema=0.2990/0.1937 lr=3.05e-05
[04:07:53] ep 085/100 loss=0.2555 val_ema=0.9630/0.9624 test77_ema=0.3062/0.2041 lr=1.74e-05
[04:08:05] ep 090/100 loss=0.2553 val_ema=0.9630/0.9624 test77_ema=0.3062/0.2059 lr=7.84e-06
[04:08:18] ep 095/100 loss=0.2554 val_ema=0.9630/0.9624 test77_ema=0.3110/0.2137 lr=1.98e-06
[04:08:31] ep 100/100 loss=0.2555 val_ema=0.9630/0.9624 test77_ema=0.3158/0.2192 lr=4.92e-11
[04:08:31] DONE convnext_t seed1234: final-EMA test77 acc/f1=0.3158/0.2192 src-val f1=0.9624 gap=+0.7432 (4.1 min)  saved pool_ep100_ema.pt
=== exit 0 ===

=== [04:08:32] G:\zhanghe\Letter journal\EXPERIMENTSRESULT\REVISION_5090\public_baseline\pb_train_generic.py --backbone swin_t --seed 1234 --epochs 100 --run-dir G:\zhanghe\Letter journal\EXPERIMENTSRESULT\REVISION_5090\public_baseline\runs\swin_t\seed1234 ===
[04:08:34] backbone=swin_t (swin_tiny_patch4_window7_224.ms_in1k) seed=1234 device=cuda run_dir=G:\zhanghe\Letter journal\EXPERIMENTSRESULT\REVISION_5090\public_baseline\runs\swin_t\seed1234
[04:08:34] splits: train=644 val(source)=162 test77=418
[04:08:37] trainable=27.53M / total=27.53M  feat_dim=768
[04:08:37] epochs=100 steps/epoch=40 total_steps=4000 lr=0.0003 wd=0.05 batch=16 warmup_ep=3 ema_decay=0.999 ema_start=5
[04:08:51] ep 005/100 loss=0.4170 val_ema=0.1543/0.1100 test77_ema=0.1196/0.0343 lr=3.00e-04
[04:09:07] ep 010/100 loss=0.3220 val_ema=0.8395/0.8421 test77_ema=0.1435/0.0413 lr=2.96e-04
[04:09:23] ep 015/100 loss=0.3112 val_ema=0.9074/0.9078 test77_ema=0.2464/0.1851 lr=2.89e-04
[04:09:39] ep 020/100 loss=0.2792 val_ema=0.9383/0.9376 test77_ema=0.3660/0.2732 lr=2.78e-04
[04:09:55] ep 025/100 loss=0.3771 val_ema=0.9506/0.9508 test77_ema=0.4115/0.3116 lr=2.64e-04
[04:10:11] ep 030/100 loss=0.2897 val_ema=0.9506/0.9507 test77_ema=0.4306/0.3303 lr=2.46e-04
[04:10:29] ep 035/100 loss=0.2610 val_ema=0.9506/0.9507 test77_ema=0.4402/0.3405 lr=2.27e-04
[04:10:45] ep 040/100 loss=0.2658 val_ema=0.9506/0.9514 test77_ema=0.4474/0.3556 lr=2.05e-04
[04:11:02] ep 045/100 loss=0.2586 val_ema=0.9630/0.9637 test77_ema=0.4522/0.3569 lr=1.81e-04
[04:11:18] ep 050/100 loss=0.2683 val_ema=0.9568/0.9580 test77_ema=0.4545/0.3582 lr=1.57e-04
[04:11:34] ep 055/100 loss=0.2566 val_ema=0.9506/0.9521 test77_ema=0.4402/0.3427 lr=1.33e-04
[04:11:50] ep 060/100 loss=0.2681 val_ema=0.9630/0.9638 test77_ema=0.4450/0.3433 lr=1.09e-04
[04:12:06] ep 065/100 loss=0.2562 val_ema=0.9568/0.9581 test77_ema=0.4522/0.3463 lr=8.66e-05
[04:12:22] ep 070/100 loss=0.2562 val_ema=0.9568/0.9581 test77_ema=0.4498/0.3414 lr=6.55e-05
[04:12:38] ep 075/100 loss=0.2560 val_ema=0.9630/0.9642 test77_ema=0.4569/0.3460 lr=4.66e-05
[04:12:49] ep 080/100 loss=0.2559 val_ema=0.9630/0.9642 test77_ema=0.4569/0.3446 lr=3.05e-05
[04:12:55] ep 085/100 loss=0.2558 val_ema=0.9630/0.9642 test77_ema=0.4545/0.3429 lr=1.74e-05
[04:13:02] ep 090/100 loss=0.2559 val_ema=0.9630/0.9642 test77_ema=0.4545/0.3428 lr=7.84e-06
[04:13:08] ep 095/100 loss=0.2558 val_ema=0.9568/0.9583 test77_ema=0.4545/0.3411 lr=1.98e-06
[04:13:15] ep 100/100 loss=0.2557 val_ema=0.9568/0.9583 test77_ema=0.4545/0.3410 lr=4.92e-11
[04:13:15] DONE swin_t seed1234: final-EMA test77 acc/f1=0.4545/0.3410 src-val f1=0.9583 gap=+0.6173 (4.6 min)  saved pool_ep100_ema.pt
=== exit 0 ===

=== [04:13:16] G:\zhanghe\Letter journal\EXPERIMENTSRESULT\REVISION_5090\public_baseline\pb_train_generic.py --backbone convnextv2_t --seed 1234 --epochs 100 --run-dir G:\zhanghe\Letter journal\EXPERIMENTSRESULT\REVISION_5090\public_baseline\runs\convnextv2_t\seed1234 ===
[04:13:18] backbone=convnextv2_t (convnextv2_tiny.fcmae_ft_in1k) seed=1234 device=cuda run_dir=G:\zhanghe\Letter journal\EXPERIMENTSRESULT\REVISION_5090\public_baseline\runs\convnextv2_t\seed1234
[04:13:18] splits: train=644 val(source)=162 test77=418
Warning: You are sending unauthenticated requests to the HF Hub. Please set a HF_TOKEN to enable higher rate limits and faster downloads.
[04:13:21] trainable=27.87M / total=27.87M  feat_dim=768
[04:13:21] epochs=100 steps/epoch=40 total_steps=4000 lr=0.0003 wd=0.05 batch=16 warmup_ep=3 ema_decay=0.999 ema_start=5
